#Test Results (version 2)
#Mon Apr 29 00:37:56 UTC 2024
#-----testdescription-----
$file=/home/runner/work/openjdk/openjdk/test/jdk/jdk/jfr/event/gc/collection/TestGCGarbageCollectionEvent.java
$root=/home/runner/work/openjdk/openjdk/test/jdk
keywords=jfr othervm
library=/test/lib
modules=jdk.jfr java.management
requires=vm.hasJFR
run=USER_SPECIFIED main/othervm -Xlog\:gc*\=debug -XX\:+UnlockExperimentalVMOptions -XX\:-UseFastUnorderedTimeStamps jdk.jfr.event.gc.collection.TestGCGarbageCollectionEvent\n
source=TestGCGarbageCollectionEvent.java
title=\ 

#-----environment-----

#-----testresult-----
description=file\:/home/runner/work/openjdk/openjdk/test/jdk/jdk/jfr/event/gc/collection/TestGCGarbageCollectionEvent.java
elapsed=946 0\:00\:00.946
end=Mon Apr 29 00\:37\:56 UTC 2024
environment=regtest
execStatus=Passed. Execution successful
harnessLoaderMode=Classpath Loader
harnessVariety=Full Bundle
hostname=fv-az1153-853.j2xen23xrnaetdgy434mngmvif.cx.internal.cloudapp.net
javatestOS=Linux 6.5.0-1018-azure (amd64)
javatestVersion=6.0-ea+b24-2024-04-28-${BUILT_FROM_COMMIT}
jtregVersion=jtreg 7.3.1 dev 0
modules=jdk.jfr java.management
script=com.sun.javatest.regtest.exec.RegressionScript
sections=script_messages build compile main
start=Mon Apr 29 00\:37\:55 UTC 2024
test=jdk/jfr/event/gc/collection/TestGCGarbageCollectionEvent.java
testJDK=/home/runner/work/openjdk/openjdk/bundles/jdk/jdk-23
testJDK_OS=[name\:Linux,arch\:i386,version\:6.5.0-1018-azure,family\:linux,simple_arch\:i586,simple_version\:6.5,processors\:4,maxMemory\:16757346304,maxSwap\:4294963200]
testJDK_os.arch=i386
testJDK_os.name=Linux
testJDK_os.version=6.5.0-1018-azure
totalTime=947
user.name=runner
work=/home/runner/work/openjdk/openjdk/build/run-test-prebuilt/test-support/jtreg_test_jdk_tier1/jdk/jfr/event/gc/collection

#section:script_messages
----------messages:(7/544)----------
JDK under test: /home/runner/work/openjdk/openjdk/bundles/jdk/jdk-23
openjdk version "23-internal" 2024-09-17
OpenJDK Runtime Environment (build 23-internal-dubi253-4c630b0b2463c476ae1e6c8cae3ae981b793158c)
OpenJDK Server VM (build 23-internal-dubi253-4c630b0b2463c476ae1e6c8cae3ae981b793158c, mixed mode, sharing)
Library /test/lib; kind: packages
   source directory: /home/runner/work/openjdk/openjdk/test/lib
   class directory: /home/runner/work/openjdk/openjdk/build/run-test-prebuilt/test-support/jtreg_test_jdk_tier1/classes/1/test/lib

#section:build
----------messages:(7/302)----------
command: build jdk.jfr.event.gc.collection.TestGCGarbageCollectionEvent
reason: Named class compiled on demand
started: Mon Apr 29 00:37:55 UTC 2024
Test directory:
  compile: jdk.jfr.event.gc.collection.TestGCGarbageCollectionEvent
finished: Mon Apr 29 00:37:55 UTC 2024
elapsed time (seconds): 0.114
result: Passed. Build successful

#section:compile
----------messages:(8/377)----------
command: compile /home/runner/work/openjdk/openjdk/test/jdk/jdk/jfr/event/gc/collection/TestGCGarbageCollectionEvent.java
reason: .class file out of date or does not exist
started: Mon Apr 29 00:37:55 UTC 2024
Additional options from @modules: --add-modules jdk.jfr,java.management
Mode: agentvm
Agent id: 1
finished: Mon Apr 29 00:37:55 UTC 2024
elapsed time (seconds): 0.114
----------configuration:(13/937)----------
Boot Layer (javac runtime environment)
  class path: /home/runner/work/openjdk/openjdk/jtreg/installed/lib/javatest.jar 
              /home/runner/work/openjdk/openjdk/jtreg/installed/lib/jtreg.jar 
  patch:      java.base /home/runner/work/openjdk/openjdk/build/run-test-prebuilt/test-support/jtreg_test_jdk_tier1/patches/java.base

javac compilation environment
  add modules: jdk.jfr java.management
  source path: /home/runner/work/openjdk/openjdk/test/jdk/jdk/jfr/event/gc/collection
               /home/runner/work/openjdk/openjdk/test/lib
  class path:  /home/runner/work/openjdk/openjdk/test/jdk/jdk/jfr/event/gc/collection
               /home/runner/work/openjdk/openjdk/build/run-test-prebuilt/test-support/jtreg_test_jdk_tier1/classes/1/jdk/jfr/event/gc/collection/TestGCGarbageCollectionEvent.d
               /home/runner/work/openjdk/openjdk/build/run-test-prebuilt/test-support/jtreg_test_jdk_tier1/classes/1/test/lib

----------rerun:(37/3952)*----------
cd /home/runner/work/openjdk/openjdk/build/run-test-prebuilt/test-support/jtreg_test_jdk_tier1/scratch/1 && \\
HOME=/home/runner \\
LANG=C.UTF-8 \\
LC_ALL=C \\
PATH=/bin:/usr/bin:/usr/sbin \\
TEST_IMAGE_DIR=/home/runner/work/openjdk/openjdk/bundles/tests \\
XDG_CONFIG_HOME=/home/runner/.config \\
XDG_RUNTIME_DIR=/run/user/1001 \\
_JVM_DWARF_PATH=/home/runner/work/openjdk/openjdk/bundles/symbols/jdk-23 \\
    /home/runner/work/openjdk/openjdk/bundles/jdk/jdk-23/bin/javac \\
        -J-Xmx768m \\
        -J-XX:MaxRAMPercentage=12.5 \\
        -J-Dtest.boot.jdk=/home/runner/work/openjdk/openjdk/bootjdk/jdk \\
        -J-Djava.io.tmpdir=/home/runner/work/openjdk/openjdk/build/run-test-prebuilt/test-support/jtreg_test_jdk_tier1/tmp \\
        -J-ea \\
        -J-esa \\
        -J-Dtest.vm.opts='-Xmx768m -XX:MaxRAMPercentage=12.5 -Dtest.boot.jdk=/home/runner/work/openjdk/openjdk/bootjdk/jdk -Djava.io.tmpdir=/home/runner/work/openjdk/openjdk/build/run-test-prebuilt/test-support/jtreg_test_jdk_tier1/tmp -ea -esa' \\
        -J-Dtest.tool.vm.opts='-J-Xmx768m -J-XX:MaxRAMPercentage=12.5 -J-Dtest.boot.jdk=/home/runner/work/openjdk/openjdk/bootjdk/jdk -J-Djava.io.tmpdir=/home/runner/work/openjdk/openjdk/build/run-test-prebuilt/test-support/jtreg_test_jdk_tier1/tmp -J-ea -J-esa' \\
        -J-Dtest.compiler.opts= \\
        -J-Dtest.java.opts=-XX:-CreateCoredumpOnCrash \\
        -J-Dtest.jdk=/home/runner/work/openjdk/openjdk/bundles/jdk/jdk-23 \\
        -J-Dcompile.jdk=/home/runner/work/openjdk/openjdk/bundles/jdk/jdk-23 \\
        -J-Dtest.timeout.factor=4.0 \\
        -J-Dtest.nativepath=/home/runner/work/openjdk/openjdk/bundles/tests/jdk/jtreg/native \\
        -J-Dtest.root=/home/runner/work/openjdk/openjdk/test/jdk \\
        -J-Dtest.name=jdk/jfr/event/gc/collection/TestGCGarbageCollectionEvent.java \\
        -J-Dtest.file=/home/runner/work/openjdk/openjdk/test/jdk/jdk/jfr/event/gc/collection/TestGCGarbageCollectionEvent.java \\
        -J-Dtest.src=/home/runner/work/openjdk/openjdk/test/jdk/jdk/jfr/event/gc/collection \\
        -J-Dtest.src.path=/home/runner/work/openjdk/openjdk/test/jdk/jdk/jfr/event/gc/collection:/home/runner/work/openjdk/openjdk/test/lib \\
        -J-Dtest.classes=/home/runner/work/openjdk/openjdk/build/run-test-prebuilt/test-support/jtreg_test_jdk_tier1/classes/1/jdk/jfr/event/gc/collection/TestGCGarbageCollectionEvent.d \\
        -J-Dtest.class.path=/home/runner/work/openjdk/openjdk/build/run-test-prebuilt/test-support/jtreg_test_jdk_tier1/classes/1/jdk/jfr/event/gc/collection/TestGCGarbageCollectionEvent.d:/home/runner/work/openjdk/openjdk/build/run-test-prebuilt/test-support/jtreg_test_jdk_tier1/classes/1/test/lib \\
        -J-Dtest.class.path.prefix=/home/runner/work/openjdk/openjdk/build/run-test-prebuilt/test-support/jtreg_test_jdk_tier1/classes/1/jdk/jfr/event/gc/collection/TestGCGarbageCollectionEvent.d:/home/runner/work/openjdk/openjdk/test/jdk/jdk/jfr/event/gc/collection:/home/runner/work/openjdk/openjdk/build/run-test-prebuilt/test-support/jtreg_test_jdk_tier1/classes/1/test/lib \\
        -J-Dtest.modules='jdk.jfr java.management' \\
        --add-modules jdk.jfr,java.management \\
        -d /home/runner/work/openjdk/openjdk/build/run-test-prebuilt/test-support/jtreg_test_jdk_tier1/classes/1/jdk/jfr/event/gc/collection/TestGCGarbageCollectionEvent.d \\
        -sourcepath /home/runner/work/openjdk/openjdk/test/jdk/jdk/jfr/event/gc/collection:/home/runner/work/openjdk/openjdk/test/lib \\
        -classpath /home/runner/work/openjdk/openjdk/test/jdk/jdk/jfr/event/gc/collection:/home/runner/work/openjdk/openjdk/build/run-test-prebuilt/test-support/jtreg_test_jdk_tier1/classes/1/jdk/jfr/event/gc/collection/TestGCGarbageCollectionEvent.d:/home/runner/work/openjdk/openjdk/build/run-test-prebuilt/test-support/jtreg_test_jdk_tier1/classes/1/test/lib /home/runner/work/openjdk/openjdk/test/jdk/jdk/jfr/event/gc/collection/TestGCGarbageCollectionEvent.java
----------direct:(4/330)----------
Note: /home/runner/work/openjdk/openjdk/test/lib/jdk/test/lib/jfr/Events.java uses or overrides a deprecated API.
Note: Recompile with -Xlint:deprecation for details.
Note: /home/runner/work/openjdk/openjdk/test/lib/jdk/test/lib/Asserts.java uses unchecked or unsafe operations.
Note: Recompile with -Xlint:unchecked for details.
result: Passed. Compilation successful

#section:main
----------messages:(7/553)----------
command: main -Xlog:gc*=debug -XX:+UnlockExperimentalVMOptions -XX:-UseFastUnorderedTimeStamps jdk.jfr.event.gc.collection.TestGCGarbageCollectionEvent
reason: User specified action: run main/othervm -Xlog:gc*=debug -XX:+UnlockExperimentalVMOptions -XX:-UseFastUnorderedTimeStamps jdk.jfr.event.gc.collection.TestGCGarbageCollectionEvent 
started: Mon Apr 29 00:37:55 UTC 2024
Mode: othervm [/othervm specified]
Additional options from @modules: --add-modules jdk.jfr,java.management
finished: Mon Apr 29 00:37:56 UTC 2024
elapsed time (seconds): 0.831
----------configuration:(3/51)----------
Boot Layer
  add modules: jdk.jfr java.management

----------System.out:(330/34219)----------
[0.004s][info][gc,init] CardTable entry size: 512
[0.004s][debug][gc,heap] Minimum heap 6291456  Initial heap 262144000  Maximum heap 805306368
[0.004s][debug][gc,remset] Card Set container configuration: InlinePtr #cards 2 size 4 Array Of Cards #cards 8 size 28 Howl #buckets 8 coarsen threshold 1843 Howl Bitmap #cards 256 size 40 coarsen threshold 230 Card regions per heap region 1 cards per card region 2048
[0.004s][info ][gc       ] Using G1
[0.005s][debug][gc       ] ConcGCThreads: 1 offset 8
[0.005s][debug][gc       ] ParallelGCThreads: 4
[0.005s][debug][gc       ] Initialize mark stack with 64 chunks, maximum 4194304
[0.005s][debug][gc,ergo,heap] Expand the heap. requested expansion amount: 262144000B expansion amount: 262144000B
[0.008s][debug][gc,heap,region] Activate regions [0, 250)
[0.008s][debug][gc,ihop       ] Target occupancy update: old: 0B, new: 262144000B
[0.008s][debug][gc,task       ] G1 Service Thread (Periodic GC Task) (register)
[0.008s][debug][gc,task       ] G1 Service Thread (Card Set Free Memory Task) (register)
[0.008s][info ][gc,init       ] Version: 23-internal-dubi253-4c630b0b2463c476ae1e6c8cae3ae981b793158c (release)
[0.008s][info ][gc,init       ] CPUs: 4 total, 4 available
[0.008s][info ][gc,init       ] Memory: 15981M
[0.008s][info ][gc,init       ] Large Page Support: Disabled
[0.008s][info ][gc,init       ] NUMA Support: Disabled
[0.008s][info ][gc,init       ] Compressed Oops: Disabled
[0.008s][info ][gc,init       ] Heap Region Size: 1M
[0.008s][info ][gc,init       ] Heap Min Capacity: 6M
[0.008s][info ][gc,init       ] Heap Initial Capacity: 250M
[0.008s][info ][gc,init       ] Heap Max Capacity: 768M
[0.008s][info ][gc,init       ] Pre-touch: Disabled
[0.008s][info ][gc,init       ] Parallel Workers: 4
[0.008s][info ][gc,init       ] Concurrent Workers: 1
[0.008s][info ][gc,init       ] Concurrent Refinement Workers: 4
[0.008s][info ][gc,init       ] Periodic GC: Disabled
[0.024s][debug][gc,task,start ] G1 Service Thread (Periodic GC Task) (run 16.248ms after schedule)
[0.025s][debug][gc,task       ] G1 Service Thread (Periodic GC Task) (run: 0.024ms) (cpu: 0.026ms)
[0.025s][debug][gc,task,start ] G1 Service Thread (Card Set Free Memory Task) (run 16.273ms after schedule)
[0.025s][debug][gc,task       ] G1 Service Thread (Card Set Free Memory Task) (run: 0.010ms) (cpu: 0.017ms)
[0.558s][info ][gc,start      ] GC(0) Pause Young (Normal) (G1 Evacuation Pause)
[0.558s][debug][gc,heap       ] GC(0) Heap before GC invocations=0 (full 0):
[0.559s][debug][gc,heap       ] GC(0)  garbage-first heap   total reserved 786432K, committed 256000K, used 13312K [0xac200000, 0xdc200000)
[0.559s][debug][gc,heap       ] GC(0)   region size 1024K, 14 young (14336K), 0 survivors (0K)
[0.559s][debug][gc,heap       ] GC(0)  Metaspace       used 3320K, committed 3392K, reserved 16384K
[0.559s][info ][gc,task       ] GC(0) Using 4 workers of 4 for evacuation
[0.559s][debug][gc,age        ] GC(0) Desired survivor size 1048576 bytes, new threshold 15 (max threshold 15)
[0.559s][debug][gc,tlab       ] GC(0) TLAB totals: thrds: 5  refills: 55 max: 46 slow allocs: 5 max 4 waste:  7.5% gc: 1038256B max: 293296B slow: 37280B max: 32520B
[0.559s][debug][gc,refine,stats] GC(0) Mutator refinement: 0.00ms, refined: 0, precleaned: 0, dirtied: 0
[0.559s][debug][gc,refine,stats] GC(0) Concurrent refinement: 0.00ms, refined: 0, precleaned: 0, dirtied: 0
[0.559s][debug][gc,refine,stats] GC(0) Total refinement: 0.00ms, refined: 0, precleaned: 0, dirtied: 0
[0.559s][debug][gc,refine,stats] GC(0) Generate dirty cards rate: 0.00 cards/ms
[0.559s][debug][gc,alloc,region] GC(0) Mutator Allocation stats, regions: 14, wasted size: 0B ( 0.0%)
[0.559s][debug][gc,ergo,cset   ] GC(0) No candidates to reclaim.
[0.559s][debug][gc,ergo        ] GC(0) Running G1 Merge Heap Roots using 4 workers for 14 regions
[0.559s][debug][gc,remset      ] GC(0) Visited cards 0 Total dirty 0 (0.00%) Total old 57344 (0.00%)
[0.563s][debug][gc,ref         ] GC(0) ReferenceProcessor::execute queues: 1, RefProcThreadModel::Single, marks_oops_alive: false
[0.563s][debug][gc,ref         ] GC(0) Skipped KeepAliveFinalRefsPhase of Reference Processing: no references
[0.563s][debug][gc,ref         ] GC(0) ReferenceProcessor::execute queues: 1, RefProcThreadModel::Single, marks_oops_alive: false
[0.564s][debug][gc,ergo        ] GC(0) Running G1 Rebuild Free List Task using 4 workers for rebuilding free list of regions
[0.564s][debug][gc,plab        ] GC(0) Young PLAB allocation: allocated: 1867808B, wasted: 4656B, unused: 0B, used: 1863152B, undo waste: 0B, 
[0.564s][debug][gc,plab        ] GC(0) Young other allocation: region end waste: 0B, regions filled: 2, num plab filled: 50, direct allocated: 229344B, num direct allocated: 2, failure used: 0B, failure wasted: 0B
[0.564s][debug][gc,plab        ] GC(0) Young sizing: calculated: 372628B, actual: 372628B
[0.564s][debug][gc,plab        ] GC(0) Old PLAB allocation: allocated: 577536B, wasted: 3912B, unused: 35864B, used: 537760B, undo waste: 0B, 
[0.564s][debug][gc,plab        ] GC(0) Old other allocation: region end waste: 0B, regions filled: 1, num plab filled: 51, direct allocated: 12808B, num direct allocated: 4, failure used: 0B, failure wasted: 0B
[0.564s][debug][gc,plab        ] GC(0) Old sizing: calculated: 107552B, actual: 107552B
[0.564s][debug][gc,ergo,heap   ] GC(0) Heap expansion: short term pause time ratio 0.00% long term pause time ratio 0.00% threshold 5.01% pause time ratio 7.69% fully expanded false resize by 0B
[0.564s][debug][gc,mmu         ] GC(0) MMU: 4.9ms (200.0ms/201.0ms)
[0.564s][debug][gc,alloc,stats ] Old generation allocation in the last mutator period, old gen allocated: 577536B, humongous allocated: 0B, old gen growth: 577536B.
[0.564s][debug][gc,ihop        ] GC(0) Basic information (value update), threshold: 117964800B (45.00), target occupancy: 262144000B, current occupancy: 2687496B, recent allocation size: 577536B, recent allocation duration: 554.48ms, recent old gen allocation rate: 1041580.68B/s, recent marking phase length: 0.00ms
[0.564s][debug][gc,ihop        ] GC(0) Adaptive IHOP information (value update), threshold: 117964800B (47.37), internal target occupancy: 249036800B, occupancy: 2687496B, additional buffer size: 20971520B, predicted old gen allocation rate: 2083161.36B/s, predicted marking phase length: 0.00ms, prediction active: false
[0.564s][debug][gc,ergo,refine ] GC(0) GC refinement: goal: 4294967295 + 0 / 20.00ms, actual: 0 / 0.00ms, 
[0.564s][debug][gc,ergo,refine ] GC(0) Unchanged pending cards target: 4294967295
[0.564s][info ][gc,phases      ] GC(0)   Pre Evacuate Collection Set: 0.09ms
[0.564s][debug][gc,phases      ] GC(0)     Pre Evacuate Prepare: 0.04ms
[0.564s][debug][gc,phases      ] GC(0)       JT Retire TLABs And Flush Logs (ms): Min: 0.00, Avg: 0.00, Max: 0.01, Diff: 0.01, Sum: 0.01, Workers: 2
[0.564s][debug][gc,phases      ] GC(0)       Non-JT Flush Logs (ms):        Min: 0.00, Avg: 0.00, Max: 0.00, Diff: 0.00, Sum: 0.00, Workers: 1
[0.564s][debug][gc,phases      ] GC(0)     Choose Collection Set: 0.00ms
[0.564s][debug][gc,phases      ] GC(0)     Region Register: 0.05ms
[0.564s][debug][gc,phases      ] GC(0)     Prepare Heap Roots: 0.00ms
[0.564s][info ][gc,phases      ] GC(0)   Merge Heap Roots: 0.09ms
[0.564s][debug][gc,phases      ] GC(0)     Prepare Merge Heap Roots: 0.02ms
[0.564s][debug][gc,phases      ] GC(0)     Remembered Sets (ms):          Min: 0.00, Avg: 0.00, Max: 0.00, Diff: 0.00, Sum: 0.00, Workers: 4
[0.564s][debug][gc,phases      ] GC(0)       Eager Reclaim (ms):            skipped
[0.564s][debug][gc,phases      ] GC(0)       Merged Inline:                 Min: 0, Avg:  0.0, Max: 0, Diff: 0, Sum: 0, Workers: 4
[0.564s][debug][gc,phases      ] GC(0)       Merged ArrayOfCards:           Min: 0, Avg:  0.0, Max: 0, Diff: 0, Sum: 0, Workers: 4
[0.564s][debug][gc,phases      ] GC(0)       Merged Howl:                   Min: 0, Avg:  0.0, Max: 0, Diff: 0, Sum: 0, Workers: 4
[0.564s][debug][gc,phases      ] GC(0)       Merged Full:                   Min: 0, Avg:  0.0, Max: 0, Diff: 0, Sum: 0, Workers: 4
[0.564s][debug][gc,phases      ] GC(0)       Merged Howl Inline:            Min: 0, Avg:  0.0, Max: 0, Diff: 0, Sum: 0, Workers: 4
[0.564s][debug][gc,phases      ] GC(0)       Merged Howl ArrayOfCards:      Min: 0, Avg:  0.0, Max: 0, Diff: 0, Sum: 0, Workers: 4
[0.564s][debug][gc,phases      ] GC(0)       Merged Howl BitMap:            Min: 0, Avg:  0.0, Max: 0, Diff: 0, Sum: 0, Workers: 4
[0.564s][debug][gc,phases      ] GC(0)       Merged Howl Full:              Min: 0, Avg:  0.0, Max: 0, Diff: 0, Sum: 0, Workers: 4
[0.564s][debug][gc,phases      ] GC(0)       Merged Cards:                  Min: 8, Avg:  8.0, Max: 8, Diff: 0, Sum: 32, Workers: 4
[0.564s][debug][gc,phases      ] GC(0)     Distribute Log Buffers: 0.00ms
[0.564s][debug][gc,phases      ] GC(0)     Log Buffers (ms):              Min: 0.00, Avg: 0.00, Max: 0.00, Diff: 0.00, Sum: 0.00, Workers: 4
[0.564s][debug][gc,phases      ] GC(0)       Dirty Cards:                   Min: 0, Avg:  0.0, Max: 0, Diff: 0, Sum: 0, Workers: 4
[0.564s][debug][gc,phases      ] GC(0)       Skipped Cards:                 Min: 0, Avg:  0.0, Max: 0, Diff: 0, Sum: 0, Workers: 4
[0.564s][info ][gc,phases      ] GC(0)   Evacuate Collection Set: 4.31ms
[0.564s][debug][gc,phases      ] GC(0)     Ext Root Scanning (ms):        Min: 0.00, Avg: 1.41, Max: 4.25, Diff: 4.25, Sum: 5.64, Workers: 4
[0.564s][debug][gc,phases      ] GC(0)     Scan Heap Roots (ms):          Min: 0.00, Avg: 0.00, Max: 0.00, Diff: 0.00, Sum: 0.00, Workers: 4
[0.564s][debug][gc,phases      ] GC(0)       Scanned Cards:                 Min: 0, Avg:  0.0, Max: 0, Diff: 0, Sum: 0, Workers: 4
[0.564s][debug][gc,phases      ] GC(0)       Scanned Blocks:                Min: 0, Avg:  0.0, Max: 0, Diff: 0, Sum: 0, Workers: 4
[0.564s][debug][gc,phases      ] GC(0)       Claimed Chunks:                Min: 0, Avg:  0.0, Max: 0, Diff: 0, Sum: 0, Workers: 4
[0.564s][debug][gc,phases      ] GC(0)       Found Roots:                   Min: 0, Avg:  0.0, Max: 0, Diff: 0, Sum: 0, Workers: 4
[0.564s][debug][gc,phases      ] GC(0)     Code Root Scan (ms):           Min: 0.00, Avg: 0.19, Max: 0.75, Diff: 0.75, Sum: 0.76, Workers: 4
[0.564s][debug][gc,phases      ] GC(0)       Scanned Nmethods:              Min: 0, Avg: 85.8, Max: 343, Diff: 343, Sum: 343, Workers: 4
[0.564s][debug][gc,phases      ] GC(0)     Object Copy (ms):              Min: 0.00, Avg: 1.54, Max: 3.38, Diff: 3.38, Sum: 6.18, Workers: 4
[0.564s][debug][gc,phases      ] GC(0)     Termination (ms):              Min: 0.00, Avg: 0.08, Max: 0.12, Diff: 0.12, Sum: 0.32, Workers: 4
[0.564s][debug][gc,phases      ] GC(0)       Termination Attempts:          Min: 1, Avg:  1.0, Max: 1, Diff: 0, Sum: 4, Workers: 4
[0.564s][debug][gc,phases      ] GC(0)     GC Worker Other (ms):          Min: 0.00, Avg: 0.01, Max: 0.01, Diff: 0.00, Sum: 0.02, Workers: 4
[0.564s][debug][gc,phases      ] GC(0)     GC Worker Total (ms):          Min: 0.10, Avg: 3.23, Max: 4.28, Diff: 4.18, Sum: 12.91, Workers: 4
[0.564s][info ][gc,phases      ] GC(0)   Post Evacuate Collection Set: 0.30ms
[0.564s][debug][gc,phases      ] GC(0)     NMethod List Cleanup: 0.01ms
[0.564s][debug][gc,phases      ] GC(0)     Reference Processing: 0.06ms
[0.564s][debug][gc,phases,ref  ] GC(0)       Notify Soft/WeakReferences: 0.0ms
[0.564s][debug][gc,phases,ref  ] GC(0)         SoftRef (ms):                  Min: 0.00, Avg: 0.00, Max: 0.00, Diff: 0.00, Sum: 0.00, Workers: 1
[0.564s][debug][gc,phases,ref  ] GC(0)         WeakRef (ms):                  Min: 0.02, Avg: 0.02, Max: 0.02, Diff: 0.00, Sum: 0.02, Workers: 1
[0.564s][debug][gc,phases,ref  ] GC(0)         FinalRef (ms):                 Min: 0.00, Avg: 0.00, Max: 0.00, Diff: 0.00, Sum: 0.00, Workers: 1
[0.564s][debug][gc,phases,ref  ] GC(0)         Total (ms):                    Min: 0.03, Avg: 0.03, Max: 0.03, Diff: 0.00, Sum: 0.03, Workers: 1
[0.564s][debug][gc,phases,ref  ] GC(0)       Notify and keep alive finalizable: 0.0ms
[0.564s][debug][gc,phases,ref  ] GC(0)         FinalRef (ms):                 skipped
[0.564s][debug][gc,phases,ref  ] GC(0)       Notify PhantomReferences: 0.0ms
[0.564s][debug][gc,phases,ref  ] GC(0)         PhantomRef (ms):               Min: 0.00, Avg: 0.00, Max: 0.00, Diff: 0.00, Sum: 0.00, Workers: 1
[0.564s][debug][gc,phases,ref  ] GC(0)       SoftReference Discovered: 0, Dropped: 0, Processed: 0
[0.564s][debug][gc,phases,ref  ] GC(0)       WeakReference Discovered: 539, Dropped: 375, Processed: 164
[0.564s][debug][gc,phases,ref  ] GC(0)       FinalReference Discovered: 0, Dropped: 0, Processed: 0
[0.564s][debug][gc,phases,ref  ] GC(0)       PhantomReference Discovered: 117, Dropped: 12, Processed: 105
[0.564s][debug][gc,phases      ] GC(0)     Weak Processing: 0.08ms
[0.564s][debug][gc,phases      ] GC(0)       VM Weak                        Min: 0.00, Avg: 0.00, Max: 0.00, Diff: 0.00, Sum: 0.00, Workers: 4
[0.564s][debug][gc,phases      ] GC(0)         Dead                           Min: 0, Avg:  0.0, Max: 0, Diff: 0, Sum: 0, Workers: 4
[0.564s][debug][gc,phases      ] GC(0)         Total                          Min: 0, Avg: 14.5, Max: 58, Diff: 58, Sum: 58, Workers: 4
[0.564s][debug][gc,phases      ] GC(0)       ObjectSynchronizer Weak        Min: 0.00, Avg: 0.00, Max: 0.00, Diff: 0.00, Sum: 0.00, Workers: 4
[0.564s][debug][gc,phases      ] GC(0)         Dead                           Min: 0, Avg:  0.0, Max: 0, Diff: 0, Sum: 0, Workers: 4
[0.564s][debug][gc,phases      ] GC(0)         Total                          Min: 0, Avg:  1.2, Max: 5, Diff: 5, Sum: 5, Workers: 4
[0.564s][debug][gc,phases      ] GC(0)       JVMTI Tag Weak OopStorage      Min: 0.00, Avg: 0.00, Max: 0.00, Diff: 0.00, Sum: 0.00, Workers: 4
[0.564s][debug][gc,phases      ] GC(0)         Dead                           Min: 0, Avg:  0.0, Max: 0, Diff: 0, Sum: 0, Workers: 4
[0.564s][debug][gc,phases      ] GC(0)         Total                          Min: 0, Avg:  0.0, Max: 0, Diff: 0, Sum: 0, Workers: 4
[0.564s][debug][gc,phases      ] GC(0)       StringTable Weak               Min: 0.00, Avg: 0.02, Max: 0.04, Diff: 0.04, Sum: 0.06, Workers: 4
[0.564s][debug][gc,phases      ] GC(0)         Dead                           Min: 0, Avg:  2.2, Max: 5, Diff: 5, Sum: 9, Workers: 4
[0.564s][debug][gc,phases      ] GC(0)         Total                          Min: 0, Avg: 1051.8, Max: 2848, Diff: 2848, Sum: 4207, Workers: 4
[0.564s][debug][gc,phases      ] GC(0)       ResolvedMethodTable Weak       Min: 0.00, Avg: 0.00, Max: 0.01, Diff: 0.01, Sum: 0.01, Workers: 4
[0.564s][debug][gc,phases      ] GC(0)         Dead                           Min: 0, Avg: 12.5, Max: 30, Diff: 30, Sum: 50, Workers: 4
[0.564s][debug][gc,phases      ] GC(0)         Total                          Min: 0, Avg: 118.0, Max: 256, Diff: 256, Sum: 472, Workers: 4
[0.564s][debug][gc,phases      ] GC(0)       JNI Weak                       Min: 0.00, Avg: 0.00, Max: 0.00, Diff: 0.00, Sum: 0.00, Workers: 4
[0.564s][debug][gc,phases      ] GC(0)         Dead                           Min: 0, Avg:  0.0, Max: 0, Diff: 0, Sum: 0, Workers: 4
[0.564s][debug][gc,phases      ] GC(0)         Total                          Min: 0, Avg:  0.0, Max: 0, Diff: 0, Sum: 0, Workers: 4
[0.564s][debug][gc,phases      ] GC(0)       StringDedup Table Weak         Min: 0.00, Avg: 0.00, Max: 0.00, Diff: 0.00, Sum: 0.00, Workers: 4
[0.564s][debug][gc,phases      ] GC(0)         Dead                           Min: 0, Avg:  0.0, Max: 0, Diff: 0, Sum: 0, Workers: 4
[0.564s][debug][gc,phases      ] GC(0)         Total                          Min: 0, Avg:  0.0, Max: 0, Diff: 0, Sum: 0, Workers: 4
[0.564s][debug][gc,phases      ] GC(0)       StringDedup Requests0 Weak     Min: 0.00, Avg: 0.00, Max: 0.00, Diff: 0.00, Sum: 0.00, Workers: 4
[0.564s][debug][gc,phases      ] GC(0)         Dead                           Min: 0, Avg:  0.0, Max: 0, Diff: 0, Sum: 0, Workers: 4
[0.564s][debug][gc,phases      ] GC(0)         Total                          Min: 0, Avg:  0.0, Max: 0, Diff: 0, Sum: 0, Workers: 4
[0.564s][debug][gc,phases      ] GC(0)       StringDedup Requests1 Weak     Min: 0.00, Avg: 0.00, Max: 0.00, Diff: 0.00, Sum: 0.00, Workers: 4
[0.564s][debug][gc,phases      ] GC(0)         Dead                           Min: 0, Avg:  0.0, Max: 0, Diff: 0, Sum: 0, Workers: 4
[0.564s][debug][gc,phases      ] GC(0)         Total                          Min: 0, Avg:  0.0, Max: 0, Diff: 0, Sum: 0, Workers: 4
[0.564s][debug][gc,phases      ] GC(0)       Weak JFR Old Object Samples    Min: 0.00, Avg: 0.00, Max: 0.00, Diff: 0.00, Sum: 0.00, Workers: 4
[0.564s][debug][gc,phases      ] GC(0)         Dead                           Min: 0, Avg:  0.0, Max: 0, Diff: 0, Sum: 0, Workers: 4
[0.564s][debug][gc,phases      ] GC(0)         Total                          Min: 0, Avg:  0.0, Max: 0, Diff: 0, Sum: 0, Workers: 4
[0.564s][debug][gc,phases      ] GC(0)     Post Evacuate Cleanup 1: 0.02ms
[0.564s][debug][gc,phases      ] GC(0)       Merge Per-Thread State (ms):   Min: 0.00, Avg: 0.00, Max: 0.00, Diff: 0.00, Sum: 0.00, Workers: 1
[0.564s][debug][gc,phases      ] GC(0)         Copied Bytes:                  Min: 0, Avg: 660766.0, Max: 1746616, Diff: 1746616, Sum: 2643064, Workers: 4
[0.564s][debug][gc,phases      ] GC(0)         LAB Waste:                     Min: 0, Avg: 2142.0, Max: 7456, Diff: 7456, Sum: 8568, Workers: 4
[0.564s][debug][gc,phases      ] GC(0)         LAB Undo Waste:                Min: 0, Avg:  0.0, Max: 0, Diff: 0, Sum: 0, Workers: 4
[0.564s][debug][gc,phases      ] GC(0)         Evac Fail Extra Cards:         Min: 0, Avg:  0.0, Max: 0, Diff: 0, Sum: 0, Workers: 4
[0.564s][debug][gc,phases      ] GC(0)       Clear Logged Cards (ms):       Min: 0.00, Avg: 0.00, Max: 0.00, Diff: 0.00, Sum: 0.00, Workers: 3
[0.564s][debug][gc,phases      ] GC(0)       Recalculate Used Memory (ms):  Min: 0.00, Avg: 0.00, Max: 0.00, Diff: 0.00, Sum: 0.00, Workers: 1
[0.564s][debug][gc,phases      ] GC(0)     Post Evacuate Cleanup 2: 0.06ms
[0.564s][debug][gc,phases      ] GC(0)       Update Derived Pointers (ms):  Min: 0.00, Avg: 0.00, Max: 0.00, Diff: 0.00, Sum: 0.00, Workers: 1
[0.564s][debug][gc,phases      ] GC(0)       Eagerly Reclaim Humongous Objects (ms): skipped
[0.564s][debug][gc,phases      ] GC(0)         Humongous Total:               skipped
[0.564s][debug][gc,phases      ] GC(0)         Humongous Candidates:          skipped
[0.564s][debug][gc,phases      ] GC(0)         Humongous Reclaimed:           skipped
[0.564s][debug][gc,phases      ] GC(0)       Redirty Logged Cards (ms):     Min: 0.00, Avg: 0.00, Max: 0.01, Diff: 0.01, Sum: 0.01, Workers: 4
[0.564s][debug][gc,phases      ] GC(0)         Redirtied Cards:               Min: 0, Avg: 321.0, Max: 1284, Diff: 1284, Sum: 1284, Workers: 4
[0.564s][debug][gc,phases      ] GC(0)       Resize TLABs (ms):             Min: 0.00, Avg: 0.00, Max: 0.00, Diff: 0.00, Sum: 0.00, Workers: 4
[0.564s][debug][gc,phases      ] GC(0)       Free Collection Set (ms):      Min: 0.00, Avg: 0.01, Max: 0.03, Diff: 0.03, Sum: 0.05, Workers: 4
[0.564s][debug][gc,phases      ] GC(0)     Rebuild Free List: 0.04ms
[0.564s][debug][gc,phases      ] GC(0)     Prepare For Mutator: 0.03ms
[0.564s][debug][gc,phases      ] GC(0)     Expand Heap After Collection: 0.00ms
[0.564s][info ][gc,phases      ] GC(0)   Other: 0.35ms
[0.564s][debug][gc,remset      ] GC(0) Coarsening (recent): Inline->AoC 0 (0) AoC->Howl 0 (0) Howl->Full 0 (0) Inline->AoC 0 (0) AoC->BitMap 0 (0) BitMap->Full 0 (0) 
[0.564s][debug][gc,remset      ] GC(0) Coarsening (all): Inline->AoC 0 (0) AoC->Howl 0 (0) Howl->Full 0 (0) Inline->AoC 0 (0) AoC->BitMap 0 (0) BitMap->Full 0 (0) 
[0.564s][info ][gc,heap        ] GC(0) Eden regions: 14->0(18)
[0.564s][info ][gc,heap        ] GC(0) Survivor regions: 0->2(2)
[0.564s][info ][gc,heap        ] GC(0) Old regions: 0->1
[0.564s][info ][gc,heap        ] GC(0) Humongous regions: 0->0
[0.564s][info ][gc,metaspace   ] GC(0) Metaspace: 3320K(3392K)->3320K(3392K)
[0.564s][debug][gc,heap        ] GC(0) Heap after GC invocations=1 (full 0):
[0.564s][debug][gc,heap        ] GC(0)  garbage-first heap   total reserved 786432K, committed 256000K, used 2624K [0xac200000, 0xdc200000)
[0.564s][debug][gc,heap        ] GC(0)   region size 1024K, 2 young (2048K), 2 survivors (2048K)
[0.564s][debug][gc,heap        ] GC(0)  Metaspace       used 3320K, committed 3392K, reserved 16384K
[0.564s][info ][gc             ] GC(0) Pause Young (Normal) (G1 Evacuation Pause) 14M->2M(250M) 5.610ms
[0.564s][info ][gc,cpu         ] GC(0) User=0.02s Sys=0.00s Real=0.01s
[0.564s][debug][gc,task,start  ] G1 Service Thread (Card Set Free Memory Task) (run 0.013ms after schedule)
[0.564s][debug][gc,task        ] G1 Service Thread (Card Set Free Memory Task) (run: 0.523ms) (cpu: 0.032ms)
[0.602s][info ][gc,start       ] GC(1) Pause Full (System.gc())
[0.602s][debug][gc,heap        ] GC(1) Heap before GC invocations=1 (full 0):
[0.602s][debug][gc,heap        ] GC(1)  garbage-first heap   total reserved 786432K, committed 256000K, used 4672K [0xac200000, 0xdc200000)
[0.602s][debug][gc,heap        ] GC(1)   region size 1024K, 5 young (5120K), 2 survivors (2048K)
[0.602s][debug][gc,heap        ] GC(1)  Metaspace       used 3362K, committed 3520K, reserved 16384K
[0.602s][debug][gc,task        ] GC(1) Requesting 4 active workers for full compaction (waste limited workers: 4, adaptive workers: 4, used limited workers: 6)
[0.602s][info ][gc,task        ] GC(1) Using 4 workers of 4 for full compaction
[0.602s][debug][gc,tlab        ] GC(1) TLAB totals: thrds: 4  refills: 13 max: 10 slow allocs: 3 max 3 waste: 20.8% gc: 514928B max: 230784B slow: 5256B max: 5256B
[0.602s][debug][gc,alloc,region] GC(1) Mutator Allocation stats, regions: 3, wasted size: 0B ( 0.0%)
[0.602s][info ][gc,phases,start] GC(1) Phase 1: Mark live objects
[0.604s][debug][gc,phases,start] GC(1) Phase 1: Reference Processing
[0.604s][debug][gc,ref         ] GC(1) ReferenceProcessor::execute queues: 1, RefProcThreadModel::Single, marks_oops_alive: false
[0.604s][debug][gc,ref         ] GC(1) Skipped KeepAliveFinalRefsPhase of Reference Processing: no references
[0.604s][debug][gc,ref         ] GC(1) ReferenceProcessor::execute queues: 1, RefProcThreadModel::Single, marks_oops_alive: false
[0.604s][debug][gc,phases,ref  ] GC(1) Reference Processing: 0.1ms
[0.604s][debug][gc,phases,ref  ] GC(1)   Notify Soft/WeakReferences: 0.1ms
[0.604s][debug][gc,phases,ref  ] GC(1)     SoftRef (ms):                  Min: 0.00, Avg: 0.00, Max: 0.00, Diff: 0.00, Sum: 0.00, Workers: 1
[0.604s][debug][gc,phases,ref  ] GC(1)     WeakRef (ms):                  Min: 0.01, Avg: 0.01, Max: 0.01, Diff: 0.00, Sum: 0.01, Workers: 1
[0.604s][debug][gc,phases,ref  ] GC(1)     FinalRef (ms):                 Min: 0.00, Avg: 0.00, Max: 0.00, Diff: 0.00, Sum: 0.00, Workers: 1
[0.604s][debug][gc,phases,ref  ] GC(1)     Total (ms):                    Min: 0.01, Avg: 0.01, Max: 0.01, Diff: 0.00, Sum: 0.01, Workers: 1
[0.604s][debug][gc,phases,ref  ] GC(1)   Notify and keep alive finalizable: 0.0ms
[0.605s][debug][gc,phases,ref  ] GC(1)     FinalRef (ms):                 skipped
[0.605s][debug][gc,phases,ref  ] GC(1)   Notify PhantomReferences: 0.0ms
[0.605s][debug][gc,phases,ref  ] GC(1)     PhantomRef (ms):               Min: 0.00, Avg: 0.00, Max: 0.00, Diff: 0.00, Sum: 0.00, Workers: 1
[0.605s][debug][gc,phases,ref  ] GC(1)   SoftReference Discovered: 0, Dropped: 0, Processed: 0
[0.605s][debug][gc,phases,ref  ] GC(1)   WeakReference Discovered: 279, Dropped: 278, Processed: 1
[0.605s][debug][gc,phases,ref  ] GC(1)   FinalReference Discovered: 0, Dropped: 0, Processed: 0
[0.605s][debug][gc,phases,ref  ] GC(1)   PhantomReference Discovered: 19, Dropped: 14, Processed: 5
[0.605s][debug][gc,phases      ] GC(1) Phase 1: Reference Processing 0.135ms
[0.605s][debug][gc,phases,start] GC(1) Phase 1: Flush Mark Stats Cache
[0.605s][debug][gc,phases      ] GC(1) Phase 1: Flush Mark Stats Cache 0.006ms
[0.605s][debug][gc,phases,start] GC(1) Phase 1: Weak Processing
[0.605s][debug][gc,phases      ] GC(1)   VM Weak                        Min: 0.00, Avg: 0.00, Max: 0.00, Diff: 0.00, Sum: 0.00, Workers: 4
[0.605s][debug][gc,phases      ] GC(1)     Dead                           Min: 0, Avg:  0.0, Max: 0, Diff: 0, Sum: 0, Workers: 4
[0.605s][debug][gc,phases      ] GC(1)     Total                          Min: 0, Avg: 14.8, Max: 32, Diff: 32, Sum: 59, Workers: 4
[0.605s][debug][gc,phases      ] GC(1)   ObjectSynchronizer Weak        Min: 0.00, Avg: 0.00, Max: 0.00, Diff: 0.00, Sum: 0.00, Workers: 4
[0.605s][debug][gc,phases      ] GC(1)     Dead                           Min: 0, Avg:  0.0, Max: 0, Diff: 0, Sum: 0, Workers: 4
[0.605s][debug][gc,phases      ] GC(1)     Total                          Min: 0, Avg:  1.2, Max: 5, Diff: 5, Sum: 5, Workers: 4
[0.605s][debug][gc,phases      ] GC(1)   JVMTI Tag Weak OopStorage      Min: 0.00, Avg: 0.00, Max: 0.00, Diff: 0.00, Sum: 0.00, Workers: 4
[0.605s][debug][gc,phases      ] GC(1)     Dead                           Min: 0, Avg:  0.0, Max: 0, Diff: 0, Sum: 0, Workers: 4
[0.605s][debug][gc,phases      ] GC(1)     Total                          Min: 0, Avg:  0.0, Max: 0, Diff: 0, Sum: 0, Workers: 4
[0.605s][debug][gc,phases      ] GC(1)   StringTable Weak               Min: 0.00, Avg: 0.01, Max: 0.02, Diff: 0.02, Sum: 0.04, Workers: 4
[0.605s][debug][gc,phases      ] GC(1)     Dead                           Min: 0, Avg:  0.0, Max: 0, Diff: 0, Sum: 0, Workers: 4
[0.605s][debug][gc,phases      ] GC(1)     Total                          Min: 0, Avg: 1061.5, Max: 2198, Diff: 2198, Sum: 4246, Workers: 4
[0.605s][debug][gc,phases      ] GC(1)   ResolvedMethodTable Weak       Min: 0.00, Avg: 0.00, Max: 0.00, Diff: 0.00, Sum: 0.01, Workers: 4
[0.605s][debug][gc,phases      ] GC(1)     Dead                           Min: 0, Avg:  0.0, Max: 0, Diff: 0, Sum: 0, Workers: 4
[0.605s][debug][gc,phases      ] GC(1)     Total                          Min: 0, Avg: 118.8, Max: 251, Diff: 251, Sum: 475, Workers: 4
[0.605s][debug][gc,phases      ] GC(1)   JNI Weak                       Min: 0.00, Avg: 0.00, Max: 0.00, Diff: 0.00, Sum: 0.00, Workers: 4
[0.605s][debug][gc,phases      ] GC(1)     Dead                           Min: 0, Avg:  0.0, Max: 0, Diff: 0, Sum: 0, Workers: 4
[0.605s][debug][gc,phases      ] GC(1)     Total                          Min: 0, Avg:  1.0, Max: 4, Diff: 4, Sum: 4, Workers: 4
[0.605s][debug][gc,phases      ] GC(1)   StringDedup Table Weak         Min: 0.00, Avg: 0.00, Max: 0.00, Diff: 0.00, Sum: 0.00, Workers: 4
[0.605s][debug][gc,phases      ] GC(1)     Dead                           Min: 0, Avg:  0.0, Max: 0, Diff: 0, Sum: 0, Workers: 4
[0.605s][debug][gc,phases      ] GC(1)     Total                          Min: 0, Avg:  0.0, Max: 0, Diff: 0, Sum: 0, Workers: 4
[0.605s][debug][gc,phases      ] GC(1)   StringDedup Requests0 Weak     Min: 0.00, Avg: 0.00, Max: 0.00, Diff: 0.00, Sum: 0.00, Workers: 4
[0.605s][debug][gc,phases      ] GC(1)     Dead                           Min: 0, Avg:  0.0, Max: 0, Diff: 0, Sum: 0, Workers: 4
[0.605s][debug][gc,phases      ] GC(1)     Total                          Min: 0, Avg:  0.0, Max: 0, Diff: 0, Sum: 0, Workers: 4
[0.605s][debug][gc,phases      ] GC(1)   StringDedup Requests1 Weak     Min: 0.00, Avg: 0.00, Max: 0.00, Diff: 0.00, Sum: 0.00, Workers: 4
[0.605s][debug][gc,phases      ] GC(1)     Dead                           Min: 0, Avg:  0.0, Max: 0, Diff: 0, Sum: 0, Workers: 4
[0.605s][debug][gc,phases      ] GC(1)     Total                          Min: 0, Avg:  0.0, Max: 0, Diff: 0, Sum: 0, Workers: 4
[0.605s][debug][gc,phases      ] GC(1)   Weak JFR Old Object Samples    Min: 0.00, Avg: 0.00, Max: 0.00, Diff: 0.00, Sum: 0.00, Workers: 4
[0.605s][debug][gc,phases      ] GC(1)     Dead                           Min: 0, Avg:  0.0, Max: 0, Diff: 0, Sum: 0, Workers: 4
[0.605s][debug][gc,phases      ] GC(1)     Total                          Min: 0, Avg:  0.0, Max: 0, Diff: 0, Sum: 0, Workers: 4
[0.605s][debug][gc,phases      ] GC(1) Phase 1: Weak Processing 0.287ms
[0.605s][debug][gc,phases,start] GC(1) Phase 1: Class Unloading and Cleanup
[0.605s][debug][gc,phases,start] GC(1) ClassLoaderData
[0.605s][debug][gc,phases      ] GC(1) ClassLoaderData 0.006ms
[0.605s][debug][gc,phases,start] GC(1) Trigger cleanups
[0.605s][debug][gc,phases      ] GC(1) Trigger cleanups 0.006ms
[0.605s][debug][gc,phases,start] GC(1) G1 Complete Cleaning
[0.606s][debug][gc,phases      ] GC(1) G1 Complete Cleaning 0.774ms
[0.606s][debug][gc,phases,start] GC(1) Purge Unlinked NMethods
[0.606s][debug][gc,phases      ] GC(1) Purge Unlinked NMethods 0.005ms
[0.606s][debug][gc,phases,start] GC(1) Unregister NMethods
[0.606s][debug][gc,phases      ] GC(1) Unregister NMethods 0.037ms
[0.606s][debug][gc,phases,start] GC(1) Free Code Blobs
[0.606s][debug][gc,phases      ] GC(1) Free Code Blobs 0.005ms
[0.606s][debug][gc,phases,start] GC(1) Purge Class Loader Data
[0.606s][debug][gc,phases      ] GC(1) Purge Class Loader Data 0.008ms
[0.606s][debug][gc,phases      ] GC(1) Phase 1: Class Unloading and Cleanup 0.892ms
[0.606s][debug][gc,phases,start] GC(1) Report Object Count
[0.606s][debug][gc,phases      ] GC(1) Report Object Count 0.004ms
[0.606s][info ][gc,phases      ] GC(1) Phase 1: Mark live objects 3.526ms
[0.606s][info ][gc,phases,start] GC(1) Phase 2: Prepare compaction
[0.606s][debug][gc,phases,start] GC(1) Phase 2: Determine work lists
[0.606s][debug][gc,phases      ] GC(1) Phase 2: Determine work lists 0.008ms
[0.606s][debug][gc,phases,start] GC(1) Phase 2: Prepare parallel compaction
[0.606s][debug][gc,phases      ] GC(1) Phase 2: Prepare parallel compaction 0.394ms
[0.606s][info ][gc,phases      ] GC(1) Phase 2: Prepare compaction 0.419ms
[0.606s][info ][gc,phases,start] GC(1) Phase 3: Adjust pointers
[0.607s][info ][gc,phases      ] GC(1) Phase 3: Adjust pointers 1.115ms
[0.607s][info ][gc,phases,start] GC(1) Phase 4: Compact heap
[0.608s][info ][gc,phases      ] GC(1) Phase 4: Compact heap 0.706ms
[0.608s][info ][gc,phases,start] GC(1) Phase 5: Reset Metadata
[0.608s][info ][gc,phases      ] GC(1) Phase 5: Reset Metadata 0.304ms
[0.608s][debug][gc,ergo        ] GC(1) Running G1 Clear Bitmap with 4 workers for 4 work units.
[0.609s][debug][gc,ergo,heap   ] GC(1) Attempt heap shrinking (capacity higher than max desired capacity). Capacity: 262144000B occupancy: 5242880B live: 2666296B maximum_desired_capacity: 17476266B (70 %)
[0.609s][debug][gc,heap,region ] GC(1) Deactivate regions [236, 250)
[0.609s][debug][gc,heap,region ] GC(1) Deactivate regions [16, 235)
[0.609s][debug][gc,ergo,heap   ] GC(1) Shrink the heap. requested shrinking amount: 244667734B aligned shrinking amount: 244318208B actual amount shrunk: 244318208B
[0.609s][debug][gc,heap        ] GC(1) Uncommittable regions after shrink: 233
[0.609s][debug][gc,ihop        ] GC(1) Target occupancy update: old: 262144000B, new: 17825792B
[0.609s][debug][gc,task        ] GC(1) G1 Service Thread (G1 Uncommit Region Task) (register)
[0.609s][debug][gc,alloc,stats ] Old generation allocation in the last mutator period, old gen allocated: 0B, humongous allocated: 0B, old gen growth: 0B.
[0.609s][debug][gc,remset      ] GC(1) Coarsening (recent): Inline->AoC 0 (0) AoC->Howl 0 (0) Howl->Full 0 (0) Inline->AoC 0 (0) AoC->BitMap 0 (0) BitMap->Full 0 (0) 
[0.609s][debug][gc,remset      ] GC(1) Coarsening (all): Inline->AoC 0 (0) AoC->Howl 0 (0) Howl->Full 0 (0) Inline->AoC 0 (0) AoC->BitMap 0 (0) BitMap->Full 0 (0) 
[0.609s][info ][gc,heap        ] GC(1) Eden regions: 3->0(8)
[0.609s][info ][gc,heap        ] GC(1) Survivor regions: 2->0(2)
[0.609s][info ][gc,heap        ] GC(1) Old regions: 1->5
[0.609s][info ][gc,heap        ] GC(1) Humongous regions: 0->0
[0.609s][info ][gc,metaspace   ] GC(1) Metaspace: 3362K(3520K)->3362K(3520K)
[0.609s][debug][gc,heap        ] GC(1) Heap after GC invocations=2 (full 1):
[0.609s][debug][gc,heap        ] GC(1)  garbage-first heap   total reserved 786432K, committed 17408K, used 2603K [0xac200000, 0xdc200000)
[0.609s][debug][gc,heap        ] GC(1)   region size 1024K, 0 young (0K), 0 survivors (0K)
[0.609s][debug][gc,heap        ] GC(1)  Metaspace       used 3362K, committed 3520K, reserved 16384K
[0.609s][info ][gc             ] GC(1) Pause Full (System.gc()) 5M->2M(17M) 7.327ms
[0.609s][info ][gc,cpu         ] GC(1) User=0.02s Sys=0.00s Real=0.00s
[0.609s][debug][gc,task,start  ] G1 Service Thread (G1 Uncommit Region Task) (run 0.491ms after schedule)
[0.612s][debug][gc,heap,region ] Uncommit regions [16, 144)
[0.612s][debug][gc,task        ] G1 Service Thread (G1 Uncommit Region Task) (run: 2.423ms) (cpu: 1.681ms)
[0.612s][debug][gc,task,start  ] G1 Service Thread (Card Set Free Memory Task) (run 2.542ms after schedule)
[0.612s][debug][gc,task        ] G1 Service Thread (Card Set Free Memory Task) (run: 0.010ms) (cpu: 0.026ms)
[0.622s][debug][gc,task,start  ] G1 Service Thread (G1 Uncommit Region Task) (run 0.100ms after schedule)
[0.623s][debug][gc,heap,region ] Uncommit regions [144, 235)
[0.624s][debug][gc,heap,region ] Uncommit regions [236, 250)
[0.624s][debug][gc,heap        ] Concurrent Uncommit Summary: 233M, 233 regions, 4.050ms
[0.624s][debug][gc,task        ] G1 Service Thread (G1 Uncommit Region Task) (run: 1.668ms) (cpu: 1.677ms)
Event: jdk.GarbageCollection {
  startTime = 00:37:56.469 (2024-04-29)
  duration = 7.31 ms
  gcId = 1
  name = "G1Full"
  cause = "System.gc()"
  sumOfPauses = 7.31 ms
  longestPause = 7.31 ms
  eventThread = "VM Thread" (osThreadId = 9650)
}


[0.794s][debug][gc,refine      ] Stopping 0
[0.794s][debug][gc,task        ] G1 Service Thread (stopping)
[0.794s][info ][gc,heap,exit   ] Heap
[0.794s][info ][gc,heap,exit   ]  garbage-first heap   total reserved 786432K, committed 17408K, used 8381K [0xac200000, 0xdc200000)
[0.794s][info ][gc,heap,exit   ]   region size 1024K, 6 young (6144K), 0 survivors (0K)
[0.794s][info ][gc,heap,exit   ]  Metaspace       used 4237K, committed 4352K, reserved 16384K
----------System.err:(1/15)----------
STATUS:Passed.
----------rerun:(41/4117)*----------
cd /home/runner/work/openjdk/openjdk/build/run-test-prebuilt/test-support/jtreg_test_jdk_tier1/scratch/1 && \\
HOME=/home/runner \\
LANG=C.UTF-8 \\
LC_ALL=C \\
PATH=/bin:/usr/bin:/usr/sbin \\
TEST_IMAGE_DIR=/home/runner/work/openjdk/openjdk/bundles/tests \\
XDG_CONFIG_HOME=/home/runner/.config \\
XDG_RUNTIME_DIR=/run/user/1001 \\
_JVM_DWARF_PATH=/home/runner/work/openjdk/openjdk/bundles/symbols/jdk-23 \\
CLASSPATH=/home/runner/work/openjdk/openjdk/build/run-test-prebuilt/test-support/jtreg_test_jdk_tier1/classes/1/jdk/jfr/event/gc/collection/TestGCGarbageCollectionEvent.d:/home/runner/work/openjdk/openjdk/test/jdk/jdk/jfr/event/gc/collection:/home/runner/work/openjdk/openjdk/build/run-test-prebuilt/test-support/jtreg_test_jdk_tier1/classes/1/test/lib:/home/runner/work/openjdk/openjdk/test/lib:/home/runner/work/openjdk/openjdk/jtreg/installed/lib/javatest.jar:/home/runner/work/openjdk/openjdk/jtreg/installed/lib/jtreg.jar \\
    /home/runner/work/openjdk/openjdk/bundles/jdk/jdk-23/bin/java \\
        -Dtest.vm.opts='-Xmx768m -XX:MaxRAMPercentage=12.5 -Dtest.boot.jdk=/home/runner/work/openjdk/openjdk/bootjdk/jdk -Djava.io.tmpdir=/home/runner/work/openjdk/openjdk/build/run-test-prebuilt/test-support/jtreg_test_jdk_tier1/tmp -ea -esa' \\
        -Dtest.tool.vm.opts='-J-Xmx768m -J-XX:MaxRAMPercentage=12.5 -J-Dtest.boot.jdk=/home/runner/work/openjdk/openjdk/bootjdk/jdk -J-Djava.io.tmpdir=/home/runner/work/openjdk/openjdk/build/run-test-prebuilt/test-support/jtreg_test_jdk_tier1/tmp -J-ea -J-esa' \\
        -Dtest.compiler.opts= \\
        -Dtest.java.opts=-XX:-CreateCoredumpOnCrash \\
        -Dtest.jdk=/home/runner/work/openjdk/openjdk/bundles/jdk/jdk-23 \\
        -Dcompile.jdk=/home/runner/work/openjdk/openjdk/bundles/jdk/jdk-23 \\
        -Dtest.timeout.factor=4.0 \\
        -Dtest.nativepath=/home/runner/work/openjdk/openjdk/bundles/tests/jdk/jtreg/native \\
        -Dtest.root=/home/runner/work/openjdk/openjdk/test/jdk \\
        -Dtest.name=jdk/jfr/event/gc/collection/TestGCGarbageCollectionEvent.java \\
        -Dtest.file=/home/runner/work/openjdk/openjdk/test/jdk/jdk/jfr/event/gc/collection/TestGCGarbageCollectionEvent.java \\
        -Dtest.src=/home/runner/work/openjdk/openjdk/test/jdk/jdk/jfr/event/gc/collection \\
        -Dtest.src.path=/home/runner/work/openjdk/openjdk/test/jdk/jdk/jfr/event/gc/collection:/home/runner/work/openjdk/openjdk/test/lib \\
        -Dtest.classes=/home/runner/work/openjdk/openjdk/build/run-test-prebuilt/test-support/jtreg_test_jdk_tier1/classes/1/jdk/jfr/event/gc/collection/TestGCGarbageCollectionEvent.d \\
        -Dtest.class.path=/home/runner/work/openjdk/openjdk/build/run-test-prebuilt/test-support/jtreg_test_jdk_tier1/classes/1/jdk/jfr/event/gc/collection/TestGCGarbageCollectionEvent.d:/home/runner/work/openjdk/openjdk/build/run-test-prebuilt/test-support/jtreg_test_jdk_tier1/classes/1/test/lib \\
        -Dtest.class.path.prefix=/home/runner/work/openjdk/openjdk/build/run-test-prebuilt/test-support/jtreg_test_jdk_tier1/classes/1/jdk/jfr/event/gc/collection/TestGCGarbageCollectionEvent.d:/home/runner/work/openjdk/openjdk/test/jdk/jdk/jfr/event/gc/collection:/home/runner/work/openjdk/openjdk/build/run-test-prebuilt/test-support/jtreg_test_jdk_tier1/classes/1/test/lib \\
        -Dtest.modules='jdk.jfr java.management' \\
        --add-modules jdk.jfr,java.management \\
        -Xmx768m \\
        -XX:MaxRAMPercentage=12.5 \\
        -Dtest.boot.jdk=/home/runner/work/openjdk/openjdk/bootjdk/jdk \\
        -Djava.io.tmpdir=/home/runner/work/openjdk/openjdk/build/run-test-prebuilt/test-support/jtreg_test_jdk_tier1/tmp \\
        -ea \\
        -esa \\
        -XX:-CreateCoredumpOnCrash \\
        -Djava.library.path=/home/runner/work/openjdk/openjdk/bundles/tests/jdk/jtreg/native \\
        -Xlog:gc*=debug \\
        -XX:+UnlockExperimentalVMOptions \\
        -XX:-UseFastUnorderedTimeStamps \\
        com.sun.javatest.regtest.agent.MainWrapper /home/runner/work/openjdk/openjdk/build/run-test-prebuilt/test-support/jtreg_test_jdk_tier1/jdk/jfr/event/gc/collection/TestGCGarbageCollectionEvent.d/main.0.jta
result: Passed. Execution successful


test result: Passed. Execution successful
