#Test Results (version 2)
#Mon Apr 29 01:03:55 UTC 2024
#-----testdescription-----
$file=D\:\\a\\openjdk\\openjdk\\test\\jdk\\jdk\\jfr\\event\\gc\\collection\\TestGCGarbageCollectionEvent.java
$root=D\:\\a\\openjdk\\openjdk\\test\\jdk
keywords=jfr othervm
library=/test/lib
modules=jdk.jfr java.management
requires=vm.hasJFR
run=USER_SPECIFIED main/othervm -Xlog\:gc*\=debug -XX\:+UnlockExperimentalVMOptions -XX\:-UseFastUnorderedTimeStamps jdk.jfr.event.gc.collection.TestGCGarbageCollectionEvent\r\n
source=TestGCGarbageCollectionEvent.java
title=\ 

#-----environment-----

#-----testresult-----
description=file\:/D\:/a/openjdk/openjdk/test/jdk/jdk/jfr/event/gc/collection/TestGCGarbageCollectionEvent.java
elapsed=789 0\:00\:00.789
end=Mon Apr 29 01\:03\:55 UTC 2024
environment=regtest
execStatus=Passed. Execution successful
harnessLoaderMode=Classpath Loader
harnessVariety=Full Bundle
hostname=fv-az978-691.aqccnys5fsauxnvc2cwlk3lemf.dx.internal.cloudapp.net
javatestOS=Windows Server 2019 10.0 (amd64)
javatestVersion=6.0-ea+b24-2024-04-29-${BUILT_FROM_COMMIT}
jtregVersion=jtreg 7.3.1 dev 0
modules=jdk.jfr java.management
script=com.sun.javatest.regtest.exec.RegressionScript
sections=script_messages build compile main
start=Mon Apr 29 01\:03\:54 UTC 2024
test=jdk/jfr/event/gc/collection/TestGCGarbageCollectionEvent.java
testJDK=d\:\\a\\openjdk\\openjdk\\bundles\\jdk\\jdk-23
testJDK_OS=[name\:Windows Server 2019,arch\:amd64,version\:10.0,family\:windows,simple_arch\:x64,simple_version\:10.0,processors\:4,maxMemory\:17179398144,maxSwap\:20266405888]
testJDK_os.arch=amd64
testJDK_os.name=Windows Server 2019
testJDK_os.version=10.0
totalTime=789
user.name=runneradmin
work=D\:\\a\\openjdk\\openjdk\\build\\run-test-prebuilt\\test-support\\jtreg_test_jdk_tier1\\jdk\\jfr\\event\\gc\\collection

#section:script_messages
----------messages:(7/536)*----------
JDK under test: d:\\a\\openjdk\\openjdk\\bundles\\jdk\\jdk-23
openjdk version "23-internal" 2024-09-17
OpenJDK Runtime Environment (build 23-internal-dubi253-4c630b0b2463c476ae1e6c8cae3ae981b793158c)
OpenJDK 64-Bit Server VM (build 23-internal-dubi253-4c630b0b2463c476ae1e6c8cae3ae981b793158c, mixed mode, sharing)
Library /test/lib; kind: packages
   source directory: D:\\a\\openjdk\\openjdk\\test\\lib
   class directory: D:\\a\\openjdk\\openjdk\\build\\run-test-prebuilt\\test-support\\jtreg_test_jdk_tier1\\classes\\test\\lib

#section:build
----------messages:(7/309)----------
command: build jdk.jfr.event.gc.collection.TestGCGarbageCollectionEvent
reason: Named class compiled on demand
started: Mon Apr 29 01:03:54 UTC 2024
Test directory:
  compile: jdk.jfr.event.gc.collection.TestGCGarbageCollectionEvent
finished: Mon Apr 29 01:03:54 UTC 2024
elapsed time (seconds): 0.094
result: Passed. Build successful

#section:compile
----------messages:(8/383)*----------
command: compile D:\\a\\openjdk\\openjdk\\test\\jdk\\jdk\\jfr\\event\\gc\\collection\\TestGCGarbageCollectionEvent.java
reason: .class file out of date or does not exist
started: Mon Apr 29 01:03:54 UTC 2024
Additional options from @modules: --add-modules jdk.jfr,java.management
Mode: agentvm
Agent id: 1
finished: Mon Apr 29 01:03:54 UTC 2024
elapsed time (seconds): 0.094
----------configuration:(13/914)*----------
Boot Layer (javac runtime environment)
  class path: D:\\a\\openjdk\\openjdk\\jtreg\\installed\\lib\\javatest.jar 
              D:\\a\\openjdk\\openjdk\\jtreg\\installed\\lib\\jtreg.jar 
  patch:      java.base D:\\a\\openjdk\\openjdk\\build\\run-test-prebuilt\\test-support\\jtreg_test_jdk_tier1\\patches\\java.base

javac compilation environment
  add modules: jdk.jfr java.management
  source path: D:\\a\\openjdk\\openjdk\\test\\jdk\\jdk\\jfr\\event\\gc\\collection
               D:\\a\\openjdk\\openjdk\\test\\lib
  class path:  D:\\a\\openjdk\\openjdk\\test\\jdk\\jdk\\jfr\\event\\gc\\collection
               D:\\a\\openjdk\\openjdk\\build\\run-test-prebuilt\\test-support\\jtreg_test_jdk_tier1\\classes\\jdk\\jfr\\event\\gc\\collection\\TestGCGarbageCollectionEvent.d
               D:\\a\\openjdk\\openjdk\\build\\run-test-prebuilt\\test-support\\jtreg_test_jdk_tier1\\classes\\test\\lib

----------rerun:(38/4149)*----------
cd 'D:\\a\\openjdk\\openjdk\\build\\run-test-prebuilt\\test-support\\jtreg_test_jdk_tier1\\scratch' && \\
PATH='C:\\hostedtoolcache\\windows\\msys2\\msys64\\usr\\bin;D:\\a\\_temp\\setup-msys2' \\
SystemDrive=C: \\
SystemRoot='C:\\Windows' \\
TEMP='C:\\Users\\RUNNER~1\\AppData\\Local\\Temp' \\
TEST_IMAGE_DIR='d:\\a\\openjdk\\openjdk\\bundles\\tests' \\
TMP='C:\\Users\\RUNNER~1\\AppData\\Local\\Temp' \\
_NT_SYMBOL_PATH=' d:\\a\\openjdk\\openjdk\\bundles\\symbols\\jdk-23\\bin;d:\\a\\openjdk\\openjdk\\bundles\\symbols\\jdk-23\\bin\\server' \\
windir='C:\\Windows' \\
    'd:\\a\\openjdk\\openjdk\\bundles\\jdk\\jdk-23\\bin\\javac' \\
        -J-Xmx768m \\
        -J-XX:MaxRAMPercentage=25 \\
        -J'-Dtest.boot.jdk=d:\\a\\openjdk\\openjdk\\bootjdk\\jdk' \\
        -J'-Djava.io.tmpdir=d:\\a\\openjdk\\openjdk\\build\\run-test-prebuilt\\test-support\\jtreg_test_jdk_tier1\\tmp' \\
        -J-XX:+CreateCoredumpOnCrash \\
        -J-ea \\
        -J-esa \\
        -J-Dtest.vm.opts='-Xmx768m -XX:MaxRAMPercentage=25 -Dtest.boot.jdk=d:\\a\\openjdk\\openjdk\\bootjdk\\jdk -Djava.io.tmpdir=d:\\a\\openjdk\\openjdk\\build\\run-test-prebuilt\\test-support\\jtreg_test_jdk_tier1\\tmp -XX:+CreateCoredumpOnCrash -ea -esa' \\
        -J-Dtest.tool.vm.opts='-J-Xmx768m -J-XX:MaxRAMPercentage=25 -J-Dtest.boot.jdk=d:\\a\\openjdk\\openjdk\\bootjdk\\jdk -J-Djava.io.tmpdir=d:\\a\\openjdk\\openjdk\\build\\run-test-prebuilt\\test-support\\jtreg_test_jdk_tier1\\tmp -J-XX:+CreateCoredumpOnCrash -J-ea -J-esa' \\
        -J-Dtest.compiler.opts= \\
        -J-Dtest.java.opts=-XX:-CreateCoredumpOnCrash \\
        -J-Dtest.jdk='d:\\a\\openjdk\\openjdk\\bundles\\jdk\\jdk-23' \\
        -J-Dcompile.jdk='d:\\a\\openjdk\\openjdk\\bundles\\jdk\\jdk-23' \\
        -J-Dtest.timeout.factor=4.0 \\
        -J-Dtest.nativepath='d:\\a\\openjdk\\openjdk\\bundles\\tests\\jdk\\jtreg\\native' \\
        -J-Dtest.root='D:\\a\\openjdk\\openjdk\\test\\jdk' \\
        -J-Dtest.name=jdk/jfr/event/gc/collection/TestGCGarbageCollectionEvent.java \\
        -J-Dtest.file='D:\\a\\openjdk\\openjdk\\test\\jdk\\jdk\\jfr\\event\\gc\\collection\\TestGCGarbageCollectionEvent.java' \\
        -J-Dtest.src='D:\\a\\openjdk\\openjdk\\test\\jdk\\jdk\\jfr\\event\\gc\\collection' \\
        -J-Dtest.src.path='D:\\a\\openjdk\\openjdk\\test\\jdk\\jdk\\jfr\\event\\gc\\collection;D:\\a\\openjdk\\openjdk\\test\\lib' \\
        -J-Dtest.classes='D:\\a\\openjdk\\openjdk\\build\\run-test-prebuilt\\test-support\\jtreg_test_jdk_tier1\\classes\\jdk\\jfr\\event\\gc\\collection\\TestGCGarbageCollectionEvent.d' \\
        -J-Dtest.class.path='D:\\a\\openjdk\\openjdk\\build\\run-test-prebuilt\\test-support\\jtreg_test_jdk_tier1\\classes\\jdk\\jfr\\event\\gc\\collection\\TestGCGarbageCollectionEvent.d;D:\\a\\openjdk\\openjdk\\build\\run-test-prebuilt\\test-support\\jtreg_test_jdk_tier1\\classes\\test\\lib' \\
        -J-Dtest.class.path.prefix='D:\\a\\openjdk\\openjdk\\build\\run-test-prebuilt\\test-support\\jtreg_test_jdk_tier1\\classes\\jdk\\jfr\\event\\gc\\collection\\TestGCGarbageCollectionEvent.d;D:\\a\\openjdk\\openjdk\\test\\jdk\\jdk\\jfr\\event\\gc\\collection;D:\\a\\openjdk\\openjdk\\build\\run-test-prebuilt\\test-support\\jtreg_test_jdk_tier1\\classes\\test\\lib' \\
        -J-Dtest.modules='jdk.jfr java.management' \\
        --add-modules jdk.jfr,java.management \\
        -d 'D:\\a\\openjdk\\openjdk\\build\\run-test-prebuilt\\test-support\\jtreg_test_jdk_tier1\\classes\\jdk\\jfr\\event\\gc\\collection\\TestGCGarbageCollectionEvent.d' \\
        -sourcepath 'D:\\a\\openjdk\\openjdk\\test\\jdk\\jdk\\jfr\\event\\gc\\collection;D:\\a\\openjdk\\openjdk\\test\\lib' \\
        -classpath 'D:\\a\\openjdk\\openjdk\\test\\jdk\\jdk\\jfr\\event\\gc\\collection;D:\\a\\openjdk\\openjdk\\build\\run-test-prebuilt\\test-support\\jtreg_test_jdk_tier1\\classes\\jdk\\jfr\\event\\gc\\collection\\TestGCGarbageCollectionEvent.d;D:\\a\\openjdk\\openjdk\\build\\run-test-prebuilt\\test-support\\jtreg_test_jdk_tier1\\classes\\test\\lib' 'D:\\a\\openjdk\\openjdk\\test\\jdk\\jdk\\jfr\\event\\gc\\collection\\TestGCGarbageCollectionEvent.java'
----------direct:(4/327)*----------
Note: D:\\a\\openjdk\\openjdk\\test\\lib\\jdk\\test\\lib\\jfr\\Events.java uses or overrides a deprecated API.
Note: Recompile with -Xlint:deprecation for details.
Note: D:\\a\\openjdk\\openjdk\\test\\lib\\jdk\\test\\lib\\Asserts.java uses unchecked or unsafe operations.
Note: Recompile with -Xlint:unchecked for details.
result: Passed. Compilation successful

#section:main
----------messages:(7/560)----------
command: main -Xlog:gc*=debug -XX:+UnlockExperimentalVMOptions -XX:-UseFastUnorderedTimeStamps jdk.jfr.event.gc.collection.TestGCGarbageCollectionEvent
reason: User specified action: run main/othervm -Xlog:gc*=debug -XX:+UnlockExperimentalVMOptions -XX:-UseFastUnorderedTimeStamps jdk.jfr.event.gc.collection.TestGCGarbageCollectionEvent 
started: Mon Apr 29 01:03:54 UTC 2024
Mode: othervm [/othervm specified]
Additional options from @modules: --add-modules jdk.jfr,java.management
finished: Mon Apr 29 01:03:55 UTC 2024
elapsed time (seconds): 0.695
----------configuration:(3/54)----------
Boot Layer
  add modules: jdk.jfr java.management

----------System.out:(337/35770)----------
[0.009s][info][gc,init] CardTable entry size: 512
[0.009s][debug][gc,heap] Minimum heap 8388608  Initial heap 268435456  Maximum heap 805306368
[0.009s][debug][gc,remset] Card Set container configuration: InlinePtr #cards 5 size 8 Array Of Cards #cards 10 size 36 Howl #buckets 4 coarsen threshold 1843 Howl Bitmap #cards 512 size 80 coarsen threshold 460 Card regions per heap region 1 cards per card region 2048
[0.009s][info ][gc       ] Using G1
[0.009s][debug][gc,heap,coops] Heap address: 0x00000000d0000000, size: 768 MB, Compressed Oops mode: 32-bit
[0.009s][debug][gc           ] ConcGCThreads: 1 offset 8
[0.009s][debug][gc           ] ParallelGCThreads: 4
[0.009s][debug][gc           ] Initialize mark stack with 4096 chunks, maximum 536870912
[0.009s][debug][gc,ergo,heap ] Expand the heap. requested expansion amount: 268435456B expansion amount: 268435456B
[0.011s][debug][gc,heap,region] Activate regions [0, 256)
[0.011s][debug][gc,ihop       ] Target occupancy update: old: 0B, new: 268435456B
[0.011s][debug][gc,task       ] G1 Service Thread (Periodic GC Task) (register)
[0.011s][debug][gc,task       ] G1 Service Thread (Card Set Free Memory Task) (register)
[0.011s][info ][gc,init       ] Version: 23-internal-dubi253-4c630b0b2463c476ae1e6c8cae3ae981b793158c (release)
[0.011s][info ][gc,init       ] CPUs: 4 total, 4 available
[0.011s][info ][gc,init       ] Memory: 16383M
[0.011s][info ][gc,init       ] Large Page Support: Disabled
[0.011s][info ][gc,init       ] NUMA Support: Disabled
[0.011s][info ][gc,init       ] Compressed Oops: Enabled (32-bit)
[0.011s][info ][gc,init       ] Heap Region Size: 1M
[0.011s][info ][gc,init       ] Heap Min Capacity: 8M
[0.011s][info ][gc,init       ] Heap Initial Capacity: 256M
[0.011s][info ][gc,init       ] Heap Max Capacity: 768M
[0.011s][info ][gc,init       ] Pre-touch: Disabled
[0.011s][info ][gc,init       ] Parallel Workers: 4
[0.011s][info ][gc,init       ] Concurrent Workers: 1
[0.011s][info ][gc,init       ] Concurrent Refinement Workers: 4
[0.011s][info ][gc,init       ] Periodic GC: Disabled
[0.019s][info ][gc,metaspace  ] CDS archive(s) mapped at: [0x000002919c000000-0x000002919cc90000-0x000002919cc90000), size 13172736, SharedBaseAddress: 0x000002919c000000, ArchiveRelocationMode: 1.
[0.019s][info ][gc,metaspace  ] Compressed class space mapped at: 0x000002919d000000-0x00000291dd000000, reserved size: 1073741824
[0.019s][info ][gc,metaspace  ] Narrow klass base: 0x000002919c000000, Narrow klass shift: 0, Narrow klass range: 0x41000000
[0.028s][debug][gc,task,start ] G1 Service Thread (Periodic GC Task) (run 17.262ms after schedule)
[0.028s][debug][gc,task       ] G1 Service Thread (Periodic GC Task) (run: 0.066ms) (cpu: 0.000ms)
[0.028s][debug][gc,task,start ] G1 Service Thread (Card Set Free Memory Task) (run 17.330ms after schedule)
[0.028s][debug][gc,task       ] G1 Service Thread (Card Set Free Memory Task) (run: 0.014ms) (cpu: 0.000ms)
[0.469s][info ][gc,start      ] GC(0) Pause Young (Normal) (G1 Evacuation Pause)
[0.469s][debug][gc,heap       ] GC(0) Heap before GC invocations=0 (full 0):
[0.469s][debug][gc,heap       ] GC(0)  garbage-first heap   total reserved 786432K, committed 262144K, used 14336K [0x00000000d0000000, 0x0000000100000000)
[0.469s][debug][gc,heap       ] GC(0)   region size 1024K, 14 young (14336K), 0 survivors (0K)
[0.469s][debug][gc,heap       ] GC(0)  Metaspace       used 4485K, committed 4672K, reserved 1114112K
[0.469s][debug][gc,heap       ] GC(0)   class space    used 538K, committed 640K, reserved 1048576K
[0.469s][info ][gc,task       ] GC(0) Using 4 workers of 4 for evacuation
[0.469s][debug][gc,age        ] GC(0) Desired survivor size 1048576 bytes, new threshold 15 (max threshold 15)
[0.470s][debug][gc,tlab       ] GC(0) TLAB totals: thrds: 5  refills: 56 max: 46 slow allocs: 4 max 2 waste:  7.1% gc: 994304B max: 293256B slow: 36568B max: 32824B
[0.470s][debug][gc,refine,stats] GC(0) Mutator refinement: 0.00ms, refined: 0, precleaned: 0, dirtied: 0
[0.470s][debug][gc,refine,stats] GC(0) Concurrent refinement: 0.00ms, refined: 0, precleaned: 0, dirtied: 0
[0.470s][debug][gc,refine,stats] GC(0) Total refinement: 0.00ms, refined: 0, precleaned: 0, dirtied: 0
[0.470s][debug][gc,refine,stats] GC(0) Generate dirty cards rate: 0.00 cards/ms
[0.470s][debug][gc,alloc,region] GC(0) Mutator Allocation stats, regions: 14, wasted size: 0B ( 0.0%)
[0.470s][debug][gc,ergo,cset   ] GC(0) No candidates to reclaim.
[0.470s][debug][gc,ergo        ] GC(0) Running G1 Merge Heap Roots using 4 workers for 14 regions
[0.470s][debug][gc,remset      ] GC(0) Visited cards 0 Total dirty 0 (0.00%) Total old 57344 (0.00%)
[0.476s][debug][gc,ref         ] GC(0) ReferenceProcessor::execute queues: 1, RefProcThreadModel::Single, marks_oops_alive: false
[0.476s][debug][gc,ref         ] GC(0) Skipped KeepAliveFinalRefsPhase of Reference Processing: no references
[0.476s][debug][gc,ref         ] GC(0) ReferenceProcessor::execute queues: 1, RefProcThreadModel::Single, marks_oops_alive: false
[0.476s][debug][gc,ergo        ] GC(0) Running G1 Rebuild Free List Task using 4 workers for rebuilding free list of regions
[0.476s][debug][gc,plab        ] GC(0) Young PLAB allocation: allocated: 1815440B, wasted: 3976B, unused: 0B, used: 1811464B, undo waste: 0B, 
[0.476s][debug][gc,plab        ] GC(0) Young other allocation: region end waste: 30088B, regions filled: 2, num plab filled: 38, direct allocated: 251624B, num direct allocated: 3, failure used: 0B, failure wasted: 0B
[0.476s][debug][gc,plab        ] GC(0) Young sizing: calculated: 356272B, actual: 356272B
[0.476s][debug][gc,plab        ] GC(0) Old PLAB allocation: allocated: 2080752B, wasted: 6120B, unused: 76832B, used: 1997800B, undo waste: 0B, 
[0.476s][debug][gc,plab        ] GC(0) Old other allocation: region end waste: 0B, regions filled: 2, num plab filled: 83, direct allocated: 16400B, num direct allocated: 1, failure used: 0B, failure wasted: 0B
[0.476s][debug][gc,plab        ] GC(0) Old sizing: calculated: 399560B, actual: 399560B
[0.476s][debug][gc,ergo,heap   ] GC(0) Heap expansion: short term pause time ratio 0.00% long term pause time ratio 0.00% threshold 5.13% pause time ratio 7.69% fully expanded false resize by 0B
[0.476s][debug][gc,task,start  ] G1 Service Thread (Card Set Free Memory Task) (run 0.020ms after schedule)
[0.476s][debug][gc,mmu         ] GC(0) MMU: 6.6ms (200.0ms/201.0ms)
[0.476s][debug][gc,alloc,stats ] Old generation allocation in the last mutator period, old gen allocated: 2080752B, humongous allocated: 0B, old gen growth: 2080752B.
[0.476s][debug][gc,ihop        ] GC(0) Basic information (value update), threshold: 120795955B (45.00), target occupancy: 268435456B, current occupancy: 4194304B, recent allocation size: 2080752B, recent allocation duration: 460.65ms, recent old gen allocation rate: 4516962.77B/s, recent marking phase length: 0.00ms
[0.476s][debug][gc,ihop        ] GC(0) Adaptive IHOP information (value update), threshold: 120795955B (47.37), internal target occupancy: 255013683B, occupancy: 4194304B, additional buffer size: 18874368B, predicted old gen allocation rate: 9033925.54B/s, predicted marking phase length: 0.00ms, prediction active: false
[0.476s][debug][gc,ergo,refine ] GC(0) GC refinement: goal: 18446744073709551615 + 0 / 20.00ms, actual: 0 / 0.00ms, 
[0.476s][debug][gc,ergo,refine ] GC(0) Unchanged pending cards target: 18446744073709551615
[0.476s][info ][gc,phases      ] GC(0)   Pre Evacuate Collection Set: 0.17ms
[0.476s][debug][gc,phases      ] GC(0)     Pre Evacuate Prepare: 0.05ms
[0.476s][debug][gc,phases      ] GC(0)       JT Retire TLABs And Flush Logs (ms): Min: 0.00, Avg: 0.00, Max: 0.01, Diff: 0.01, Sum: 0.01, Workers: 2
[0.476s][debug][gc,phases      ] GC(0)       Non-JT Flush Logs (ms):        Min: 0.00, Avg: 0.00, Max: 0.00, Diff: 0.00, Sum: 0.00, Workers: 1
[0.476s][debug][gc,phases      ] GC(0)     Choose Collection Set: 0.01ms
[0.476s][debug][gc,phases      ] GC(0)     Region Register: 0.10ms
[0.476s][debug][gc,phases      ] GC(0)     Prepare Heap Roots: 0.00ms
[0.476s][info ][gc,phases      ] GC(0)   Merge Heap Roots: 0.16ms
[0.476s][debug][gc,phases      ] GC(0)     Prepare Merge Heap Roots: 0.02ms
[0.476s][debug][gc,phases      ] GC(0)     Remembered Sets (ms):          Min: 0.00, Avg: 0.01, Max: 0.01, Diff: 0.01, Sum: 0.02, Workers: 4
[0.476s][debug][gc,phases      ] GC(0)       Eager Reclaim (ms):            skipped
[0.476s][debug][gc,phases      ] GC(0)       Merged Inline:                 Min: 0, Avg:  0.0, Max: 0, Diff: 0, Sum: 0, Workers: 4
[0.476s][debug][gc,phases      ] GC(0)       Merged ArrayOfCards:           Min: 0, Avg:  0.0, Max: 0, Diff: 0, Sum: 0, Workers: 4
[0.476s][debug][gc,phases      ] GC(0)       Merged Howl:                   Min: 0, Avg:  0.0, Max: 0, Diff: 0, Sum: 0, Workers: 4
[0.476s][debug][gc,phases      ] GC(0)       Merged Full:                   Min: 0, Avg:  0.0, Max: 0, Diff: 0, Sum: 0, Workers: 4
[0.476s][debug][gc,phases      ] GC(0)       Merged Howl Inline:            Min: 0, Avg:  0.0, Max: 0, Diff: 0, Sum: 0, Workers: 4
[0.476s][debug][gc,phases      ] GC(0)       Merged Howl ArrayOfCards:      Min: 0, Avg:  0.0, Max: 0, Diff: 0, Sum: 0, Workers: 4
[0.476s][debug][gc,phases      ] GC(0)       Merged Howl BitMap:            Min: 0, Avg:  0.0, Max: 0, Diff: 0, Sum: 0, Workers: 4
[0.476s][debug][gc,phases      ] GC(0)       Merged Howl Full:              Min: 0, Avg:  0.0, Max: 0, Diff: 0, Sum: 0, Workers: 4
[0.476s][debug][gc,phases      ] GC(0)       Merged Cards:                  Min: 8, Avg:  8.0, Max: 8, Diff: 0, Sum: 32, Workers: 4
[0.476s][debug][gc,phases      ] GC(0)     Distribute Log Buffers: 0.00ms
[0.476s][debug][gc,phases      ] GC(0)     Log Buffers (ms):              Min: 0.00, Avg: 0.00, Max: 0.00, Diff: 0.00, Sum: 0.00, Workers: 4
[0.476s][debug][gc,phases      ] GC(0)       Dirty Cards:                   Min: 0, Avg:  0.0, Max: 0, Diff: 0, Sum: 0, Workers: 4
[0.476s][debug][gc,phases      ] GC(0)       Skipped Cards:                 Min: 0, Avg:  0.0, Max: 0, Diff: 0, Sum: 0, Workers: 4
[0.476s][info ][gc,phases      ] GC(0)   Evacuate Collection Set: 5.65ms
[0.476s][debug][gc,phases      ] GC(0)     Ext Root Scanning (ms):        Min: 0.00, Avg: 0.39, Max: 0.81, Diff: 0.81, Sum: 1.57, Workers: 4
[0.476s][debug][gc,phases      ] GC(0)     Scan Heap Roots (ms):          Min: 0.00, Avg: 0.00, Max: 0.00, Diff: 0.00, Sum: 0.00, Workers: 4
[0.476s][debug][gc,phases      ] GC(0)       Scanned Cards:                 Min: 0, Avg:  0.0, Max: 0, Diff: 0, Sum: 0, Workers: 4
[0.476s][debug][gc,phases      ] GC(0)       Scanned Blocks:                Min: 0, Avg:  0.0, Max: 0, Diff: 0, Sum: 0, Workers: 4
[0.476s][debug][gc,phases      ] GC(0)       Claimed Chunks:                Min: 0, Avg:  0.0, Max: 0, Diff: 0, Sum: 0, Workers: 4
[0.476s][debug][gc,phases      ] GC(0)       Found Roots:                   Min: 0, Avg:  0.0, Max: 0, Diff: 0, Sum: 0, Workers: 4
[0.476s][debug][gc,phases      ] GC(0)     Code Root Scan (ms):           Min: 0.00, Avg: 0.23, Max: 0.54, Diff: 0.54, Sum: 0.92, Workers: 4
[0.476s][debug][gc,phases      ] GC(0)       Scanned Nmethods:              Min: 0, Avg: 93.5, Max: 211, Diff: 211, Sum: 374, Workers: 4
[0.476s][debug][gc,phases      ] GC(0)     Object Copy (ms):              Min: 0.00, Avg: 2.90, Max: 4.73, Diff: 4.73, Sum: 11.58, Workers: 4
[0.476s][debug][gc,phases      ] GC(0)     Termination (ms):              Min: 0.03, Avg: 0.06, Max: 0.07, Diff: 0.04, Sum: 0.23, Workers: 4
[0.476s][debug][gc,phases      ] GC(0)       Termination Attempts:          Min: 1, Avg:  1.5, Max: 3, Diff: 2, Sum: 6, Workers: 4
[0.476s][debug][gc,phases      ] GC(0)     GC Worker Other (ms):          Min: 0.01, Avg: 0.01, Max: 0.02, Diff: 0.01, Sum: 0.05, Workers: 4
[0.476s][debug][gc,phases      ] GC(0)     GC Worker Total (ms):          Min: 0.04, Avg: 3.59, Max: 5.63, Diff: 5.59, Sum: 14.36, Workers: 4
[0.476s][info ][gc,phases      ] GC(0)   Post Evacuate Collection Set: 0.45ms
[0.476s][debug][gc,phases      ] GC(0)     NMethod List Cleanup: 0.02ms
[0.476s][debug][gc,phases      ] GC(0)     Reference Processing: 0.12ms
[0.476s][debug][gc,phases,ref  ] GC(0)       Notify Soft/WeakReferences: 0.1ms
[0.476s][debug][gc,phases,ref  ] GC(0)         SoftRef (ms):                  Min: 0.00, Avg: 0.00, Max: 0.00, Diff: 0.00, Sum: 0.00, Workers: 1
[0.476s][debug][gc,phases,ref  ] GC(0)         WeakRef (ms):                  Min: 0.03, Avg: 0.03, Max: 0.03, Diff: 0.00, Sum: 0.03, Workers: 1
[0.476s][debug][gc,phases,ref  ] GC(0)         FinalRef (ms):                 Min: 0.00, Avg: 0.00, Max: 0.00, Diff: 0.00, Sum: 0.00, Workers: 1
[0.476s][debug][gc,phases,ref  ] GC(0)         Total (ms):                    Min: 0.04, Avg: 0.04, Max: 0.04, Diff: 0.00, Sum: 0.04, Workers: 1
[0.476s][debug][gc,phases,ref  ] GC(0)       Notify and keep alive finalizable: 0.0ms
[0.476s][debug][gc,phases,ref  ] GC(0)         FinalRef (ms):                 skipped
[0.476s][debug][gc,phases,ref  ] GC(0)       Notify PhantomReferences: 0.0ms
[0.476s][debug][gc,phases,ref  ] GC(0)         PhantomRef (ms):               Min: 0.01, Avg: 0.01, Max: 0.01, Diff: 0.00, Sum: 0.01, Workers: 1
[0.476s][debug][gc,phases,ref  ] GC(0)       SoftReference Discovered: 0, Dropped: 0, Processed: 0
[0.476s][debug][gc,phases,ref  ] GC(0)       WeakReference Discovered: 468, Dropped: 326, Processed: 142
[0.476s][debug][gc,phases,ref  ] GC(0)       FinalReference Discovered: 0, Dropped: 0, Processed: 0
[0.476s][debug][gc,phases,ref  ] GC(0)       PhantomReference Discovered: 97, Dropped: 12, Processed: 85
[0.476s][debug][gc,phases      ] GC(0)     Weak Processing: 0.09ms
[0.476s][debug][gc,phases      ] GC(0)       VM Weak                        Min: 0.00, Avg: 0.00, Max: 0.00, Diff: 0.00, Sum: 0.00, Workers: 4
[0.476s][debug][gc,phases      ] GC(0)         Dead                           Min: 0, Avg:  0.0, Max: 0, Diff: 0, Sum: 0, Workers: 4
[0.476s][debug][gc,phases      ] GC(0)         Total                          Min: 0, Avg: 13.8, Max: 55, Diff: 55, Sum: 55, Workers: 4
[0.476s][debug][gc,phases      ] GC(0)       ObjectSynchronizer Weak        Min: 0.00, Avg: 0.00, Max: 0.00, Diff: 0.00, Sum: 0.00, Workers: 4
[0.476s][debug][gc,phases      ] GC(0)         Dead                           Min: 0, Avg:  0.0, Max: 0, Diff: 0, Sum: 0, Workers: 4
[0.476s][debug][gc,phases      ] GC(0)         Total                          Min: 0, Avg:  1.0, Max: 4, Diff: 4, Sum: 4, Workers: 4
[0.476s][debug][gc,phases      ] GC(0)       JVMTI Tag Weak OopStorage      Min: 0.00, Avg: 0.00, Max: 0.00, Diff: 0.00, Sum: 0.00, Workers: 4
[0.476s][debug][gc,phases      ] GC(0)         Dead                           Min: 0, Avg:  0.0, Max: 0, Diff: 0, Sum: 0, Workers: 4
[0.476s][debug][gc,phases      ] GC(0)         Total                          Min: 0, Avg:  0.0, Max: 0, Diff: 0, Sum: 0, Workers: 4
[0.476s][debug][gc,phases      ] GC(0)       StringTable Weak               Min: 0.00, Avg: 0.02, Max: 0.03, Diff: 0.03, Sum: 0.08, Workers: 4
[0.476s][debug][gc,phases      ] GC(0)         Dead                           Min: 0, Avg:  2.3, Max: 3, Diff: 3, Sum: 9, Workers: 4
[0.476s][debug][gc,phases      ] GC(0)         Total                          Min: 0, Avg: 1029.8, Max: 1472, Diff: 1472, Sum: 4119, Workers: 4
[0.476s][debug][gc,phases      ] GC(0)       ResolvedMethodTable Weak       Min: 0.00, Avg: 0.01, Max: 0.01, Diff: 0.01, Sum: 0.02, Workers: 4
[0.476s][debug][gc,phases      ] GC(0)         Dead                           Min: 0, Avg: 11.8, Max: 22, Diff: 22, Sum: 47, Workers: 4
[0.476s][debug][gc,phases      ] GC(0)         Total                          Min: 0, Avg: 104.0, Max: 160, Diff: 160, Sum: 416, Workers: 4
[0.476s][debug][gc,phases      ] GC(0)       JNI Weak                       Min: 0.00, Avg: 0.00, Max: 0.00, Diff: 0.00, Sum: 0.00, Workers: 4
[0.476s][debug][gc,phases      ] GC(0)         Dead                           Min: 0, Avg:  0.0, Max: 0, Diff: 0, Sum: 0, Workers: 4
[0.476s][debug][gc,phases      ] GC(0)         Total                          Min: 0, Avg:  0.0, Max: 0, Diff: 0, Sum: 0, Workers: 4
[0.476s][debug][gc,phases      ] GC(0)       StringDedup Table Weak         Min: 0.00, Avg: 0.00, Max: 0.00, Diff: 0.00, Sum: 0.00, Workers: 4
[0.476s][debug][gc,phases      ] GC(0)         Dead                           Min: 0, Avg:  0.0, Max: 0, Diff: 0, Sum: 0, Workers: 4
[0.476s][debug][gc,phases      ] GC(0)         Total                          Min: 0, Avg:  0.0, Max: 0, Diff: 0, Sum: 0, Workers: 4
[0.476s][debug][gc,phases      ] GC(0)       StringDedup Requests0 Weak     Min: 0.00, Avg: 0.00, Max: 0.00, Diff: 0.00, Sum: 0.00, Workers: 4
[0.476s][debug][gc,phases      ] GC(0)         Dead                           Min: 0, Avg:  0.0, Max: 0, Diff: 0, Sum: 0, Workers: 4
[0.476s][debug][gc,phases      ] GC(0)         Total                          Min: 0, Avg:  0.0, Max: 0, Diff: 0, Sum: 0, Workers: 4
[0.476s][debug][gc,phases      ] GC(0)       StringDedup Requests1 Weak     Min: 0.00, Avg: 0.00, Max: 0.00, Diff: 0.00, Sum: 0.00, Workers: 4
[0.476s][debug][gc,phases      ] GC(0)         Dead                           Min: 0, Avg:  0.0, Max: 0, Diff: 0, Sum: 0, Workers: 4
[0.476s][debug][gc,phases      ] GC(0)         Total                          Min: 0, Avg:  0.0, Max: 0, Diff: 0, Sum: 0, Workers: 4
[0.476s][debug][gc,phases      ] GC(0)       Weak JFR Old Object Samples    Min: 0.00, Avg: 0.00, Max: 0.00, Diff: 0.00, Sum: 0.00, Workers: 4
[0.476s][debug][gc,phases      ] GC(0)         Dead                           Min: 0, Avg:  0.0, Max: 0, Diff: 0, Sum: 0, Workers: 4
[0.476s][debug][gc,phases      ] GC(0)         Total                          Min: 0, Avg:  0.0, Max: 0, Diff: 0, Sum: 0, Workers: 4
[0.476s][debug][gc,phases      ] GC(0)     Post Evacuate Cleanup 1: 0.05ms
[0.476s][debug][gc,phases      ] GC(0)       Merge Per-Thread State (ms):   Min: 0.01, Avg: 0.01, Max: 0.01, Diff: 0.00, Sum: 0.01, Workers: 1
[0.477s][debug][gc,phases      ] GC(0)         Copied Bytes:                  Min: 0, Avg: 1019322.0, Max: 1749304, Diff: 1749304, Sum: 4077288, Workers: 4
[0.477s][debug][gc,phases      ] GC(0)         LAB Waste:                     Min: 0, Avg: 2524.0, Max: 5544, Diff: 5544, Sum: 10096, Workers: 4
[0.477s][debug][gc,phases      ] GC(0)         LAB Undo Waste:                Min: 0, Avg:  0.0, Max: 0, Diff: 0, Sum: 0, Workers: 4
[0.477s][debug][gc,phases      ] GC(0)         Evac Fail Extra Cards:         Min: 0, Avg:  0.0, Max: 0, Diff: 0, Sum: 0, Workers: 4
[0.477s][debug][gc,phases      ] GC(0)       Clear Logged Cards (ms):       Min: 0.00, Avg: 0.00, Max: 0.00, Diff: 0.00, Sum: 0.00, Workers: 3
[0.477s][debug][gc,phases      ] GC(0)       Recalculate Used Memory (ms):  Min: 0.00, Avg: 0.00, Max: 0.00, Diff: 0.00, Sum: 0.00, Workers: 1
[0.477s][debug][gc,phases      ] GC(0)     Post Evacuate Cleanup 2: 0.09ms
[0.477s][debug][gc,phases      ] GC(0)       Update Derived Pointers (ms):  Min: 0.00, Avg: 0.00, Max: 0.00, Diff: 0.00, Sum: 0.00, Workers: 1
[0.477s][debug][gc,phases      ] GC(0)       Eagerly Reclaim Humongous Objects (ms): skipped
[0.477s][debug][gc,phases      ] GC(0)         Humongous Total:               skipped
[0.477s][debug][gc,phases      ] GC(0)         Humongous Candidates:          skipped
[0.477s][debug][gc,phases      ] GC(0)         Humongous Reclaimed:           skipped
[0.477s][debug][gc,phases      ] GC(0)       Redirty Logged Cards (ms):     Min: 0.00, Avg: 0.01, Max: 0.01, Diff: 0.01, Sum: 0.04, Workers: 4
[0.477s][debug][gc,phases      ] GC(0)         Redirtied Cards:               Min: 0, Avg: 1126.0, Max: 1882, Diff: 1882, Sum: 4504, Workers: 4
[0.477s][debug][gc,phases      ] GC(0)       Resize TLABs (ms):             Min: 0.00, Avg: 0.00, Max: 0.00, Diff: 0.00, Sum: 0.00, Workers: 4
[0.477s][debug][gc,phases      ] GC(0)       Free Collection Set (ms):      Min: 0.00, Avg: 0.02, Max: 0.04, Diff: 0.04, Sum: 0.07, Workers: 4
[0.477s][debug][gc,phases      ] GC(0)     Rebuild Free List: 0.05ms
[0.477s][debug][gc,phases      ] GC(0)     Prepare For Mutator: 0.04ms
[0.477s][debug][gc,phases      ] GC(0)     Expand Heap After Collection: 0.00ms
[0.477s][info ][gc,phases      ] GC(0)   Other: 0.36ms
[0.477s][debug][gc,remset      ] GC(0) Coarsening (recent): Inline->AoC 0 (0) AoC->Howl 0 (0) Howl->Full 0 (0) Inline->AoC 0 (0) AoC->BitMap 0 (0) BitMap->Full 0 (0) 
[0.477s][debug][gc,remset      ] GC(0) Coarsening (all): Inline->AoC 0 (0) AoC->Howl 0 (0) Howl->Full 0 (0) Inline->AoC 0 (0) AoC->BitMap 0 (0) BitMap->Full 0 (0) 
[0.477s][info ][gc,heap        ] GC(0) Eden regions: 14->0(16)
[0.477s][info ][gc,heap        ] GC(0) Survivor regions: 0->2(2)
[0.477s][info ][gc,heap        ] GC(0) Old regions: 0->2
[0.477s][info ][gc,heap        ] GC(0) Humongous regions: 0->0
[0.477s][info ][gc,metaspace   ] GC(0) Metaspace: 4485K(4672K)->4485K(4672K) NonClass: 3946K(4032K)->3946K(4032K) Class: 538K(640K)->538K(640K)
[0.477s][debug][gc,heap        ] GC(0) Heap after GC invocations=1 (full 0):
[0.477s][debug][gc,heap        ] GC(0)  garbage-first heap   total reserved 786432K, committed 262144K, used 4096K [0x00000000d0000000, 0x0000000100000000)
[0.477s][debug][gc,heap        ] GC(0)   region size 1024K, 2 young (2048K), 2 survivors (2048K)
[0.477s][debug][gc,heap        ] GC(0)  Metaspace       used 4485K, committed 4672K, reserved 1114112K
[0.477s][debug][gc,heap        ] GC(0)   class space    used 538K, committed 640K, reserved 1048576K
[0.477s][info ][gc             ] GC(0) Pause Young (Normal) (G1 Evacuation Pause) 14M->4M(256M) 7.518ms
[0.477s][info ][gc,cpu         ] GC(0) User=0.06s Sys=0.00s Real=0.02s
[0.477s][debug][gc,task        ] G1 Service Thread (Card Set Free Memory Task) (run: 0.704ms) (cpu: 0.000ms)
[0.530s][info ][gc,start       ] GC(1) Pause Full (System.gc())
[0.530s][debug][gc,heap        ] GC(1) Heap before GC invocations=1 (full 0):
[0.530s][debug][gc,heap        ] GC(1)  garbage-first heap   total reserved 786432K, committed 262144K, used 7168K [0x00000000d0000000, 0x0000000100000000)
[0.530s][debug][gc,heap        ] GC(1)   region size 1024K, 6 young (6144K), 2 survivors (2048K)
[0.530s][debug][gc,heap        ] GC(1)  Metaspace       used 4626K, committed 4864K, reserved 1114112K
[0.530s][debug][gc,heap        ] GC(1)   class space    used 547K, committed 640K, reserved 1048576K
[0.530s][debug][gc,task        ] GC(1) Requesting 4 active workers for full compaction (waste limited workers: 4, adaptive workers: 4, used limited workers: 8)
[0.530s][info ][gc,task        ] GC(1) Using 4 workers of 4 for full compaction
[0.530s][debug][gc,tlab        ] GC(1) TLAB totals: thrds: 4  refills: 19 max: 16 slow allocs: 4 max 4 waste: 10.0% gc: 377616B max: 125824B slow: 9248B max: 9248B
[0.530s][debug][gc,alloc,region] GC(1) Mutator Allocation stats, regions: 4, wasted size: 0B ( 0.0%)
[0.530s][info ][gc,phases,start] GC(1) Phase 1: Mark live objects
[0.532s][debug][gc,phases,start] GC(1) Phase 1: Reference Processing
[0.532s][debug][gc,ref         ] GC(1) ReferenceProcessor::execute queues: 1, RefProcThreadModel::Single, marks_oops_alive: false
[0.532s][debug][gc,ref         ] GC(1) Skipped KeepAliveFinalRefsPhase of Reference Processing: no references
[0.532s][debug][gc,ref         ] GC(1) ReferenceProcessor::execute queues: 1, RefProcThreadModel::Single, marks_oops_alive: false
[0.532s][debug][gc,phases,ref  ] GC(1) Reference Processing: 0.0ms
[0.532s][debug][gc,phases,ref  ] GC(1)   Notify Soft/WeakReferences: 0.0ms
[0.532s][debug][gc,phases,ref  ] GC(1)     SoftRef (ms):                  Min: 0.00, Avg: 0.00, Max: 0.00, Diff: 0.00, Sum: 0.00, Workers: 1
[0.532s][debug][gc,phases,ref  ] GC(1)     WeakRef (ms):                  Min: 0.01, Avg: 0.01, Max: 0.01, Diff: 0.00, Sum: 0.01, Workers: 1
[0.532s][debug][gc,phases,ref  ] GC(1)     FinalRef (ms):                 Min: 0.00, Avg: 0.00, Max: 0.00, Diff: 0.00, Sum: 0.00, Workers: 1
[0.532s][debug][gc,phases,ref  ] GC(1)     Total (ms):                    Min: 0.01, Avg: 0.01, Max: 0.01, Diff: 0.00, Sum: 0.01, Workers: 1
[0.532s][debug][gc,phases,ref  ] GC(1)   Notify and keep alive finalizable: 0.0ms
[0.532s][debug][gc,phases,ref  ] GC(1)     FinalRef (ms):                 skipped
[0.532s][debug][gc,phases,ref  ] GC(1)   Notify PhantomReferences: 0.0ms
[0.532s][debug][gc,phases,ref  ] GC(1)     PhantomRef (ms):               Min: 0.00, Avg: 0.00, Max: 0.00, Diff: 0.00, Sum: 0.00, Workers: 1
[0.532s][debug][gc,phases,ref  ] GC(1)   SoftReference Discovered: 0, Dropped: 0, Processed: 0
[0.532s][debug][gc,phases,ref  ] GC(1)   WeakReference Discovered: 313, Dropped: 294, Processed: 19
[0.532s][debug][gc,phases,ref  ] GC(1)   FinalReference Discovered: 0, Dropped: 0, Processed: 0
[0.532s][debug][gc,phases,ref  ] GC(1)   PhantomReference Discovered: 24, Dropped: 11, Processed: 13
[0.532s][debug][gc,phases      ] GC(1) Phase 1: Reference Processing 0.132ms
[0.532s][debug][gc,phases,start] GC(1) Phase 1: Flush Mark Stats Cache
[0.532s][debug][gc,phases      ] GC(1) Phase 1: Flush Mark Stats Cache 0.007ms
[0.532s][debug][gc,phases,start] GC(1) Phase 1: Weak Processing
[0.532s][debug][gc,phases      ] GC(1)   VM Weak                        Min: 0.00, Avg: 0.00, Max: 0.00, Diff: 0.00, Sum: 0.00, Workers: 4
[0.532s][debug][gc,phases      ] GC(1)     Dead                           Min: 0, Avg:  0.0, Max: 0, Diff: 0, Sum: 0, Workers: 4
[0.532s][debug][gc,phases      ] GC(1)     Total                          Min: 0, Avg: 14.5, Max: 58, Diff: 58, Sum: 58, Workers: 4
[0.532s][debug][gc,phases      ] GC(1)   ObjectSynchronizer Weak        Min: 0.00, Avg: 0.00, Max: 0.00, Diff: 0.00, Sum: 0.00, Workers: 4
[0.532s][debug][gc,phases      ] GC(1)     Dead                           Min: 0, Avg:  0.0, Max: 0, Diff: 0, Sum: 0, Workers: 4
[0.532s][debug][gc,phases      ] GC(1)     Total                          Min: 0, Avg:  1.3, Max: 5, Diff: 5, Sum: 5, Workers: 4
[0.532s][debug][gc,phases      ] GC(1)   JVMTI Tag Weak OopStorage      Min: 0.00, Avg: 0.00, Max: 0.00, Diff: 0.00, Sum: 0.00, Workers: 4
[0.532s][debug][gc,phases      ] GC(1)     Dead                           Min: 0, Avg:  0.0, Max: 0, Diff: 0, Sum: 0, Workers: 4
[0.532s][debug][gc,phases      ] GC(1)     Total                          Min: 0, Avg:  0.0, Max: 0, Diff: 0, Sum: 0, Workers: 4
[0.532s][debug][gc,phases      ] GC(1)   StringTable Weak               Min: 0.01, Avg: 0.01, Max: 0.02, Diff: 0.01, Sum: 0.05, Workers: 4
[0.532s][debug][gc,phases      ] GC(1)     Dead                           Min: 0, Avg:  1.3, Max: 5, Diff: 5, Sum: 5, Workers: 4
[0.532s][debug][gc,phases      ] GC(1)     Total                          Min: 512, Avg: 1060.5, Max: 1490, Diff: 978, Sum: 4242, Workers: 4
[0.532s][debug][gc,phases      ] GC(1)   ResolvedMethodTable Weak       Min: 0.00, Avg: 0.00, Max: 0.00, Diff: 0.00, Sum: 0.01, Workers: 4
[0.532s][debug][gc,phases      ] GC(1)     Dead                           Min: 0, Avg:  0.5, Max: 2, Diff: 2, Sum: 2, Workers: 4
[0.532s][debug][gc,phases      ] GC(1)     Total                          Min: 64, Avg: 113.0, Max: 192, Diff: 128, Sum: 452, Workers: 4
[0.532s][debug][gc,phases      ] GC(1)   JNI Weak                       Min: 0.00, Avg: 0.00, Max: 0.00, Diff: 0.00, Sum: 0.00, Workers: 4
[0.532s][debug][gc,phases      ] GC(1)     Dead                           Min: 0, Avg:  0.0, Max: 0, Diff: 0, Sum: 0, Workers: 4
[0.532s][debug][gc,phases      ] GC(1)     Total                          Min: 0, Avg:  1.0, Max: 4, Diff: 4, Sum: 4, Workers: 4
[0.532s][debug][gc,phases      ] GC(1)   StringDedup Table Weak         Min: 0.00, Avg: 0.00, Max: 0.00, Diff: 0.00, Sum: 0.00, Workers: 4
[0.532s][debug][gc,phases      ] GC(1)     Dead                           Min: 0, Avg:  0.0, Max: 0, Diff: 0, Sum: 0, Workers: 4
[0.532s][debug][gc,phases      ] GC(1)     Total                          Min: 0, Avg:  0.0, Max: 0, Diff: 0, Sum: 0, Workers: 4
[0.532s][debug][gc,phases      ] GC(1)   StringDedup Requests0 Weak     Min: 0.00, Avg: 0.00, Max: 0.00, Diff: 0.00, Sum: 0.00, Workers: 4
[0.532s][debug][gc,phases      ] GC(1)     Dead                           Min: 0, Avg:  0.0, Max: 0, Diff: 0, Sum: 0, Workers: 4
[0.532s][debug][gc,phases      ] GC(1)     Total                          Min: 0, Avg:  0.0, Max: 0, Diff: 0, Sum: 0, Workers: 4
[0.532s][debug][gc,phases      ] GC(1)   StringDedup Requests1 Weak     Min: 0.00, Avg: 0.00, Max: 0.00, Diff: 0.00, Sum: 0.00, Workers: 4
[0.532s][debug][gc,phases      ] GC(1)     Dead                           Min: 0, Avg:  0.0, Max: 0, Diff: 0, Sum: 0, Workers: 4
[0.532s][debug][gc,phases      ] GC(1)     Total                          Min: 0, Avg:  0.0, Max: 0, Diff: 0, Sum: 0, Workers: 4
[0.532s][debug][gc,phases      ] GC(1)   Weak JFR Old Object Samples    Min: 0.00, Avg: 0.00, Max: 0.00, Diff: 0.00, Sum: 0.00, Workers: 4
[0.532s][debug][gc,phases      ] GC(1)     Dead                           Min: 0, Avg:  0.0, Max: 0, Diff: 0, Sum: 0, Workers: 4
[0.532s][debug][gc,phases      ] GC(1)     Total                          Min: 0, Avg:  0.0, Max: 0, Diff: 0, Sum: 0, Workers: 4
[0.532s][debug][gc,phases      ] GC(1) Phase 1: Weak Processing 0.227ms
[0.532s][debug][gc,phases,start] GC(1) Phase 1: Class Unloading and Cleanup
[0.532s][debug][gc,phases,start] GC(1) ClassLoaderData
[0.532s][debug][gc,phases      ] GC(1) ClassLoaderData 0.005ms
[0.532s][debug][gc,phases,start] GC(1) Trigger cleanups
[0.532s][debug][gc,phases      ] GC(1) Trigger cleanups 0.005ms
[0.532s][debug][gc,phases,start] GC(1) G1 Complete Cleaning
[0.533s][debug][gc,phases      ] GC(1) G1 Complete Cleaning 0.663ms
[0.533s][debug][gc,phases,start] GC(1) Purge Unlinked NMethods
[0.533s][debug][gc,phases      ] GC(1) Purge Unlinked NMethods 0.005ms
[0.533s][debug][gc,phases,start] GC(1) Unregister NMethods
[0.533s][debug][gc,phases      ] GC(1) Unregister NMethods 0.045ms
[0.533s][debug][gc,phases,start] GC(1) Free Code Blobs
[0.533s][debug][gc,phases      ] GC(1) Free Code Blobs 0.005ms
[0.533s][debug][gc,phases,start] GC(1) Purge Class Loader Data
[0.533s][debug][gc,phases      ] GC(1) Purge Class Loader Data 0.010ms
[0.533s][debug][gc,phases      ] GC(1) Phase 1: Class Unloading and Cleanup 0.799ms
[0.533s][debug][gc,phases,start] GC(1) Report Object Count
[0.533s][debug][gc,phases      ] GC(1) Report Object Count 0.005ms
[0.533s][info ][gc,phases      ] GC(1) Phase 1: Mark live objects 2.728ms
[0.533s][info ][gc,phases,start] GC(1) Phase 2: Prepare compaction
[0.533s][debug][gc,phases,start] GC(1) Phase 2: Determine work lists
[0.533s][debug][gc,phases      ] GC(1) Phase 2: Determine work lists 0.012ms
[0.533s][debug][gc,phases,start] GC(1) Phase 2: Prepare parallel compaction
[0.533s][debug][gc,phases      ] GC(1) Phase 2: Prepare parallel compaction 0.392ms
[0.533s][info ][gc,phases      ] GC(1) Phase 2: Prepare compaction 0.436ms
[0.533s][info ][gc,phases,start] GC(1) Phase 3: Adjust pointers
[0.534s][info ][gc,phases      ] GC(1) Phase 3: Adjust pointers 0.916ms
[0.534s][info ][gc,phases,start] GC(1) Phase 4: Compact heap
[0.535s][info ][gc,phases      ] GC(1) Phase 4: Compact heap 0.670ms
[0.535s][info ][gc,phases,start] GC(1) Phase 5: Reset Metadata
[0.535s][info ][gc,phases      ] GC(1) Phase 5: Reset Metadata 0.101ms
[0.535s][debug][gc,ergo        ] GC(1) Running G1 Clear Bitmap with 4 workers for 4 work units.
[0.536s][debug][gc,ergo,heap   ] GC(1) Attempt heap shrinking (capacity higher than max desired capacity). Capacity: 268435456B occupancy: 6291456B live: 2903288B maximum_desired_capacity: 20971519B (70 %)
[0.536s][debug][gc,heap,region ] GC(1) Deactivate regions [20, 256)
[0.536s][debug][gc,ergo,heap   ] GC(1) Shrink the heap. requested shrinking amount: 247463937B aligned shrinking amount: 247463936B actual amount shrunk: 247463936B
[0.536s][debug][gc,heap        ] GC(1) Uncommittable regions after shrink: 236
[0.536s][debug][gc,ihop        ] GC(1) Target occupancy update: old: 268435456B, new: 20971520B
[0.536s][debug][gc,task        ] GC(1) G1 Service Thread (G1 Uncommit Region Task) (register)
[0.536s][debug][gc,task,start  ] G1 Service Thread (G1 Uncommit Region Task) (run 0.018ms after schedule)
[0.536s][debug][gc,alloc,stats ] Old generation allocation in the last mutator period, old gen allocated: 0B, humongous allocated: 0B, old gen growth: 0B.
[0.536s][debug][gc,remset      ] GC(1) Coarsening (recent): Inline->AoC 0 (0) AoC->Howl 0 (0) Howl->Full 0 (0) Inline->AoC 0 (0) AoC->BitMap 0 (0) BitMap->Full 0 (0) 
[0.536s][debug][gc,remset      ] GC(1) Coarsening (all): Inline->AoC 0 (0) AoC->Howl 0 (0) Howl->Full 0 (0) Inline->AoC 0 (0) AoC->BitMap 0 (0) BitMap->Full 0 (0) 
[0.536s][info ][gc,heap        ] GC(1) Eden regions: 4->0(7)
[0.536s][info ][gc,heap        ] GC(1) Survivor regions: 2->0(2)
[0.536s][info ][gc,heap        ] GC(1) Old regions: 2->6
[0.536s][info ][gc,heap        ] GC(1) Humongous regions: 0->0
[0.536s][info ][gc,metaspace   ] GC(1) Metaspace: 4626K(4864K)->4626K(4864K) NonClass: 4078K(4224K)->4078K(4224K) Class: 547K(640K)->547K(640K)
[0.536s][debug][gc,heap        ] GC(1) Heap after GC invocations=2 (full 1):
[0.536s][debug][gc,heap        ] GC(1)  garbage-first heap   total reserved 786432K, committed 20480K, used 2835K [0x00000000d0000000, 0x0000000100000000)
[0.536s][debug][gc,heap        ] GC(1)   region size 1024K, 0 young (0K), 0 survivors (0K)
[0.536s][debug][gc,heap        ] GC(1)  Metaspace       used 4626K, committed 4864K, reserved 1114112K
[0.536s][debug][gc,heap        ] GC(1)   class space    used 547K, committed 640K, reserved 1048576K
[0.536s][info ][gc             ] GC(1) Pause Full (System.gc()) 8M->2M(20M) 6.664ms
[0.536s][info ][gc,cpu         ] GC(1) User=0.00s Sys=0.00s Real=0.00s
[0.537s][debug][gc,heap,region ] Uncommit regions [20, 148)
[0.537s][debug][gc,task        ] G1 Service Thread (G1 Uncommit Region Task) (run: 1.659ms) (cpu: 0.000ms)
[0.537s][debug][gc,task,start  ] G1 Service Thread (Card Set Free Memory Task) (run 1.268ms after schedule)
[0.537s][debug][gc,task        ] G1 Service Thread (Card Set Free Memory Task) (run: 0.010ms) (cpu: 0.000ms)
[0.548s][debug][gc,task,start  ] G1 Service Thread (G1 Uncommit Region Task) (run 0.797ms after schedule)
[0.551s][debug][gc,heap,region ] Uncommit regions [148, 256)
[0.551s][debug][gc,heap        ] Concurrent Uncommit Summary: 236M, 236 regions, 3.183ms
[0.551s][debug][gc,task        ] G1 Service Thread (G1 Uncommit Region Task) (run: 2.284ms) (cpu: 0.000ms)
Event: jdk.GarbageCollection {
  startTime = 01:03:55.256 (2024-04-29)
  duration = 6.62 ms
  gcId = 1
  name = "G1Full"
  cause = "System.gc()"
  sumOfPauses = 6.62 ms
  longestPause = 6.62 ms
  eventThread = "VM Thread" (osThreadId = 3104)
}


[0.646s][debug][gc,refine      ] Stopping 0
[0.646s][debug][gc,task        ] G1 Service Thread (stopping)
[0.646s][info ][gc,heap,exit   ] Heap
[0.646s][info ][gc,heap,exit   ]  garbage-first heap   total reserved 786432K, committed 20480K, used 8884K [0x00000000d0000000, 0x0000000100000000)
[0.646s][info ][gc,heap,exit   ]   region size 1024K, 6 young (6144K), 0 survivors (0K)
[0.646s][info ][gc,heap,exit   ]  Metaspace       used 5879K, committed 6144K, reserved 1114112K
[0.646s][info ][gc,heap,exit   ]   class space    used 679K, committed 768K, reserved 1048576K
----------System.err:(1/16)----------
STATUS:Passed.
----------rerun:(42/4304)*----------
cd 'D:\\a\\openjdk\\openjdk\\build\\run-test-prebuilt\\test-support\\jtreg_test_jdk_tier1\\scratch' && \\
PATH='C:\\hostedtoolcache\\windows\\msys2\\msys64\\usr\\bin;D:\\a\\_temp\\setup-msys2' \\
SystemDrive=C: \\
SystemRoot='C:\\Windows' \\
TEMP='C:\\Users\\RUNNER~1\\AppData\\Local\\Temp' \\
TEST_IMAGE_DIR='d:\\a\\openjdk\\openjdk\\bundles\\tests' \\
TMP='C:\\Users\\RUNNER~1\\AppData\\Local\\Temp' \\
_NT_SYMBOL_PATH=' d:\\a\\openjdk\\openjdk\\bundles\\symbols\\jdk-23\\bin;d:\\a\\openjdk\\openjdk\\bundles\\symbols\\jdk-23\\bin\\server' \\
windir='C:\\Windows' \\
CLASSPATH='D:\\a\\openjdk\\openjdk\\build\\run-test-prebuilt\\test-support\\jtreg_test_jdk_tier1\\classes\\jdk\\jfr\\event\\gc\\collection\\TestGCGarbageCollectionEvent.d;D:\\a\\openjdk\\openjdk\\test\\jdk\\jdk\\jfr\\event\\gc\\collection;D:\\a\\openjdk\\openjdk\\build\\run-test-prebuilt\\test-support\\jtreg_test_jdk_tier1\\classes\\test\\lib;D:\\a\\openjdk\\openjdk\\test\\lib;D:\\a\\openjdk\\openjdk\\jtreg\\installed\\lib\\javatest.jar;D:\\a\\openjdk\\openjdk\\jtreg\\installed\\lib\\jtreg.jar' \\
    'd:\\a\\openjdk\\openjdk\\bundles\\jdk\\jdk-23\\bin\\java' \\
        -Dtest.vm.opts='-Xmx768m -XX:MaxRAMPercentage=25 -Dtest.boot.jdk=d:\\a\\openjdk\\openjdk\\bootjdk\\jdk -Djava.io.tmpdir=d:\\a\\openjdk\\openjdk\\build\\run-test-prebuilt\\test-support\\jtreg_test_jdk_tier1\\tmp -XX:+CreateCoredumpOnCrash -ea -esa' \\
        -Dtest.tool.vm.opts='-J-Xmx768m -J-XX:MaxRAMPercentage=25 -J-Dtest.boot.jdk=d:\\a\\openjdk\\openjdk\\bootjdk\\jdk -J-Djava.io.tmpdir=d:\\a\\openjdk\\openjdk\\build\\run-test-prebuilt\\test-support\\jtreg_test_jdk_tier1\\tmp -J-XX:+CreateCoredumpOnCrash -J-ea -J-esa' \\
        -Dtest.compiler.opts= \\
        -Dtest.java.opts=-XX:-CreateCoredumpOnCrash \\
        -Dtest.jdk='d:\\a\\openjdk\\openjdk\\bundles\\jdk\\jdk-23' \\
        -Dcompile.jdk='d:\\a\\openjdk\\openjdk\\bundles\\jdk\\jdk-23' \\
        -Dtest.timeout.factor=4.0 \\
        -Dtest.nativepath='d:\\a\\openjdk\\openjdk\\bundles\\tests\\jdk\\jtreg\\native' \\
        -Dtest.root='D:\\a\\openjdk\\openjdk\\test\\jdk' \\
        -Dtest.name=jdk/jfr/event/gc/collection/TestGCGarbageCollectionEvent.java \\
        -Dtest.file='D:\\a\\openjdk\\openjdk\\test\\jdk\\jdk\\jfr\\event\\gc\\collection\\TestGCGarbageCollectionEvent.java' \\
        -Dtest.src='D:\\a\\openjdk\\openjdk\\test\\jdk\\jdk\\jfr\\event\\gc\\collection' \\
        -Dtest.src.path='D:\\a\\openjdk\\openjdk\\test\\jdk\\jdk\\jfr\\event\\gc\\collection;D:\\a\\openjdk\\openjdk\\test\\lib' \\
        -Dtest.classes='D:\\a\\openjdk\\openjdk\\build\\run-test-prebuilt\\test-support\\jtreg_test_jdk_tier1\\classes\\jdk\\jfr\\event\\gc\\collection\\TestGCGarbageCollectionEvent.d' \\
        -Dtest.class.path='D:\\a\\openjdk\\openjdk\\build\\run-test-prebuilt\\test-support\\jtreg_test_jdk_tier1\\classes\\jdk\\jfr\\event\\gc\\collection\\TestGCGarbageCollectionEvent.d;D:\\a\\openjdk\\openjdk\\build\\run-test-prebuilt\\test-support\\jtreg_test_jdk_tier1\\classes\\test\\lib' \\
        -Dtest.class.path.prefix='D:\\a\\openjdk\\openjdk\\build\\run-test-prebuilt\\test-support\\jtreg_test_jdk_tier1\\classes\\jdk\\jfr\\event\\gc\\collection\\TestGCGarbageCollectionEvent.d;D:\\a\\openjdk\\openjdk\\test\\jdk\\jdk\\jfr\\event\\gc\\collection;D:\\a\\openjdk\\openjdk\\build\\run-test-prebuilt\\test-support\\jtreg_test_jdk_tier1\\classes\\test\\lib' \\
        -Dtest.modules='jdk.jfr java.management' \\
        --add-modules jdk.jfr,java.management \\
        -Xmx768m \\
        -XX:MaxRAMPercentage=25 \\
        '-Dtest.boot.jdk=d:\\a\\openjdk\\openjdk\\bootjdk\\jdk' \\
        '-Djava.io.tmpdir=d:\\a\\openjdk\\openjdk\\build\\run-test-prebuilt\\test-support\\jtreg_test_jdk_tier1\\tmp' \\
        -XX:+CreateCoredumpOnCrash \\
        -ea \\
        -esa \\
        -XX:-CreateCoredumpOnCrash \\
        '-Djava.library.path=d:\\a\\openjdk\\openjdk\\bundles\\tests\\jdk\\jtreg\\native' \\
        -Xlog:gc*=debug \\
        -XX:+UnlockExperimentalVMOptions \\
        -XX:-UseFastUnorderedTimeStamps \\
        com.sun.javatest.regtest.agent.MainWrapper 'D:\\a\\openjdk\\openjdk\\build\\run-test-prebuilt\\test-support\\jtreg_test_jdk_tier1\\jdk\\jfr\\event\\gc\\collection\\TestGCGarbageCollectionEvent.d\\main.0.jta'
result: Passed. Execution successful


test result: Passed. Execution successful
