#Test Results (version 2)
#Mon Apr 29 00:26:48 UTC 2024
#-----testdescription-----
$file=/Users/runner/work/openjdk/openjdk/test/jdk/jdk/jfr/event/gc/collection/TestGCGarbageCollectionEvent.java
$root=/Users/runner/work/openjdk/openjdk/test/jdk
keywords=jfr othervm
library=/test/lib
modules=jdk.jfr java.management
requires=vm.hasJFR
run=USER_SPECIFIED main/othervm -Xlog\:gc*\=debug -XX\:+UnlockExperimentalVMOptions -XX\:-UseFastUnorderedTimeStamps jdk.jfr.event.gc.collection.TestGCGarbageCollectionEvent\n
source=TestGCGarbageCollectionEvent.java
title=\ 

#-----environment-----

#-----testresult-----
description=file\:/Users/runner/work/openjdk/openjdk/test/jdk/jdk/jfr/event/gc/collection/TestGCGarbageCollectionEvent.java
elapsed=477 0\:00\:00.477
end=Mon Apr 29 00\:26\:48 UTC 2024
environment=regtest
execStatus=Passed. Execution successful
harnessLoaderMode=Classpath Loader
harnessVariety=Full Bundle
hostname=192.168.64.15
javatestOS=Mac OS X 14.4.1 (aarch64)
javatestVersion=6.0-ea+b24-2024-04-28-${BUILT_FROM_COMMIT}
jtregVersion=jtreg 7.3.1 dev 0
modules=jdk.jfr java.management
script=com.sun.javatest.regtest.exec.RegressionScript
sections=script_messages build compile main
start=Mon Apr 29 00\:26\:47 UTC 2024
test=jdk/jfr/event/gc/collection/TestGCGarbageCollectionEvent.java
testJDK=/Users/runner/work/openjdk/openjdk/bundles/jdk/jdk-23.jdk/Contents/Home
testJDK_OS=[name\:Mac OS X,arch\:aarch64,version\:14.4.1,family\:mac,simple_arch\:aarch64,simple_version\:14.4,processors\:3,maxMemory\:7516192768,maxSwap\:1073741824]
testJDK_os.arch=aarch64
testJDK_os.name=Mac OS X
testJDK_os.version=14.4.1
totalTime=478
user.name=runner
work=/Users/runner/work/openjdk/openjdk/build/run-test-prebuilt/test-support/jtreg_test_jdk_tier1/jdk/jfr/event/gc/collection

#section:script_messages
----------messages:(7/572)----------
JDK under test: /Users/runner/work/openjdk/openjdk/bundles/jdk/jdk-23.jdk/Contents/Home
openjdk version "23-internal" 2024-09-17
OpenJDK Runtime Environment (build 23-internal-dubi253-4c630b0b2463c476ae1e6c8cae3ae981b793158c)
OpenJDK 64-Bit Server VM (build 23-internal-dubi253-4c630b0b2463c476ae1e6c8cae3ae981b793158c, mixed mode, sharing)
Library /test/lib; kind: packages
   source directory: /Users/runner/work/openjdk/openjdk/test/lib
   class directory: /Users/runner/work/openjdk/openjdk/build/run-test-prebuilt/test-support/jtreg_test_jdk_tier1/classes/0/test/lib

#section:build
----------messages:(7/302)----------
command: build jdk.jfr.event.gc.collection.TestGCGarbageCollectionEvent
reason: Named class compiled on demand
started: Mon Apr 29 00:26:47 UTC 2024
Test directory:
  compile: jdk.jfr.event.gc.collection.TestGCGarbageCollectionEvent
finished: Mon Apr 29 00:26:48 UTC 2024
elapsed time (seconds): 0.063
result: Passed. Build successful

#section:compile
----------messages:(8/378)----------
command: compile /Users/runner/work/openjdk/openjdk/test/jdk/jdk/jfr/event/gc/collection/TestGCGarbageCollectionEvent.java
reason: .class file out of date or does not exist
started: Mon Apr 29 00:26:47 UTC 2024
Additional options from @modules: --add-modules jdk.jfr,java.management
Mode: agentvm
Agent id: 1
finished: Mon Apr 29 00:26:48 UTC 2024
elapsed time (seconds): 0.063
----------configuration:(13/945)----------
Boot Layer (javac runtime environment)
  class path: /Users/runner/work/openjdk/openjdk/jtreg/installed/lib/javatest.jar 
              /Users/runner/work/openjdk/openjdk/jtreg/installed/lib/jtreg.jar 
  patch:      java.base /Users/runner/work/openjdk/openjdk/build/run-test-prebuilt/test-support/jtreg_test_jdk_tier1/patches/java.base

javac compilation environment
  add modules: jdk.jfr java.management
  source path: /Users/runner/work/openjdk/openjdk/test/jdk/jdk/jfr/event/gc/collection
               /Users/runner/work/openjdk/openjdk/test/lib
  class path:  /Users/runner/work/openjdk/openjdk/test/jdk/jdk/jfr/event/gc/collection
               /Users/runner/work/openjdk/openjdk/build/run-test-prebuilt/test-support/jtreg_test_jdk_tier1/classes/0/jdk/jfr/event/gc/collection/TestGCGarbageCollectionEvent.d
               /Users/runner/work/openjdk/openjdk/build/run-test-prebuilt/test-support/jtreg_test_jdk_tier1/classes/0/test/lib

----------rerun:(35/3915)*----------
cd /Users/runner/work/openjdk/openjdk/build/run-test-prebuilt/test-support/jtreg_test_jdk_tier1/scratch/0 && \\
HOME=/Users/runner \\
LANG=en_US.UTF-8 \\
LC_ALL=C \\
LC_CTYPE=en_US.UTF-8 \\
PATH=/bin:/usr/bin:/usr/sbin \\
TEST_IMAGE_DIR=/Users/runner/work/openjdk/openjdk/bundles/tests \\
    /Users/runner/work/openjdk/openjdk/bundles/jdk/jdk-23.jdk/Contents/Home/bin/javac \\
        -J-Xmx768m \\
        -J-XX:MaxRAMPercentage=12.5 \\
        -J-Dtest.boot.jdk=/Users/runner/work/openjdk/openjdk/bootjdk/jdk \\
        -J-Djava.io.tmpdir=/Users/runner/work/openjdk/openjdk/build/run-test-prebuilt/test-support/jtreg_test_jdk_tier1/tmp \\
        -J-ea \\
        -J-esa \\
        -J-Dtest.vm.opts='-Xmx768m -XX:MaxRAMPercentage=12.5 -Dtest.boot.jdk=/Users/runner/work/openjdk/openjdk/bootjdk/jdk -Djava.io.tmpdir=/Users/runner/work/openjdk/openjdk/build/run-test-prebuilt/test-support/jtreg_test_jdk_tier1/tmp -ea -esa' \\
        -J-Dtest.tool.vm.opts='-J-Xmx768m -J-XX:MaxRAMPercentage=12.5 -J-Dtest.boot.jdk=/Users/runner/work/openjdk/openjdk/bootjdk/jdk -J-Djava.io.tmpdir=/Users/runner/work/openjdk/openjdk/build/run-test-prebuilt/test-support/jtreg_test_jdk_tier1/tmp -J-ea -J-esa' \\
        -J-Dtest.compiler.opts= \\
        -J-Dtest.java.opts=-XX:-CreateCoredumpOnCrash \\
        -J-Dtest.jdk=/Users/runner/work/openjdk/openjdk/bundles/jdk/jdk-23.jdk/Contents/Home \\
        -J-Dcompile.jdk=/Users/runner/work/openjdk/openjdk/bundles/jdk/jdk-23.jdk/Contents/Home \\
        -J-Dtest.timeout.factor=4.0 \\
        -J-Dtest.nativepath=/Users/runner/work/openjdk/openjdk/bundles/tests/jdk/jtreg/native \\
        -J-Dtest.root=/Users/runner/work/openjdk/openjdk/test/jdk \\
        -J-Dtest.name=jdk/jfr/event/gc/collection/TestGCGarbageCollectionEvent.java \\
        -J-Dtest.file=/Users/runner/work/openjdk/openjdk/test/jdk/jdk/jfr/event/gc/collection/TestGCGarbageCollectionEvent.java \\
        -J-Dtest.src=/Users/runner/work/openjdk/openjdk/test/jdk/jdk/jfr/event/gc/collection \\
        -J-Dtest.src.path=/Users/runner/work/openjdk/openjdk/test/jdk/jdk/jfr/event/gc/collection:/Users/runner/work/openjdk/openjdk/test/lib \\
        -J-Dtest.classes=/Users/runner/work/openjdk/openjdk/build/run-test-prebuilt/test-support/jtreg_test_jdk_tier1/classes/0/jdk/jfr/event/gc/collection/TestGCGarbageCollectionEvent.d \\
        -J-Dtest.class.path=/Users/runner/work/openjdk/openjdk/build/run-test-prebuilt/test-support/jtreg_test_jdk_tier1/classes/0/jdk/jfr/event/gc/collection/TestGCGarbageCollectionEvent.d:/Users/runner/work/openjdk/openjdk/build/run-test-prebuilt/test-support/jtreg_test_jdk_tier1/classes/0/test/lib \\
        -J-Dtest.class.path.prefix=/Users/runner/work/openjdk/openjdk/build/run-test-prebuilt/test-support/jtreg_test_jdk_tier1/classes/0/jdk/jfr/event/gc/collection/TestGCGarbageCollectionEvent.d:/Users/runner/work/openjdk/openjdk/test/jdk/jdk/jfr/event/gc/collection:/Users/runner/work/openjdk/openjdk/build/run-test-prebuilt/test-support/jtreg_test_jdk_tier1/classes/0/test/lib \\
        -J-Dtest.modules='jdk.jfr java.management' \\
        --add-modules jdk.jfr,java.management \\
        -d /Users/runner/work/openjdk/openjdk/build/run-test-prebuilt/test-support/jtreg_test_jdk_tier1/classes/0/jdk/jfr/event/gc/collection/TestGCGarbageCollectionEvent.d \\
        -sourcepath /Users/runner/work/openjdk/openjdk/test/jdk/jdk/jfr/event/gc/collection:/Users/runner/work/openjdk/openjdk/test/lib \\
        -classpath /Users/runner/work/openjdk/openjdk/test/jdk/jdk/jfr/event/gc/collection:/Users/runner/work/openjdk/openjdk/build/run-test-prebuilt/test-support/jtreg_test_jdk_tier1/classes/0/jdk/jfr/event/gc/collection/TestGCGarbageCollectionEvent.d:/Users/runner/work/openjdk/openjdk/build/run-test-prebuilt/test-support/jtreg_test_jdk_tier1/classes/0/test/lib /Users/runner/work/openjdk/openjdk/test/jdk/jdk/jfr/event/gc/collection/TestGCGarbageCollectionEvent.java
----------direct:(4/332)----------
Note: /Users/runner/work/openjdk/openjdk/test/lib/jdk/test/lib/jfr/Events.java uses or overrides a deprecated API.
Note: Recompile with -Xlint:deprecation for details.
Note: /Users/runner/work/openjdk/openjdk/test/lib/jdk/test/lib/Asserts.java uses unchecked or unsafe operations.
Note: Recompile with -Xlint:unchecked for details.
result: Passed. Compilation successful

#section:main
----------messages:(7/553)----------
command: main -Xlog:gc*=debug -XX:+UnlockExperimentalVMOptions -XX:-UseFastUnorderedTimeStamps jdk.jfr.event.gc.collection.TestGCGarbageCollectionEvent
reason: User specified action: run main/othervm -Xlog:gc*=debug -XX:+UnlockExperimentalVMOptions -XX:-UseFastUnorderedTimeStamps jdk.jfr.event.gc.collection.TestGCGarbageCollectionEvent 
started: Mon Apr 29 00:26:48 UTC 2024
Mode: othervm [/othervm specified]
Additional options from @modules: --add-modules jdk.jfr,java.management
finished: Mon Apr 29 00:26:48 UTC 2024
elapsed time (seconds): 0.413
----------configuration:(3/51)----------
Boot Layer
  add modules: jdk.jfr java.management

----------System.out:(656/73393)----------
[0.003s][info][gc,init] CardTable entry size: 512
[0.003s][debug][gc,heap] Minimum heap 8388608  Initial heap 117440512  Maximum heap 805306368
[0.003s][debug][gc,remset] Card Set container configuration: InlinePtr #cards 5 size 8 Array Of Cards #cards 10 size 36 Howl #buckets 4 coarsen threshold 1843 Howl Bitmap #cards 512 size 80 coarsen threshold 460 Card regions per heap region 1 cards per card region 2048
[0.003s][info ][gc       ] Using G1
[0.003s][debug][gc,heap,coops] Heap address: 0x00000007d0000000, size: 768 MB, Compressed Oops mode: Zero based, Oop shift amount: 3
[0.003s][debug][gc           ] ConcGCThreads: 1 offset 6
[0.003s][debug][gc           ] ParallelGCThreads: 3
[0.003s][debug][gc           ] Initialize mark stack with 4096 chunks, maximum 536870912
[0.003s][debug][gc,ergo,heap ] Expand the heap. requested expansion amount: 117440512B expansion amount: 117440512B
[0.003s][debug][gc,heap,region] Activate regions [0, 112)
[0.003s][debug][gc,ihop       ] Target occupancy update: old: 0B, new: 117440512B
[0.003s][debug][gc,task       ] G1 Service Thread (Periodic GC Task) (register)
[0.003s][debug][gc,task       ] G1 Service Thread (Card Set Free Memory Task) (register)
[0.003s][info ][gc,init       ] Version: 23-internal-dubi253-4c630b0b2463c476ae1e6c8cae3ae981b793158c (release)
[0.003s][info ][gc,init       ] CPUs: 3 total, 3 available
[0.003s][info ][gc,init       ] Memory: 7168M
[0.003s][info ][gc,init       ] Large Page Support: Disabled
[0.003s][info ][gc,init       ] NUMA Support: Disabled
[0.003s][info ][gc,init       ] Compressed Oops: Enabled (Zero based)
[0.003s][info ][gc,init       ] Heap Region Size: 1M
[0.003s][info ][gc,init       ] Heap Min Capacity: 8M
[0.003s][info ][gc,init       ] Heap Initial Capacity: 112M
[0.003s][info ][gc,init       ] Heap Max Capacity: 768M
[0.003s][info ][gc,init       ] Pre-touch: Disabled
[0.003s][info ][gc,init       ] Parallel Workers: 3
[0.003s][info ][gc,init       ] Concurrent Workers: 1
[0.003s][info ][gc,init       ] Concurrent Refinement Workers: 3
[0.003s][info ][gc,init       ] Periodic GC: Disabled
[0.006s][debug][gc,heap,region] Activate regions [766, 767)
[0.006s][debug][gc,heap,region] Activate regions [767, 768)
[0.006s][debug][gc,ergo,heap  ] Attempt heap expansion (allocate archive regions). Total size: 2097152B
[0.006s][info ][gc,metaspace  ] CDS archive(s) mapped at: [0x00003fff00000000-0x00003fff00ca4000-0x00003fff00ca4000), size 13254656, SharedBaseAddress: 0x00003fff00000000, ArchiveRelocationMode: 1.
[0.006s][info ][gc,metaspace  ] Compressed class space mapped at: 0x00003fff01000000-0x00003fff41000000, reserved size: 1073741824
[0.006s][info ][gc,metaspace  ] Narrow klass base: 0x00003fff00000000, Narrow klass shift: 0, Narrow klass range: 0x100000000
[0.012s][debug][gc,task,start ] G1 Service Thread (Periodic GC Task) (run 9.409ms after schedule)
[0.013s][debug][gc,task       ] G1 Service Thread (Periodic GC Task) (run: 0.013ms) (cpu: 0.013ms)
[0.013s][debug][gc,task,start ] G1 Service Thread (Card Set Free Memory Task) (run 9.423ms after schedule)
[0.013s][debug][gc,task       ] G1 Service Thread (Card Set Free Memory Task) (run: 0.004ms) (cpu: 0.004ms)
[0.135s][info ][gc,start      ] GC(0) Pause Young (Normal) (G1 Evacuation Pause)
[0.135s][debug][gc,heap       ] GC(0) Heap before GC invocations=0 (full 0):
[0.135s][debug][gc,heap       ] GC(0)  garbage-first heap   total reserved 786432K, committed 116736K, used 7200K [0x00000007d0000000, 0x0000000800000000)
[0.135s][debug][gc,heap       ] GC(0)   region size 1024K, 7 young (7168K), 0 survivors (0K)
[0.135s][debug][gc,heap       ] GC(0)  Metaspace       used 3398K, committed 3584K, reserved 1114112K
[0.135s][debug][gc,heap       ] GC(0)   class space    used 437K, committed 512K, reserved 1048576K
[0.135s][info ][gc,task       ] GC(0) Using 3 workers of 3 for evacuation
[0.135s][debug][gc,age        ] GC(0) Desired survivor size 524288 bytes, new threshold 15 (max threshold 15)
[0.135s][debug][gc,tlab       ] GC(0) TLAB totals: thrds: 5  refills: 52 max: 40 slow allocs: 6 max 4 waste:  8.3% gc: 528040B max: 146728B slow: 55304B max: 44144B
[0.135s][debug][gc,refine,stats] GC(0) Mutator refinement: 0.00ms, refined: 0, precleaned: 0, dirtied: 376
[0.135s][debug][gc,refine,stats] GC(0) Concurrent refinement: 0.00ms, refined: 0, precleaned: 0, dirtied: 0
[0.135s][debug][gc,refine,stats] GC(0) Total refinement: 0.00ms, refined: 0, precleaned: 0, dirtied: 376
[0.135s][debug][gc,refine,stats] GC(0) Generate dirty cards rate: 2.84 cards/ms
[0.135s][debug][gc,alloc,region] GC(0) Mutator Allocation stats, regions: 7, wasted size: 0B ( 0.0%)
[0.135s][debug][gc,ergo,cset   ] GC(0) No candidates to reclaim.
[0.136s][debug][gc,ergo        ] GC(0) Running G1 Merge Heap Roots using 3 workers for 7 regions
[0.136s][debug][gc,remset      ] GC(0) Visited cards 672 Total dirty 4096 (16.41%) Total old 32768 (2.05%)
[0.137s][debug][gc,ref         ] GC(0) Skipped SoftWeakFinalRefsPhase of Reference Processing: no references
[0.137s][debug][gc,ref         ] GC(0) Skipped KeepAliveFinalRefsPhase of Reference Processing: no references
[0.137s][debug][gc,ref         ] GC(0) ReferenceProcessor::execute queues: 1, RefProcThreadModel::Single, marks_oops_alive: false
[0.137s][debug][gc,ergo        ] GC(0) Running G1 Rebuild Free List Task using 3 workers for rebuilding free list of regions
[0.137s][debug][gc,plab        ] GC(0) Young PLAB allocation: allocated: 778480B, wasted: 648B, unused: 0B, used: 777832B, undo waste: 0B, 
[0.137s][debug][gc,plab        ] GC(0) Young other allocation: region end waste: 0B, regions filled: 1, num plab filled: 23, direct allocated: 270096B, num direct allocated: 4, failure used: 0B, failure wasted: 0B
[0.137s][debug][gc,plab        ] GC(0) Young sizing: calculated: 155560B, actual: 155560B
[0.137s][debug][gc,plab        ] GC(0) Old PLAB allocation: allocated: 630784B, wasted: 1608B, unused: 38664B, used: 590512B, undo waste: 0B, 
[0.137s][debug][gc,plab        ] GC(0) Old other allocation: region end waste: 0B, regions filled: 1, num plab filled: 44, direct allocated: 45120B, num direct allocated: 4, failure used: 0B, failure wasted: 0B
[0.137s][debug][gc,plab        ] GC(0) Old sizing: calculated: 118096B, actual: 118096B
[0.137s][debug][gc,ergo,heap   ] GC(0) Heap expansion: short term pause time ratio 0.00% long term pause time ratio 0.00% threshold 2.28% pause time ratio 7.69% fully expanded false resize by 0B
[0.137s][debug][gc,mmu         ] GC(0) MMU: 2.4ms (200.0ms/201.0ms)
[0.137s][debug][gc,alloc,stats ] Old generation allocation in the last mutator period, old gen allocated: 630784B, humongous allocated: 0B, old gen growth: 630784B.
[0.137s][debug][gc,ihop        ] GC(0) Basic information (value update), threshold: 52848230B (45.00), target occupancy: 117440512B, current occupancy: 2806744B, recent allocation size: 630784B, recent allocation duration: 132.22ms, recent old gen allocation rate: 4770617.73B/s, recent marking phase length: 0.00ms
[0.137s][debug][gc,task,start  ] G1 Service Thread (Card Set Free Memory Task) (run 0.013ms after schedule)
[0.137s][debug][gc,ihop        ] GC(0) Adaptive IHOP information (value update), threshold: 52848230B (47.37), internal target occupancy: 111568486B, occupancy: 2806744B, additional buffer size: 8388608B, predicted old gen allocation rate: 9541235.46B/s, predicted marking phase length: 0.00ms, prediction active: false
[0.137s][debug][gc,ergo,refine ] GC(0) GC refinement: goal: 18446744073709551615 + 240 / 20.00ms, actual: 376 / 0.03ms, 
[0.137s][debug][gc,ergo,refine ] GC(0) Unchanged pending cards target: 18446744073709551615
[0.137s][info ][gc,phases      ] GC(0)   Pre Evacuate Collection Set: 0.10ms
[0.137s][debug][gc,phases      ] GC(0)     Pre Evacuate Prepare: 0.06ms
[0.137s][debug][gc,phases      ] GC(0)       JT Retire TLABs And Flush Logs (ms): Min: 0.00, Avg: 0.00, Max: 0.01, Diff: 0.01, Sum: 0.01, Workers: 2
[0.137s][debug][gc,phases      ] GC(0)       Non-JT Flush Logs (ms):        Min: 0.00, Avg: 0.00, Max: 0.00, Diff: 0.00, Sum: 0.00, Workers: 1
[0.137s][debug][gc,phases      ] GC(0)     Choose Collection Set: 0.00ms
[0.137s][debug][gc,phases      ] GC(0)     Region Register: 0.02ms
[0.137s][debug][gc,phases      ] GC(0)     Prepare Heap Roots: 0.01ms
[0.137s][info ][gc,phases      ] GC(0)   Merge Heap Roots: 0.60ms
[0.137s][debug][gc,phases      ] GC(0)     Prepare Merge Heap Roots: 0.00ms
[0.137s][debug][gc,phases      ] GC(0)     Remembered Sets (ms):          Min: 0.00, Avg: 0.00, Max: 0.01, Diff: 0.01, Sum: 0.01, Workers: 3
[0.137s][debug][gc,phases      ] GC(0)       Eager Reclaim (ms):            skipped
[0.137s][debug][gc,phases      ] GC(0)       Merged Inline:                 Min: 0, Avg:  0.0, Max: 0, Diff: 0, Sum: 0, Workers: 3
[0.137s][debug][gc,phases      ] GC(0)       Merged ArrayOfCards:           Min: 0, Avg:  0.0, Max: 0, Diff: 0, Sum: 0, Workers: 3
[0.137s][debug][gc,phases      ] GC(0)       Merged Howl:                   Min: 0, Avg:  0.0, Max: 0, Diff: 0, Sum: 0, Workers: 3
[0.137s][debug][gc,phases      ] GC(0)       Merged Full:                   Min: 0, Avg:  0.0, Max: 0, Diff: 0, Sum: 0, Workers: 3
[0.137s][debug][gc,phases      ] GC(0)       Merged Howl Inline:            Min: 0, Avg:  0.0, Max: 0, Diff: 0, Sum: 0, Workers: 3
[0.137s][debug][gc,phases      ] GC(0)       Merged Howl ArrayOfCards:      Min: 0, Avg:  0.0, Max: 0, Diff: 0, Sum: 0, Workers: 3
[0.137s][debug][gc,phases      ] GC(0)       Merged Howl BitMap:            Min: 0, Avg:  0.0, Max: 0, Diff: 0, Sum: 0, Workers: 3
[0.137s][debug][gc,phases      ] GC(0)       Merged Howl Full:              Min: 0, Avg:  0.0, Max: 0, Diff: 0, Sum: 0, Workers: 3
[0.137s][debug][gc,phases      ] GC(0)       Merged Cards:                  Min: 16, Avg: 16.0, Max: 16, Diff: 0, Sum: 48, Workers: 3
[0.137s][debug][gc,phases      ] GC(0)     Distribute Log Buffers: 0.00ms
[0.137s][debug][gc,phases      ] GC(0)     Log Buffers (ms):              Min: 0.00, Avg: 0.00, Max: 0.00, Diff: 0.00, Sum: 0.00, Workers: 3
[0.137s][debug][gc,phases      ] GC(0)       Dirty Cards:                   Min: 0, Avg: 125.3, Max: 376, Diff: 376, Sum: 376, Workers: 3
[0.137s][debug][gc,phases      ] GC(0)       Skipped Cards:                 Min: 0, Avg:  0.0, Max: 0, Diff: 0, Sum: 0, Workers: 3
[0.137s][info ][gc,phases      ] GC(0)   Evacuate Collection Set: 1.50ms
[0.137s][debug][gc,phases      ] GC(0)     Ext Root Scanning (ms):        Min: 0.04, Avg: 0.18, Max: 0.31, Diff: 0.27, Sum: 0.55, Workers: 3
[0.137s][debug][gc,phases      ] GC(0)     Scan Heap Roots (ms):          Min: 0.00, Avg: 0.03, Max: 0.05, Diff: 0.05, Sum: 0.08, Workers: 3
[0.137s][debug][gc,phases      ] GC(0)       Scanned Cards:                 Min: 0, Avg: 125.3, Max: 199, Diff: 199, Sum: 376, Workers: 3
[0.137s][debug][gc,phases      ] GC(0)       Scanned Blocks:                Min: 0, Avg: 18.3, Max: 42, Diff: 42, Sum: 55, Workers: 3
[0.137s][debug][gc,phases      ] GC(0)       Claimed Chunks:                Min: 0, Avg:  7.0, Max: 15, Diff: 15, Sum: 21, Workers: 3
[0.137s][debug][gc,phases      ] GC(0)       Found Roots:                   Min: 0, Avg: 810.3, Max: 1411, Diff: 1411, Sum: 2431, Workers: 3
[0.137s][debug][gc,phases      ] GC(0)     Code Root Scan (ms):           Min: 0.00, Avg: 0.07, Max: 0.13, Diff: 0.13, Sum: 0.20, Workers: 3
[0.137s][debug][gc,phases      ] GC(0)       Scanned Nmethods:              Min: 0, Avg: 45.3, Max: 85, Diff: 85, Sum: 136, Workers: 3
[0.137s][debug][gc,phases      ] GC(0)     Object Copy (ms):              Min: 0.31, Avg: 0.85, Max: 1.17, Diff: 0.86, Sum: 2.55, Workers: 3
[0.137s][debug][gc,phases      ] GC(0)     Termination (ms):              Min: 0.00, Avg: 0.08, Max: 0.12, Diff: 0.11, Sum: 0.23, Workers: 3
[0.137s][debug][gc,phases      ] GC(0)       Termination Attempts:          Min: 1, Avg:  1.7, Max: 2, Diff: 1, Sum: 5, Workers: 3
[0.137s][debug][gc,phases      ] GC(0)     GC Worker Other (ms):          Min: 0.00, Avg: 0.00, Max: 0.01, Diff: 0.00, Sum: 0.01, Workers: 3
[0.137s][debug][gc,phases      ] GC(0)     GC Worker Total (ms):          Min: 0.65, Avg: 1.21, Max: 1.49, Diff: 0.84, Sum: 3.62, Workers: 3
[0.137s][info ][gc,phases      ] GC(0)   Post Evacuate Collection Set: 0.13ms
[0.137s][debug][gc,phases      ] GC(0)     NMethod List Cleanup: 0.00ms
[0.137s][debug][gc,phases      ] GC(0)     Reference Processing: 0.02ms
[0.137s][debug][gc,phases,ref  ] GC(0)       Notify Soft/WeakReferences: 0.0ms
[0.137s][debug][gc,phases,ref  ] GC(0)         SoftRef (ms):                  skipped
[0.137s][debug][gc,phases,ref  ] GC(0)         WeakRef (ms):                  skipped
[0.137s][debug][gc,phases,ref  ] GC(0)         FinalRef (ms):                 skipped
[0.137s][debug][gc,phases,ref  ] GC(0)         Total (ms):                    skipped
[0.137s][debug][gc,phases,ref  ] GC(0)       Notify and keep alive finalizable: 0.0ms
[0.137s][debug][gc,phases,ref  ] GC(0)         FinalRef (ms):                 skipped
[0.137s][debug][gc,phases,ref  ] GC(0)       Notify PhantomReferences: 0.0ms
[0.137s][debug][gc,phases,ref  ] GC(0)         PhantomRef (ms):               Min: 0.00, Avg: 0.00, Max: 0.00, Diff: 0.00, Sum: 0.00, Workers: 1
[0.137s][debug][gc,phases,ref  ] GC(0)       SoftReference Discovered: 0, Dropped: 0, Processed: 0
[0.137s][debug][gc,phases,ref  ] GC(0)       WeakReference Discovered: 0, Dropped: 0, Processed: 0
[0.137s][debug][gc,phases,ref  ] GC(0)       FinalReference Discovered: 0, Dropped: 0, Processed: 0
[0.137s][debug][gc,phases,ref  ] GC(0)       PhantomReference Discovered: 89, Dropped: 7, Processed: 82
[0.137s][debug][gc,phases      ] GC(0)     Weak Processing: 0.02ms
[0.137s][debug][gc,phases      ] GC(0)       VM Weak                        Min: 0.00, Avg: 0.00, Max: 0.00, Diff: 0.00, Sum: 0.00, Workers: 2
[0.137s][debug][gc,phases      ] GC(0)         Dead                           Min: 0, Avg:  0.0, Max: 0, Diff: 0, Sum: 0, Workers: 2
[0.137s][debug][gc,phases      ] GC(0)         Total                          Min: 0, Avg: 21.5, Max: 43, Diff: 43, Sum: 43, Workers: 2
[0.137s][debug][gc,phases      ] GC(0)       ObjectSynchronizer Weak        Min: 0.00, Avg: 0.00, Max: 0.00, Diff: 0.00, Sum: 0.00, Workers: 2
[0.137s][debug][gc,phases      ] GC(0)         Dead                           Min: 0, Avg:  0.0, Max: 0, Diff: 0, Sum: 0, Workers: 2
[0.137s][debug][gc,phases      ] GC(0)         Total                          Min: 0, Avg:  1.5, Max: 3, Diff: 3, Sum: 3, Workers: 2
[0.137s][debug][gc,phases      ] GC(0)       JVMTI Tag Weak OopStorage      Min: 0.00, Avg: 0.00, Max: 0.00, Diff: 0.00, Sum: 0.00, Workers: 2
[0.137s][debug][gc,phases      ] GC(0)         Dead                           Min: 0, Avg:  0.0, Max: 0, Diff: 0, Sum: 0, Workers: 2
[0.137s][debug][gc,phases      ] GC(0)         Total                          Min: 0, Avg:  0.0, Max: 0, Diff: 0, Sum: 0, Workers: 2
[0.137s][debug][gc,phases      ] GC(0)       StringTable Weak               Min: 0.00, Avg: 0.00, Max: 0.01, Diff: 0.00, Sum: 0.01, Workers: 2
[0.137s][debug][gc,phases      ] GC(0)         Dead                           Min: 1, Avg:  3.5, Max: 6, Diff: 5, Sum: 7, Workers: 2
[0.137s][debug][gc,phases      ] GC(0)         Total                          Min: 52, Avg: 378.0, Max: 704, Diff: 652, Sum: 756, Workers: 2
[0.137s][debug][gc,phases      ] GC(0)       ResolvedMethodTable Weak       Min: 0.00, Avg: 0.00, Max: 0.00, Diff: 0.00, Sum: 0.00, Workers: 2
[0.137s][debug][gc,phases      ] GC(0)         Dead                           Min: 12, Avg: 22.5, Max: 33, Diff: 21, Sum: 45, Workers: 2
[0.137s][debug][gc,phases      ] GC(0)         Total                          Min: 128, Avg: 184.0, Max: 240, Diff: 112, Sum: 368, Workers: 2
[0.137s][debug][gc,phases      ] GC(0)       JNI Weak                       Min: 0.00, Avg: 0.00, Max: 0.00, Diff: 0.00, Sum: 0.00, Workers: 2
[0.137s][debug][gc,phases      ] GC(0)         Dead                           Min: 0, Avg:  0.0, Max: 0, Diff: 0, Sum: 0, Workers: 2
[0.137s][debug][gc,phases      ] GC(0)         Total                          Min: 0, Avg:  0.0, Max: 0, Diff: 0, Sum: 0, Workers: 2
[0.137s][debug][gc,phases      ] GC(0)       StringDedup Table Weak         Min: 0.00, Avg: 0.00, Max: 0.00, Diff: 0.00, Sum: 0.00, Workers: 2
[0.138s][debug][gc,phases      ] GC(0)         Dead                           Min: 0, Avg:  0.0, Max: 0, Diff: 0, Sum: 0, Workers: 2
[0.138s][debug][gc,phases      ] GC(0)         Total                          Min: 0, Avg:  0.0, Max: 0, Diff: 0, Sum: 0, Workers: 2
[0.138s][debug][gc,phases      ] GC(0)       StringDedup Requests0 Weak     Min: 0.00, Avg: 0.00, Max: 0.00, Diff: 0.00, Sum: 0.00, Workers: 2
[0.138s][debug][gc,phases      ] GC(0)         Dead                           Min: 0, Avg:  0.0, Max: 0, Diff: 0, Sum: 0, Workers: 2
[0.138s][debug][gc,phases      ] GC(0)         Total                          Min: 0, Avg:  0.0, Max: 0, Diff: 0, Sum: 0, Workers: 2
[0.138s][debug][gc,phases      ] GC(0)       StringDedup Requests1 Weak     Min: 0.00, Avg: 0.00, Max: 0.00, Diff: 0.00, Sum: 0.00, Workers: 2
[0.138s][debug][gc,phases      ] GC(0)         Dead                           Min: 0, Avg:  0.0, Max: 0, Diff: 0, Sum: 0, Workers: 2
[0.138s][debug][gc,phases      ] GC(0)         Total                          Min: 0, Avg:  0.0, Max: 0, Diff: 0, Sum: 0, Workers: 2
[0.138s][debug][gc,phases      ] GC(0)       Weak JFR Old Object Samples    Min: 0.00, Avg: 0.00, Max: 0.00, Diff: 0.00, Sum: 0.00, Workers: 2
[0.138s][debug][gc,phases      ] GC(0)         Dead                           Min: 0, Avg:  0.0, Max: 0, Diff: 0, Sum: 0, Workers: 2
[0.138s][debug][gc,phases      ] GC(0)         Total                          Min: 0, Avg:  0.0, Max: 0, Diff: 0, Sum: 0, Workers: 2
[0.138s][debug][gc,phases      ] GC(0)     Post Evacuate Cleanup 1: 0.02ms
[0.138s][debug][gc,phases      ] GC(0)       Merge Per-Thread State (ms):   Min: 0.00, Avg: 0.00, Max: 0.00, Diff: 0.00, Sum: 0.00, Workers: 1
[0.138s][debug][gc,phases      ] GC(0)         Copied Bytes:                  Min: 224024, Avg: 561186.7, Max: 1008872, Diff: 784848, Sum: 1683560, Workers: 3
[0.138s][debug][gc,phases      ] GC(0)         LAB Waste:                     Min: 400, Avg: 752.0, Max: 1416, Diff: 1016, Sum: 2256, Workers: 3
[0.138s][debug][gc,phases      ] GC(0)         LAB Undo Waste:                Min: 0, Avg:  0.0, Max: 0, Diff: 0, Sum: 0, Workers: 3
[0.138s][debug][gc,phases      ] GC(0)         Evac Fail Extra Cards:         Min: 0, Avg:  0.0, Max: 0, Diff: 0, Sum: 0, Workers: 3
[0.138s][debug][gc,phases      ] GC(0)       Clear Logged Cards (ms):       Min: 0.00, Avg: 0.00, Max: 0.00, Diff: 0.00, Sum: 0.00, Workers: 3
[0.138s][debug][gc,phases      ] GC(0)       Recalculate Used Memory (ms):  Min: 0.00, Avg: 0.00, Max: 0.00, Diff: 0.00, Sum: 0.00, Workers: 1
[0.138s][debug][gc,phases      ] GC(0)     Post Evacuate Cleanup 2: 0.03ms
[0.138s][debug][gc,phases      ] GC(0)       Update Derived Pointers (ms):  Min: 0.00, Avg: 0.00, Max: 0.00, Diff: 0.00, Sum: 0.00, Workers: 1
[0.138s][debug][gc,phases      ] GC(0)       Eagerly Reclaim Humongous Objects (ms): skipped
[0.138s][debug][gc,phases      ] GC(0)         Humongous Total:               skipped
[0.138s][debug][gc,phases      ] GC(0)         Humongous Candidates:          skipped
[0.138s][debug][gc,phases      ] GC(0)         Humongous Reclaimed:           skipped
[0.138s][debug][gc,phases      ] GC(0)       Redirty Logged Cards (ms):     Min: 0.00, Avg: 0.00, Max: 0.00, Diff: 0.00, Sum: 0.01, Workers: 3
[0.138s][debug][gc,phases      ] GC(0)         Redirtied Cards:               Min: 0, Avg: 499.3, Max: 1242, Diff: 1242, Sum: 1498, Workers: 3
[0.138s][debug][gc,phases      ] GC(0)       Resize TLABs (ms):             Min: 0.00, Avg: 0.00, Max: 0.00, Diff: 0.00, Sum: 0.00, Workers: 3
[0.138s][debug][gc,phases      ] GC(0)       Free Collection Set (ms):      Min: 0.00, Avg: 0.01, Max: 0.01, Diff: 0.00, Sum: 0.02, Workers: 3
[0.138s][debug][gc,phases      ] GC(0)     Rebuild Free List: 0.03ms
[0.138s][debug][gc,phases      ] GC(0)     Prepare For Mutator: 0.02ms
[0.138s][debug][gc,phases      ] GC(0)     Expand Heap After Collection: 0.00ms
[0.138s][info ][gc,phases      ] GC(0)   Other: 0.16ms
[0.138s][debug][gc,remset      ] GC(0) Coarsening (recent): Inline->AoC 0 (0) AoC->Howl 0 (0) Howl->Full 0 (0) Inline->AoC 0 (0) AoC->BitMap 0 (0) BitMap->Full 0 (0) 
[0.138s][debug][gc,remset      ] GC(0) Coarsening (all): Inline->AoC 0 (0) AoC->Howl 0 (0) Howl->Full 0 (0) Inline->AoC 0 (0) AoC->BitMap 0 (0) BitMap->Full 0 (0) 
[0.138s][info ][gc,heap        ] GC(0) Eden regions: 7->0(7)
[0.138s][info ][gc,heap        ] GC(0) Survivor regions: 0->1(1)
[0.138s][info ][gc,heap        ] GC(0) Old regions: 2->3
[0.138s][info ][gc,heap        ] GC(0) Humongous regions: 0->0
[0.138s][info ][gc,metaspace   ] GC(0) Metaspace: 3398K(3584K)->3398K(3584K) NonClass: 2961K(3072K)->2961K(3072K) Class: 437K(512K)->437K(512K)
[0.138s][debug][gc,heap        ] GC(0) Heap after GC invocations=1 (full 0):
[0.138s][debug][gc,heap        ] GC(0)  garbage-first heap   total reserved 786432K, committed 116736K, used 2740K [0x00000007d0000000, 0x0000000800000000)
[0.138s][debug][gc,heap        ] GC(0)   region size 1024K, 1 young (1024K), 1 survivors (1024K)
[0.138s][debug][gc,heap        ] GC(0)  Metaspace       used 3398K, committed 3584K, reserved 1114112K
[0.138s][debug][gc,heap        ] GC(0)   class space    used 437K, committed 512K, reserved 1048576K
[0.138s][info ][gc             ] GC(0) Pause Young (Normal) (G1 Evacuation Pause) 8M->2M(114M) 2.801ms
[0.138s][info ][gc,cpu         ] GC(0) User=0.01s Sys=0.01s Real=0.00s
[0.138s][debug][gc,task        ] G1 Service Thread (Card Set Free Memory Task) (run: 0.319ms) (cpu: 0.319ms)
[0.247s][info ][gc,start       ] GC(1) Pause Young (Normal) (G1 Evacuation Pause)
[0.247s][debug][gc,heap        ] GC(1) Heap before GC invocations=1 (full 0):
[0.247s][debug][gc,heap        ] GC(1)  garbage-first heap   total reserved 786432K, committed 116736K, used 9908K [0x00000007d0000000, 0x0000000800000000)
[0.247s][debug][gc,heap        ] GC(1)   region size 1024K, 8 young (8192K), 1 survivors (1024K)
[0.247s][debug][gc,heap        ] GC(1)  Metaspace       used 4371K, committed 4608K, reserved 1114112K
[0.247s][debug][gc,heap        ] GC(1)   class space    used 534K, committed 640K, reserved 1048576K
[0.247s][info ][gc,task        ] GC(1) Using 3 workers of 3 for evacuation
[0.247s][debug][gc,age         ] GC(1) Desired survivor size 524288 bytes, new threshold 1 (max threshold 15)
[0.247s][debug][gc,tlab        ] GC(1) TLAB totals: thrds: 4  refills: 71 max: 68 slow allocs: 10 max 10 waste:  3.3% gc: 163744B max: 62912B slow: 71608B max: 71608B
[0.247s][debug][gc,refine,stats] GC(1) Mutator refinement: 0.00ms, refined: 0, precleaned: 0, dirtied: 21
[0.247s][debug][gc,refine,stats] GC(1) Concurrent refinement: 0.00ms, refined: 0, precleaned: 0, dirtied: 0
[0.247s][debug][gc,refine,stats] GC(1) Total refinement: 0.00ms, refined: 0, precleaned: 0, dirtied: 21
[0.247s][debug][gc,refine,stats] GC(1) Generate dirty cards rate: 0.19 cards/ms
[0.247s][debug][gc,alloc,region] GC(1) Mutator Allocation stats, regions: 7, wasted size: 0B ( 0.0%)
[0.247s][debug][gc,ergo,cset   ] GC(1) No candidates to reclaim.
[0.247s][debug][gc,ergo        ] GC(1) Running G1 Merge Heap Roots using 3 workers for 8 regions
[0.247s][debug][gc,remset      ] GC(1) Visited cards 1632 Total dirty 6144 (26.56%) Total old 38912 (4.19%)
[0.248s][debug][gc,ref         ] GC(1) ReferenceProcessor::execute queues: 1, RefProcThreadModel::Single, marks_oops_alive: false
[0.248s][debug][gc,ref         ] GC(1) Skipped KeepAliveFinalRefsPhase of Reference Processing: no references
[0.248s][debug][gc,ref         ] GC(1) ReferenceProcessor::execute queues: 1, RefProcThreadModel::Single, marks_oops_alive: false
[0.248s][debug][gc,ergo        ] GC(1) Running G1 Rebuild Free List Task using 3 workers for rebuilding free list of regions
[0.248s][debug][gc,plab        ] GC(1) Young PLAB allocation: allocated: 570328B, wasted: 304B, unused: 85184B, used: 484840B, undo waste: 0B, 
[0.248s][debug][gc,plab        ] GC(1) Young other allocation: region end waste: 0B, regions filled: 1, num plab filled: 11, direct allocated: 0B, num direct allocated: 0, failure used: 0B, failure wasted: 0B
[0.248s][debug][gc,plab        ] GC(1) Young sizing: calculated: 96968B, actual: 111616B
[0.248s][debug][gc,plab        ] GC(1) Old PLAB allocation: allocated: 844992B, wasted: 632B, unused: 62056B, used: 782304B, undo waste: 0B, 
[0.248s][debug][gc,plab        ] GC(1) Old other allocation: region end waste: 0B, regions filled: 2, num plab filled: 21, direct allocated: 253696B, num direct allocated: 3, failure used: 0B, failure wasted: 0B
[0.248s][debug][gc,plab        ] GC(1) Old sizing: calculated: 156456B, actual: 146864B
[0.248s][debug][gc,ergo,heap   ] GC(1) Heap expansion: short term pause time ratio 1.77% long term pause time ratio 1.77% threshold 2.28% pause time ratio 7.69% fully expanded false resize by 0B
[0.248s][debug][gc,mmu         ] GC(1) MMU: 3.6ms (200.0ms/201.0ms)
[0.248s][debug][gc,alloc,stats ] Old generation allocation in the last mutator period, old gen allocated: 844992B, humongous allocated: 0B, old gen growth: 844992B.
[0.248s][debug][gc,ihop        ] GC(1) Basic information (value update), threshold: 52848230B (45.00), target occupancy: 117440512B, current occupancy: 3427184B, recent allocation size: 844992B, recent allocation duration: 109.23ms, recent old gen allocation rate: 7735583.92B/s, recent marking phase length: 0.00ms
[0.248s][debug][gc,task,start  ] G1 Service Thread (Card Set Free Memory Task) (run 0.012ms after schedule)
[0.248s][debug][gc,ihop        ] GC(1) Adaptive IHOP information (value update), threshold: 52848230B (47.37), internal target occupancy: 111568486B, occupancy: 3427184B, additional buffer size: 20971520B, predicted old gen allocation rate: 8608015.57B/s, predicted marking phase length: 0.00ms, prediction active: false
[0.248s][debug][gc,ergo,refine ] GC(1) GC refinement: goal: 18446744073709551615 + 158 / 20.00ms, actual: 1519 / 0.10ms, 
[0.248s][debug][gc,ergo,refine ] GC(1) New pending cards target: 316070
[0.248s][info ][gc,phases      ] GC(1)   Pre Evacuate Collection Set: 0.04ms
[0.248s][debug][gc,phases      ] GC(1)     Pre Evacuate Prepare: 0.02ms
[0.248s][debug][gc,phases      ] GC(1)       JT Retire TLABs And Flush Logs (ms): Min: 0.00, Avg: 0.00, Max: 0.00, Diff: 0.00, Sum: 0.00, Workers: 2
[0.248s][debug][gc,phases      ] GC(1)       Non-JT Flush Logs (ms):        Min: 0.00, Avg: 0.00, Max: 0.00, Diff: 0.00, Sum: 0.00, Workers: 1
[0.248s][debug][gc,phases      ] GC(1)     Choose Collection Set: 0.00ms
[0.248s][debug][gc,phases      ] GC(1)     Region Register: 0.02ms
[0.248s][debug][gc,phases      ] GC(1)     Prepare Heap Roots: 0.00ms
[0.248s][info ][gc,phases      ] GC(1)   Merge Heap Roots: 0.06ms
[0.248s][debug][gc,phases      ] GC(1)     Prepare Merge Heap Roots: 0.00ms
[0.248s][debug][gc,phases      ] GC(1)     Remembered Sets (ms):          Min: 0.00, Avg: 0.00, Max: 0.00, Diff: 0.00, Sum: 0.00, Workers: 3
[0.248s][debug][gc,phases      ] GC(1)       Eager Reclaim (ms):            skipped
[0.248s][debug][gc,phases      ] GC(1)       Merged Inline:                 Min: 0, Avg:  0.0, Max: 0, Diff: 0, Sum: 0, Workers: 3
[0.248s][debug][gc,phases      ] GC(1)       Merged ArrayOfCards:           Min: 0, Avg:  0.0, Max: 0, Diff: 0, Sum: 0, Workers: 3
[0.248s][debug][gc,phases      ] GC(1)       Merged Howl:                   Min: 0, Avg:  0.0, Max: 0, Diff: 0, Sum: 0, Workers: 3
[0.248s][debug][gc,phases      ] GC(1)       Merged Full:                   Min: 0, Avg:  0.0, Max: 0, Diff: 0, Sum: 0, Workers: 3
[0.248s][debug][gc,phases      ] GC(1)       Merged Howl Inline:            Min: 0, Avg:  0.0, Max: 0, Diff: 0, Sum: 0, Workers: 3
[0.248s][debug][gc,phases      ] GC(1)       Merged Howl ArrayOfCards:      Min: 0, Avg:  0.0, Max: 0, Diff: 0, Sum: 0, Workers: 3
[0.248s][debug][gc,phases      ] GC(1)       Merged Howl BitMap:            Min: 0, Avg:  0.0, Max: 0, Diff: 0, Sum: 0, Workers: 3
[0.248s][debug][gc,phases      ] GC(1)       Merged Howl Full:              Min: 0, Avg:  0.0, Max: 0, Diff: 0, Sum: 0, Workers: 3
[0.248s][debug][gc,phases      ] GC(1)       Merged Cards:                  Min: 16, Avg: 16.0, Max: 16, Diff: 0, Sum: 48, Workers: 3
[0.248s][debug][gc,phases      ] GC(1)     Distribute Log Buffers: 0.00ms
[0.248s][debug][gc,phases      ] GC(1)     Log Buffers (ms):              Min: 0.00, Avg: 0.00, Max: 0.01, Diff: 0.01, Sum: 0.01, Workers: 3
[0.248s][debug][gc,phases      ] GC(1)       Dirty Cards:                   Min: 0, Avg: 506.3, Max: 1263, Diff: 1263, Sum: 1519, Workers: 3
[0.248s][debug][gc,phases      ] GC(1)       Skipped Cards:                 Min: 0, Avg:  0.0, Max: 0, Diff: 0, Sum: 0, Workers: 3
[0.248s][info ][gc,phases      ] GC(1)   Evacuate Collection Set: 0.92ms
[0.248s][debug][gc,phases      ] GC(1)     Ext Root Scanning (ms):        Min: 0.01, Avg: 0.08, Max: 0.14, Diff: 0.13, Sum: 0.24, Workers: 3
[0.248s][debug][gc,phases      ] GC(1)     Scan Heap Roots (ms):          Min: 0.00, Avg: 0.09, Max: 0.14, Diff: 0.14, Sum: 0.28, Workers: 3
[0.248s][debug][gc,phases      ] GC(1)       Scanned Cards:                 Min: 0, Avg: 344.3, Max: 621, Diff: 621, Sum: 1033, Workers: 3
[0.248s][debug][gc,phases      ] GC(1)       Scanned Blocks:                Min: 0, Avg: 43.3, Max: 72, Diff: 72, Sum: 130, Workers: 3
[0.248s][debug][gc,phases      ] GC(1)       Claimed Chunks:                Min: 0, Avg: 17.0, Max: 30, Diff: 30, Sum: 51, Workers: 3
[0.248s][debug][gc,phases      ] GC(1)       Found Roots:                   Min: 0, Avg: 2088.7, Max: 3793, Diff: 3793, Sum: 6266, Workers: 3
[0.248s][debug][gc,phases      ] GC(1)     Code Root Scan (ms):           Min: 0.06, Avg: 0.08, Max: 0.11, Diff: 0.04, Sum: 0.24, Workers: 3
[0.248s][debug][gc,phases      ] GC(1)       Scanned Nmethods:              Min: 35, Avg: 47.3, Max: 71, Diff: 36, Sum: 142, Workers: 3
[0.248s][debug][gc,phases      ] GC(1)     Object Copy (ms):              Min: 0.56, Avg: 0.60, Max: 0.67, Diff: 0.11, Sum: 1.79, Workers: 3
[0.248s][debug][gc,phases      ] GC(1)     Termination (ms):              Min: 0.01, Avg: 0.02, Max: 0.02, Diff: 0.01, Sum: 0.05, Workers: 3
[0.248s][debug][gc,phases      ] GC(1)       Termination Attempts:          Min: 1, Avg:  1.0, Max: 1, Diff: 0, Sum: 3, Workers: 3
[0.248s][debug][gc,phases      ] GC(1)     GC Worker Other (ms):          Min: 0.00, Avg: 0.00, Max: 0.00, Diff: 0.00, Sum: 0.01, Workers: 3
[0.248s][debug][gc,phases      ] GC(1)     GC Worker Total (ms):          Min: 0.82, Avg: 0.87, Max: 0.90, Diff: 0.08, Sum: 2.61, Workers: 3
[0.248s][info ][gc,phases      ] GC(1)   Post Evacuate Collection Set: 0.13ms
[0.248s][debug][gc,phases      ] GC(1)     NMethod List Cleanup: 0.00ms
[0.248s][debug][gc,phases      ] GC(1)     Reference Processing: 0.02ms
[0.248s][debug][gc,phases,ref  ] GC(1)       Notify Soft/WeakReferences: 0.0ms
[0.248s][debug][gc,phases,ref  ] GC(1)         SoftRef (ms):                  Min: 0.00, Avg: 0.00, Max: 0.00, Diff: 0.00, Sum: 0.00, Workers: 1
[0.248s][debug][gc,phases,ref  ] GC(1)         WeakRef (ms):                  Min: 0.00, Avg: 0.00, Max: 0.00, Diff: 0.00, Sum: 0.00, Workers: 1
[0.248s][debug][gc,phases,ref  ] GC(1)         FinalRef (ms):                 Min: 0.00, Avg: 0.00, Max: 0.00, Diff: 0.00, Sum: 0.00, Workers: 1
[0.248s][debug][gc,phases,ref  ] GC(1)         Total (ms):                    Min: 0.00, Avg: 0.00, Max: 0.00, Diff: 0.00, Sum: 0.00, Workers: 1
[0.248s][debug][gc,phases,ref  ] GC(1)       Notify and keep alive finalizable: 0.0ms
[0.248s][debug][gc,phases,ref  ] GC(1)         FinalRef (ms):                 skipped
[0.248s][debug][gc,phases,ref  ] GC(1)       Notify PhantomReferences: 0.0ms
[0.248s][debug][gc,phases,ref  ] GC(1)         PhantomRef (ms):               Min: 0.00, Avg: 0.00, Max: 0.00, Diff: 0.00, Sum: 0.00, Workers: 1
[0.248s][debug][gc,phases,ref  ] GC(1)       SoftReference Discovered: 0, Dropped: 0, Processed: 0
[0.248s][debug][gc,phases,ref  ] GC(1)       WeakReference Discovered: 20, Dropped: 1, Processed: 19
[0.248s][debug][gc,phases,ref  ] GC(1)       FinalReference Discovered: 0, Dropped: 0, Processed: 0
[0.248s][debug][gc,phases,ref  ] GC(1)       PhantomReference Discovered: 15, Dropped: 1, Processed: 14
[0.248s][debug][gc,phases      ] GC(1)     Weak Processing: 0.02ms
[0.248s][debug][gc,phases      ] GC(1)       VM Weak                        Min: 0.00, Avg: 0.00, Max: 0.00, Diff: 0.00, Sum: 0.00, Workers: 2
[0.248s][debug][gc,phases      ] GC(1)         Dead                           Min: 0, Avg:  0.0, Max: 0, Diff: 0, Sum: 0, Workers: 2
[0.248s][debug][gc,phases      ] GC(1)         Total                          Min: 0, Avg: 29.0, Max: 58, Diff: 58, Sum: 58, Workers: 2
[0.248s][debug][gc,phases      ] GC(1)       ObjectSynchronizer Weak        Min: 0.00, Avg: 0.00, Max: 0.00, Diff: 0.00, Sum: 0.00, Workers: 2
[0.248s][debug][gc,phases      ] GC(1)         Dead                           Min: 0, Avg:  0.0, Max: 0, Diff: 0, Sum: 0, Workers: 2
[0.248s][debug][gc,phases      ] GC(1)         Total                          Min: 0, Avg:  2.5, Max: 5, Diff: 5, Sum: 5, Workers: 2
[0.248s][debug][gc,phases      ] GC(1)       JVMTI Tag Weak OopStorage      Min: 0.00, Avg: 0.00, Max: 0.00, Diff: 0.00, Sum: 0.00, Workers: 2
[0.248s][debug][gc,phases      ] GC(1)         Dead                           Min: 0, Avg:  0.0, Max: 0, Diff: 0, Sum: 0, Workers: 2
[0.248s][debug][gc,phases      ] GC(1)         Total                          Min: 0, Avg:  0.0, Max: 0, Diff: 0, Sum: 0, Workers: 2
[0.248s][debug][gc,phases      ] GC(1)       StringTable Weak               Min: 0.00, Avg: 0.00, Max: 0.00, Diff: 0.00, Sum: 0.01, Workers: 2
[0.248s][debug][gc,phases      ] GC(1)         Dead                           Min: 0, Avg:  2.0, Max: 4, Diff: 4, Sum: 4, Workers: 2
[0.248s][debug][gc,phases      ] GC(1)         Total                          Min: 384, Avg: 498.0, Max: 612, Diff: 228, Sum: 996, Workers: 2
[0.248s][debug][gc,phases      ] GC(1)       ResolvedMethodTable Weak       Min: 0.00, Avg: 0.00, Max: 0.00, Diff: 0.00, Sum: 0.00, Workers: 2
[0.248s][debug][gc,phases      ] GC(1)         Dead                           Min: 0, Avg:  2.0, Max: 4, Diff: 4, Sum: 4, Workers: 2
[0.248s][debug][gc,phases      ] GC(1)         Total                          Min: 192, Avg: 224.0, Max: 256, Diff: 64, Sum: 448, Workers: 2
[0.248s][debug][gc,phases      ] GC(1)       JNI Weak                       Min: 0.00, Avg: 0.00, Max: 0.00, Diff: 0.00, Sum: 0.00, Workers: 2
[0.248s][debug][gc,phases      ] GC(1)         Dead                           Min: 0, Avg:  0.0, Max: 0, Diff: 0, Sum: 0, Workers: 2
[0.248s][debug][gc,phases      ] GC(1)         Total                          Min: 0, Avg:  0.0, Max: 0, Diff: 0, Sum: 0, Workers: 2
[0.248s][debug][gc,phases      ] GC(1)       StringDedup Table Weak         Min: 0.00, Avg: 0.00, Max: 0.00, Diff: 0.00, Sum: 0.00, Workers: 2
[0.248s][debug][gc,phases      ] GC(1)         Dead                           Min: 0, Avg:  0.0, Max: 0, Diff: 0, Sum: 0, Workers: 2
[0.248s][debug][gc,phases      ] GC(1)         Total                          Min: 0, Avg:  0.0, Max: 0, Diff: 0, Sum: 0, Workers: 2
[0.248s][debug][gc,phases      ] GC(1)       StringDedup Requests0 Weak     Min: 0.00, Avg: 0.00, Max: 0.00, Diff: 0.00, Sum: 0.00, Workers: 2
[0.248s][debug][gc,phases      ] GC(1)         Dead                           Min: 0, Avg:  0.0, Max: 0, Diff: 0, Sum: 0, Workers: 2
[0.248s][debug][gc,phases      ] GC(1)         Total                          Min: 0, Avg:  0.0, Max: 0, Diff: 0, Sum: 0, Workers: 2
[0.248s][debug][gc,phases      ] GC(1)       StringDedup Requests1 Weak     Min: 0.00, Avg: 0.00, Max: 0.00, Diff: 0.00, Sum: 0.00, Workers: 2
[0.248s][debug][gc,phases      ] GC(1)         Dead                           Min: 0, Avg:  0.0, Max: 0, Diff: 0, Sum: 0, Workers: 2
[0.248s][debug][gc,phases      ] GC(1)         Total                          Min: 0, Avg:  0.0, Max: 0, Diff: 0, Sum: 0, Workers: 2
[0.248s][debug][gc,phases      ] GC(1)       Weak JFR Old Object Samples    Min: 0.00, Avg: 0.00, Max: 0.00, Diff: 0.00, Sum: 0.00, Workers: 2
[0.248s][debug][gc,phases      ] GC(1)         Dead                           Min: 0, Avg:  0.0, Max: 0, Diff: 0, Sum: 0, Workers: 2
[0.248s][debug][gc,phases      ] GC(1)         Total                          Min: 0, Avg:  0.0, Max: 0, Diff: 0, Sum: 0, Workers: 2
[0.248s][debug][gc,phases      ] GC(1)     Post Evacuate Cleanup 1: 0.02ms
[0.248s][debug][gc,phases      ] GC(1)       Merge Per-Thread State (ms):   Min: 0.00, Avg: 0.00, Max: 0.00, Diff: 0.00, Sum: 0.00, Workers: 1
[0.248s][debug][gc,phases      ] GC(1)         Copied Bytes:                  Min: 380392, Avg: 506946.7, Max: 593808, Diff: 213416, Sum: 1520840, Workers: 3
[0.248s][debug][gc,phases      ] GC(1)         LAB Waste:                     Min: 264, Avg: 312.0, Max: 352, Diff: 88, Sum: 936, Workers: 3
[0.248s][debug][gc,phases      ] GC(1)         LAB Undo Waste:                Min: 0, Avg:  0.0, Max: 0, Diff: 0, Sum: 0, Workers: 3
[0.248s][debug][gc,phases      ] GC(1)         Evac Fail Extra Cards:         Min: 0, Avg:  0.0, Max: 0, Diff: 0, Sum: 0, Workers: 3
[0.248s][debug][gc,phases      ] GC(1)       Clear Logged Cards (ms):       Min: 0.00, Avg: 0.00, Max: 0.00, Diff: 0.00, Sum: 0.00, Workers: 3
[0.248s][debug][gc,phases      ] GC(1)       Recalculate Used Memory (ms):  Min: 0.00, Avg: 0.00, Max: 0.00, Diff: 0.00, Sum: 0.00, Workers: 1
[0.248s][debug][gc,phases      ] GC(1)     Post Evacuate Cleanup 2: 0.02ms
[0.248s][debug][gc,phases      ] GC(1)       Update Derived Pointers (ms):  Min: 0.00, Avg: 0.00, Max: 0.00, Diff: 0.00, Sum: 0.00, Workers: 1
[0.248s][debug][gc,phases      ] GC(1)       Eagerly Reclaim Humongous Objects (ms): skipped
[0.248s][debug][gc,phases      ] GC(1)         Humongous Total:               skipped
[0.248s][debug][gc,phases      ] GC(1)         Humongous Candidates:          skipped
[0.248s][debug][gc,phases      ] GC(1)         Humongous Reclaimed:           skipped
[0.248s][debug][gc,phases      ] GC(1)       Redirty Logged Cards (ms):     Min: 0.00, Avg: 0.00, Max: 0.00, Diff: 0.00, Sum: 0.00, Workers: 3
[0.248s][debug][gc,phases      ] GC(1)         Redirtied Cards:               Min: 0, Avg: 96.7, Max: 290, Diff: 290, Sum: 290, Workers: 3
[0.248s][debug][gc,phases      ] GC(1)       Resize TLABs (ms):             Min: 0.00, Avg: 0.00, Max: 0.00, Diff: 0.00, Sum: 0.00, Workers: 3
[0.248s][debug][gc,phases      ] GC(1)       Free Collection Set (ms):      Min: 0.00, Avg: 0.00, Max: 0.01, Diff: 0.01, Sum: 0.01, Workers: 3
[0.248s][debug][gc,phases      ] GC(1)     Rebuild Free List: 0.03ms
[0.248s][debug][gc,phases      ] GC(1)     Prepare For Mutator: 0.01ms
[0.248s][debug][gc,phases      ] GC(1)     Expand Heap After Collection: 0.00ms
[0.248s][info ][gc,phases      ] GC(1)   Other: 0.09ms
[0.248s][debug][gc,remset      ] GC(1) Coarsening (recent): Inline->AoC 0 (0) AoC->Howl 0 (0) Howl->Full 0 (0) Inline->AoC 0 (0) AoC->BitMap 0 (0) BitMap->Full 0 (0) 
[0.248s][debug][gc,remset      ] GC(1) Coarsening (all): Inline->AoC 0 (0) AoC->Howl 0 (0) Howl->Full 0 (0) Inline->AoC 0 (0) AoC->BitMap 0 (0) BitMap->Full 0 (0) 
[0.248s][info ][gc,heap        ] GC(1) Eden regions: 7->0(19)
[0.248s][info ][gc,heap        ] GC(1) Survivor regions: 1->1(1)
[0.248s][info ][gc,heap        ] GC(1) Old regions: 3->4
[0.248s][info ][gc,heap        ] GC(1) Humongous regions: 0->0
[0.248s][info ][gc,metaspace   ] GC(1) Metaspace: 4371K(4608K)->4371K(4608K) NonClass: 3836K(3968K)->3836K(3968K) Class: 534K(640K)->534K(640K)
[0.248s][debug][gc,heap        ] GC(1) Heap after GC invocations=2 (full 0):
[0.248s][debug][gc,heap        ] GC(1)  garbage-first heap   total reserved 786432K, committed 116736K, used 3346K [0x00000007d0000000, 0x0000000800000000)
[0.248s][debug][gc,heap        ] GC(1)   region size 1024K, 1 young (1024K), 1 survivors (1024K)
[0.248s][debug][gc,heap        ] GC(1)  Metaspace       used 4371K, committed 4608K, reserved 1114112K
[0.248s][debug][gc,heap        ] GC(1)   class space    used 534K, committed 640K, reserved 1048576K
[0.248s][info ][gc             ] GC(1) Pause Young (Normal) (G1 Evacuation Pause) 9M->3M(114M) 1.526ms
[0.248s][info ][gc,cpu         ] GC(1) User=0.00s Sys=0.00s Real=0.00s
[0.248s][debug][gc,task        ] G1 Service Thread (Card Set Free Memory Task) (run: 0.333ms) (cpu: 0.333ms)
[0.248s][debug][gc,refine      ] Concurrent refinement: wanted 0, cards: 290, predicted: 290, time: 0.00ms
[0.261s][info ][gc,start       ] GC(2) Pause Full (System.gc())
[0.261s][debug][gc,heap        ] GC(2) Heap before GC invocations=2 (full 0):
[0.261s][debug][gc,heap        ] GC(2)  garbage-first heap   total reserved 786432K, committed 116736K, used 5394K [0x00000007d0000000, 0x0000000800000000)
[0.261s][debug][gc,heap        ] GC(2)   region size 1024K, 4 young (4096K), 1 survivors (1024K)
[0.261s][debug][gc,heap        ] GC(2)  Metaspace       used 4411K, committed 4672K, reserved 1114112K
[0.261s][debug][gc,heap        ] GC(2)   class space    used 535K, committed 640K, reserved 1048576K
[0.261s][debug][gc,task        ] GC(2) Requesting 2 active workers for full compaction (waste limited workers: 3, adaptive workers: 2, used limited workers: 8)
[0.261s][info ][gc,task        ] GC(2) Using 2 workers of 3 for full compaction
[0.261s][debug][gc,tlab        ] GC(2) TLAB totals: thrds: 3  refills: 24 max: 22 slow allocs: 1 max 1 waste:  7.5% gc: 194432B max: 124040B slow: 21808B max: 21808B
[0.261s][debug][gc,alloc,region] GC(2) Mutator Allocation stats, regions: 3, wasted size: 0B ( 0.0%)
[0.261s][info ][gc,phases,start] GC(2) Phase 1: Mark live objects
[0.267s][debug][gc,phases,start] GC(2) Phase 1: Reference Processing
[0.267s][debug][gc,ref         ] GC(2) ReferenceProcessor::execute queues: 1, RefProcThreadModel::Single, marks_oops_alive: false
[0.267s][debug][gc,ref         ] GC(2) Skipped KeepAliveFinalRefsPhase of Reference Processing: no references
[0.267s][debug][gc,ref         ] GC(2) ReferenceProcessor::execute queues: 1, RefProcThreadModel::Single, marks_oops_alive: false
[0.267s][debug][gc,phases,ref  ] GC(2) Reference Processing: 0.0ms
[0.267s][debug][gc,phases,ref  ] GC(2)   Notify Soft/WeakReferences: 0.0ms
[0.267s][debug][gc,phases,ref  ] GC(2)     SoftRef (ms):                  Min: 0.00, Avg: 0.00, Max: 0.00, Diff: 0.00, Sum: 0.00, Workers: 1
[0.267s][debug][gc,phases,ref  ] GC(2)     WeakRef (ms):                  Min: 0.01, Avg: 0.01, Max: 0.01, Diff: 0.00, Sum: 0.01, Workers: 1
[0.267s][debug][gc,phases,ref  ] GC(2)     FinalRef (ms):                 Min: 0.00, Avg: 0.00, Max: 0.00, Diff: 0.00, Sum: 0.00, Workers: 1
[0.267s][debug][gc,phases,ref  ] GC(2)     Total (ms):                    Min: 0.01, Avg: 0.01, Max: 0.01, Diff: 0.00, Sum: 0.01, Workers: 1
[0.267s][debug][gc,phases,ref  ] GC(2)   Notify and keep alive finalizable: 0.0ms
[0.267s][debug][gc,phases,ref  ] GC(2)     FinalRef (ms):                 skipped
[0.267s][debug][gc,phases,ref  ] GC(2)   Notify PhantomReferences: 0.0ms
[0.267s][debug][gc,phases,ref  ] GC(2)     PhantomRef (ms):               Min: 0.00, Avg: 0.00, Max: 0.00, Diff: 0.00, Sum: 0.00, Workers: 1
[0.267s][debug][gc,phases,ref  ] GC(2)   SoftReference Discovered: 0, Dropped: 0, Processed: 0
[0.267s][debug][gc,phases,ref  ] GC(2)   WeakReference Discovered: 178, Dropped: 41, Processed: 137
[0.267s][debug][gc,phases,ref  ] GC(2)   FinalReference Discovered: 0, Dropped: 0, Processed: 0
[0.267s][debug][gc,phases,ref  ] GC(2)   PhantomReference Discovered: 8, Dropped: 6, Processed: 2
[0.267s][debug][gc,phases      ] GC(2) Phase 1: Reference Processing 0.067ms
[0.267s][debug][gc,phases,start] GC(2) Phase 1: Flush Mark Stats Cache
[0.267s][debug][gc,phases      ] GC(2) Phase 1: Flush Mark Stats Cache 0.004ms
[0.267s][debug][gc,phases,start] GC(2) Phase 1: Weak Processing
[0.267s][debug][gc,phases      ] GC(2)   VM Weak                        Min: 0.00, Avg: 0.00, Max: 0.00, Diff: 0.00, Sum: 0.00, Workers: 2
[0.267s][debug][gc,phases      ] GC(2)     Dead                           Min: 0, Avg:  0.0, Max: 0, Diff: 0, Sum: 0, Workers: 2
[0.267s][debug][gc,phases      ] GC(2)     Total                          Min: 0, Avg: 29.0, Max: 58, Diff: 58, Sum: 58, Workers: 2
[0.267s][debug][gc,phases      ] GC(2)   ObjectSynchronizer Weak        Min: 0.00, Avg: 0.00, Max: 0.00, Diff: 0.00, Sum: 0.00, Workers: 2
[0.267s][debug][gc,phases      ] GC(2)     Dead                           Min: 0, Avg:  0.0, Max: 0, Diff: 0, Sum: 0, Workers: 2
[0.267s][debug][gc,phases      ] GC(2)     Total                          Min: 0, Avg:  2.5, Max: 5, Diff: 5, Sum: 5, Workers: 2
[0.267s][debug][gc,phases      ] GC(2)   JVMTI Tag Weak OopStorage      Min: 0.00, Avg: 0.00, Max: 0.00, Diff: 0.00, Sum: 0.00, Workers: 2
[0.267s][debug][gc,phases      ] GC(2)     Dead                           Min: 0, Avg:  0.0, Max: 0, Diff: 0, Sum: 0, Workers: 2
[0.267s][debug][gc,phases      ] GC(2)     Total                          Min: 0, Avg:  0.0, Max: 0, Diff: 0, Sum: 0, Workers: 2
[0.267s][debug][gc,phases      ] GC(2)   StringTable Weak               Min: 0.00, Avg: 0.00, Max: 0.00, Diff: 0.00, Sum: 0.00, Workers: 2
[0.267s][debug][gc,phases      ] GC(2)     Dead                           Min: 0, Avg:  0.0, Max: 0, Diff: 0, Sum: 0, Workers: 2
[0.267s][debug][gc,phases      ] GC(2)     Total                          Min: 0, Avg: 510.5, Max: 1021, Diff: 1021, Sum: 1021, Workers: 2
[0.267s][debug][gc,phases      ] GC(2)   ResolvedMethodTable Weak       Min: 0.00, Avg: 0.00, Max: 0.00, Diff: 0.00, Sum: 0.00, Workers: 2
[0.267s][debug][gc,phases      ] GC(2)     Dead                           Min: 0, Avg:  0.0, Max: 0, Diff: 0, Sum: 0, Workers: 2
[0.267s][debug][gc,phases      ] GC(2)     Total                          Min: 0, Avg: 226.0, Max: 452, Diff: 452, Sum: 452, Workers: 2
[0.267s][debug][gc,phases      ] GC(2)   JNI Weak                       Min: 0.00, Avg: 0.00, Max: 0.00, Diff: 0.00, Sum: 0.00, Workers: 2
[0.267s][debug][gc,phases      ] GC(2)     Dead                           Min: 0, Avg:  0.0, Max: 0, Diff: 0, Sum: 0, Workers: 2
[0.267s][debug][gc,phases      ] GC(2)     Total                          Min: 0, Avg:  2.0, Max: 4, Diff: 4, Sum: 4, Workers: 2
[0.267s][debug][gc,phases      ] GC(2)   StringDedup Table Weak         Min: 0.00, Avg: 0.00, Max: 0.00, Diff: 0.00, Sum: 0.00, Workers: 2
[0.267s][debug][gc,phases      ] GC(2)     Dead                           Min: 0, Avg:  0.0, Max: 0, Diff: 0, Sum: 0, Workers: 2
[0.267s][debug][gc,phases      ] GC(2)     Total                          Min: 0, Avg:  0.0, Max: 0, Diff: 0, Sum: 0, Workers: 2
[0.267s][debug][gc,phases      ] GC(2)   StringDedup Requests0 Weak     Min: 0.00, Avg: 0.00, Max: 0.00, Diff: 0.00, Sum: 0.00, Workers: 2
[0.267s][debug][gc,phases      ] GC(2)     Dead                           Min: 0, Avg:  0.0, Max: 0, Diff: 0, Sum: 0, Workers: 2
[0.267s][debug][gc,phases      ] GC(2)     Total                          Min: 0, Avg:  0.0, Max: 0, Diff: 0, Sum: 0, Workers: 2
[0.267s][debug][gc,phases      ] GC(2)   StringDedup Requests1 Weak     Min: 0.00, Avg: 0.00, Max: 0.00, Diff: 0.00, Sum: 0.00, Workers: 2
[0.267s][debug][gc,phases      ] GC(2)     Dead                           Min: 0, Avg:  0.0, Max: 0, Diff: 0, Sum: 0, Workers: 2
[0.267s][debug][gc,phases      ] GC(2)     Total                          Min: 0, Avg:  0.0, Max: 0, Diff: 0, Sum: 0, Workers: 2
[0.267s][debug][gc,phases      ] GC(2)   Weak JFR Old Object Samples    Min: 0.00, Avg: 0.00, Max: 0.00, Diff: 0.00, Sum: 0.00, Workers: 2
[0.267s][debug][gc,phases      ] GC(2)     Dead                           Min: 0, Avg:  0.0, Max: 0, Diff: 0, Sum: 0, Workers: 2
[0.267s][debug][gc,phases      ] GC(2)     Total                          Min: 0, Avg:  0.0, Max: 0, Diff: 0, Sum: 0, Workers: 2
[0.267s][debug][gc,phases      ] GC(2) Phase 1: Weak Processing 0.098ms
[0.267s][debug][gc,phases,start] GC(2) Phase 1: Class Unloading and Cleanup
[0.267s][debug][gc,phases,start] GC(2) ClassLoaderData
[0.267s][debug][gc,phases      ] GC(2) ClassLoaderData 0.004ms
[0.267s][debug][gc,phases,start] GC(2) Trigger cleanups
[0.267s][debug][gc,phases      ] GC(2) Trigger cleanups 0.002ms
[0.267s][debug][gc,phases,start] GC(2) G1 Complete Cleaning
[0.267s][debug][gc,phases      ] GC(2) G1 Complete Cleaning 0.440ms
[0.267s][debug][gc,phases,start] GC(2) Purge Unlinked NMethods
[0.267s][debug][gc,phases      ] GC(2) Purge Unlinked NMethods 0.002ms
[0.267s][debug][gc,phases,start] GC(2) Unregister NMethods
[0.267s][debug][gc,phases      ] GC(2) Unregister NMethods 0.035ms
[0.267s][debug][gc,phases,start] GC(2) Free Code Blobs
[0.267s][debug][gc,phases      ] GC(2) Free Code Blobs 0.002ms
[0.267s][debug][gc,phases,start] GC(2) Purge Class Loader Data
[0.267s][debug][gc,phases      ] GC(2) Purge Class Loader Data 0.008ms
[0.267s][debug][gc,phases      ] GC(2) Phase 1: Class Unloading and Cleanup 0.511ms
[0.267s][debug][gc,phases,start] GC(2) Report Object Count
[0.267s][debug][gc,phases      ] GC(2) Report Object Count 0.002ms
[0.267s][info ][gc,phases      ] GC(2) Phase 1: Mark live objects 6.169ms
[0.267s][info ][gc,phases,start] GC(2) Phase 2: Prepare compaction
[0.267s][debug][gc,phases,start] GC(2) Phase 2: Determine work lists
[0.267s][debug][gc,phases      ] GC(2) Phase 2: Determine work lists 0.004ms
[0.267s][debug][gc,phases,start] GC(2) Phase 2: Prepare parallel compaction
[0.268s][debug][gc,phases      ] GC(2) Phase 2: Prepare parallel compaction 0.585ms
[0.268s][info ][gc,phases      ] GC(2) Phase 2: Prepare compaction 0.601ms
[0.268s][info ][gc,phases,start] GC(2) Phase 3: Adjust pointers
[0.269s][info ][gc,phases      ] GC(2) Phase 3: Adjust pointers 0.981ms
[0.269s][info ][gc,phases,start] GC(2) Phase 4: Compact heap
[0.270s][info ][gc,phases      ] GC(2) Phase 4: Compact heap 0.744ms
[0.270s][info ][gc,phases,start] GC(2) Phase 5: Reset Metadata
[0.270s][info ][gc,phases      ] GC(2) Phase 5: Reset Metadata 0.063ms
[0.270s][debug][gc,ergo        ] GC(2) Running G1 Clear Bitmap with 2 workers for 2 work units.
[0.270s][debug][gc,ergo,heap   ] GC(2) Attempt heap shrinking (capacity higher than max desired capacity). Capacity: 119537664B occupancy: 4194304B live: 3190792B maximum_desired_capacity: 13981013B (70 %)
[0.270s][debug][gc,heap,region ] GC(2) Deactivate regions [766, 768)
[0.270s][debug][gc,heap,region ] GC(2) Deactivate regions [14, 112)
[0.270s][debug][gc,ergo,heap   ] GC(2) Shrink the heap. requested shrinking amount: 105556651B aligned shrinking amount: 104857600B actual amount shrunk: 104857600B
[0.270s][debug][gc,heap        ] GC(2) Uncommittable regions after shrink: 100
[0.270s][debug][gc,ihop        ] GC(2) Target occupancy update: old: 117440512B, new: 14680064B
[0.270s][debug][gc,task        ] GC(2) G1 Service Thread (G1 Uncommit Region Task) (register)
[0.270s][debug][gc,task,start  ] G1 Service Thread (G1 Uncommit Region Task) (run 0.008ms after schedule)
[0.270s][debug][gc,alloc,stats ] Old generation allocation in the last mutator period, old gen allocated: 0B, humongous allocated: 0B, old gen growth: 0B.
[0.270s][debug][gc,remset      ] GC(2) Coarsening (recent): Inline->AoC 0 (0) AoC->Howl 0 (0) Howl->Full 0 (0) Inline->AoC 0 (0) AoC->BitMap 0 (0) BitMap->Full 0 (0) 
[0.270s][debug][gc,remset      ] GC(2) Coarsening (all): Inline->AoC 0 (0) AoC->Howl 0 (0) Howl->Full 0 (0) Inline->AoC 0 (0) AoC->BitMap 0 (0) BitMap->Full 0 (0) 
[0.270s][info ][gc,heap        ] GC(2) Eden regions: 3->0(5)
[0.270s][info ][gc,heap        ] GC(2) Survivor regions: 1->0(1)
[0.270s][info ][gc,heap        ] GC(2) Old regions: 4->4
[0.270s][info ][gc,heap        ] GC(2) Humongous regions: 0->0
[0.270s][info ][gc,metaspace   ] GC(2) Metaspace: 4411K(4672K)->4411K(4672K) NonClass: 3876K(4032K)->3876K(4032K) Class: 535K(640K)->535K(640K)
[0.270s][debug][gc,heap        ] GC(2) Heap after GC invocations=3 (full 1):
[0.270s][debug][gc,heap        ] GC(2)  garbage-first heap   total reserved 786432K, committed 14336K, used 3116K [0x00000007d0000000, 0x0000000800000000)
[0.270s][debug][gc,heap        ] GC(2)   region size 1024K, 0 young (0K), 0 survivors (0K)
[0.270s][debug][gc,heap        ] GC(2)  Metaspace       used 4411K, committed 4672K, reserved 1114112K
[0.270s][debug][gc,heap        ] GC(2)   class space    used 535K, committed 640K, reserved 1048576K
[0.271s][info ][gc             ] GC(2) Pause Full (System.gc()) 6M->3M(14M) 10.091ms
[0.271s][info ][gc,cpu         ] GC(2) User=0.01s Sys=0.00s Real=0.01s
[0.271s][debug][gc,heap,region ] Uncommit regions [14, 112)
[0.271s][debug][gc,heap,region ] Uncommit regions [766, 768)
[0.271s][debug][gc,heap        ] Concurrent Uncommit Summary: 100M, 100 regions, 0.118ms
[0.271s][debug][gc,task        ] G1 Service Thread (G1 Uncommit Region Task) (run: 1.309ms) (cpu: 1.310ms)
[0.271s][debug][gc,task,start  ] G1 Service Thread (Card Set Free Memory Task) (run 1.213ms after schedule)
[0.271s][debug][gc,task        ] G1 Service Thread (Card Set Free Memory Task) (run: 0.004ms) (cpu: 0.004ms)
[0.321s][debug][gc,refine      ] Concurrent refinement: wanted 0, cards: 256, predicted: 256, time: 0.00ms
[0.341s][info ][gc,start       ] GC(3) Pause Young (Normal) (G1 Evacuation Pause)
[0.341s][debug][gc,heap        ] GC(3) Heap before GC invocations=3 (full 1):
[0.341s][debug][gc,heap        ] GC(3)  garbage-first heap   total reserved 786432K, committed 14336K, used 8236K [0x00000007d0000000, 0x0000000800000000)
[0.341s][debug][gc,heap        ] GC(3)   region size 1024K, 5 young (5120K), 0 survivors (0K)
[0.341s][debug][gc,heap        ] GC(3)  Metaspace       used 5418K, committed 5632K, reserved 1114112K
[0.341s][debug][gc,heap        ] GC(3)   class space    used 634K, committed 704K, reserved 1048576K
[0.341s][info ][gc,task        ] GC(3) Using 3 workers of 3 for evacuation
[0.341s][debug][gc,age         ] GC(3) Desired survivor size 524288 bytes, new threshold 15 (max threshold 15)
[0.341s][debug][gc,tlab        ] GC(3) TLAB totals: thrds: 3  refills: 16 max: 14 slow allocs: 1 max 1 waste:  5.8% gc: 285272B max: 143144B slow: 14528B max: 14528B
[0.341s][debug][gc,refine,stats] GC(3) Mutator refinement: 0.00ms, refined: 0, precleaned: 0, dirtied: 465
[0.341s][debug][gc,refine,stats] GC(3) Concurrent refinement: 0.00ms, refined: 0, precleaned: 0, dirtied: 0
[0.341s][debug][gc,refine,stats] GC(3) Total refinement: 0.00ms, refined: 0, precleaned: 0, dirtied: 465
[0.341s][debug][gc,refine,stats] GC(3) Generate dirty cards rate: 6.59 cards/ms
[0.341s][debug][gc,alloc,region] GC(3) Mutator Allocation stats, regions: 5, wasted size: 0B ( 0.0%)
[0.341s][debug][gc,ergo,cset   ] GC(3) No candidates to reclaim.
[0.341s][debug][gc,ergo        ] GC(3) Running G1 Merge Heap Roots using 3 workers for 5 regions
[0.341s][debug][gc,remset      ] GC(3) Visited cards 2208 Total dirty 8192 (26.95%) Total old 28672 (7.70%)
[0.341s][debug][gc,ref         ] GC(3) ReferenceProcessor::execute queues: 1, RefProcThreadModel::Single, marks_oops_alive: false
[0.341s][debug][gc,ref         ] GC(3) Skipped KeepAliveFinalRefsPhase of Reference Processing: no references
[0.341s][debug][gc,ref         ] GC(3) ReferenceProcessor::execute queues: 1, RefProcThreadModel::Single, marks_oops_alive: false
[0.341s][debug][gc,ergo        ] GC(3) Running G1 Rebuild Free List Task using 3 workers for rebuilding free list of regions
[0.341s][debug][gc,plab        ] GC(3) Young PLAB allocation: allocated: 372000B, wasted: 512B, unused: 38592B, used: 332896B, undo waste: 0B, 
[0.341s][debug][gc,plab        ] GC(3) Young other allocation: region end waste: 0B, regions filled: 1, num plab filled: 10, direct allocated: 0B, num direct allocated: 0, failure used: 0B, failure wasted: 0B
[0.341s][debug][gc,plab        ] GC(3) Young sizing: calculated: 66576B, actual: 77832B
[0.341s][debug][gc,plab        ] GC(3) Old PLAB allocation: allocated: 0B, wasted: 0B, unused: 0B, used: 0B, undo waste: 0B, 
[0.341s][debug][gc,plab        ] GC(3) Old other allocation: region end waste: 0B, regions filled: 0, num plab filled: 0, direct allocated: 0B, num direct allocated: 0, failure used: 0B, failure wasted: 0B
[0.341s][debug][gc,plab        ] GC(3) Old sizing: calculated: 0B, actual: 36712B
[0.341s][debug][gc,ergo,heap   ] GC(3) Heap expansion: short term pause time ratio 40.19% long term pause time ratio 3.81% threshold 1.00% pause time ratio 7.69% fully expanded false resize by 0B
[0.341s][debug][gc,mmu         ] GC(3) MMU: 1.8ms (200.0ms/201.0ms)
[0.341s][debug][gc,alloc,stats ] Old generation allocation in the last mutator period, old gen allocated: 0B, humongous allocated: 0B, old gen growth: 0B.
[0.341s][debug][gc,ihop        ] GC(3) Basic information (value update), threshold: 6606028B (45.00), target occupancy: 14680064B, current occupancy: 3562792B, recent allocation size: 0B, recent allocation duration: 70.52ms, recent old gen allocation rate: 0.00B/s, recent marking phase length: 0.00ms
[0.341s][debug][gc,ihop        ] GC(3) Adaptive IHOP information (value update), threshold: 6606028B (47.37), internal target occupancy: 13946060B, occupancy: 3562792B, additional buffer size: 6291456B, predicted old gen allocation rate: 7009384.11B/s, predicted marking phase length: 0.00ms, prediction active: false
[0.341s][debug][gc,ergo,refine ] GC(3) GC refinement: goal: 316070 + 188 / 20.00ms, actual: 465 / 0.06ms, 
[0.341s][debug][gc,ergo,refine ] GC(3) Unchanged pending cards target: 316070
[0.341s][debug][gc,task,start  ] G1 Service Thread (Card Set Free Memory Task) (run 0.013ms after schedule)
[0.341s][info ][gc,phases      ] GC(3)   Pre Evacuate Collection Set: 0.05ms
[0.341s][debug][gc,phases      ] GC(3)     Pre Evacuate Prepare: 0.02ms
[0.341s][debug][gc,phases      ] GC(3)       JT Retire TLABs And Flush Logs (ms): Min: 0.00, Avg: 0.00, Max: 0.00, Diff: 0.00, Sum: 0.00, Workers: 2
[0.341s][debug][gc,phases      ] GC(3)       Non-JT Flush Logs (ms):        Min: 0.00, Avg: 0.00, Max: 0.00, Diff: 0.00, Sum: 0.00, Workers: 1
[0.341s][debug][gc,phases      ] GC(3)     Choose Collection Set: 0.00ms
[0.341s][debug][gc,phases      ] GC(3)     Region Register: 0.02ms
[0.341s][debug][gc,phases      ] GC(3)     Prepare Heap Roots: 0.00ms
[0.341s][info ][gc,phases      ] GC(3)   Merge Heap Roots: 0.06ms
[0.341s][debug][gc,phases      ] GC(3)     Prepare Merge Heap Roots: 0.00ms
[0.341s][debug][gc,phases      ] GC(3)     Remembered Sets (ms):          Min: 0.00, Avg: 0.00, Max: 0.00, Diff: 0.00, Sum: 0.00, Workers: 3
[0.341s][debug][gc,phases      ] GC(3)       Eager Reclaim (ms):            skipped
[0.341s][debug][gc,phases      ] GC(3)       Merged Inline:                 Min: 0, Avg:  0.0, Max: 0, Diff: 0, Sum: 0, Workers: 3
[0.341s][debug][gc,phases      ] GC(3)       Merged ArrayOfCards:           Min: 0, Avg:  0.0, Max: 0, Diff: 0, Sum: 0, Workers: 3
[0.341s][debug][gc,phases      ] GC(3)       Merged Howl:                   Min: 0, Avg:  0.0, Max: 0, Diff: 0, Sum: 0, Workers: 3
[0.341s][debug][gc,phases      ] GC(3)       Merged Full:                   Min: 0, Avg:  0.0, Max: 0, Diff: 0, Sum: 0, Workers: 3
[0.341s][debug][gc,phases      ] GC(3)       Merged Howl Inline:            Min: 0, Avg:  0.0, Max: 0, Diff: 0, Sum: 0, Workers: 3
[0.341s][debug][gc,phases      ] GC(3)       Merged Howl ArrayOfCards:      Min: 0, Avg:  0.0, Max: 0, Diff: 0, Sum: 0, Workers: 3
[0.341s][debug][gc,phases      ] GC(3)       Merged Howl BitMap:            Min: 0, Avg:  0.0, Max: 0, Diff: 0, Sum: 0, Workers: 3
[0.341s][debug][gc,phases      ] GC(3)       Merged Howl Full:              Min: 0, Avg:  0.0, Max: 0, Diff: 0, Sum: 0, Workers: 3
[0.341s][debug][gc,phases      ] GC(3)       Merged Cards:                  Min: 16, Avg: 16.0, Max: 16, Diff: 0, Sum: 48, Workers: 3
[0.341s][debug][gc,phases      ] GC(3)     Distribute Log Buffers: 0.00ms
[0.341s][debug][gc,phases      ] GC(3)     Log Buffers (ms):              Min: 0.00, Avg: 0.00, Max: 0.00, Diff: 0.00, Sum: 0.00, Workers: 3
[0.341s][debug][gc,phases      ] GC(3)       Dirty Cards:                   Min: 0, Avg: 155.0, Max: 256, Diff: 256, Sum: 465, Workers: 3
[0.341s][debug][gc,phases      ] GC(3)       Skipped Cards:                 Min: 0, Avg:  0.0, Max: 0, Diff: 0, Sum: 0, Workers: 3
[0.341s][info ][gc,phases      ] GC(3)   Evacuate Collection Set: 0.37ms
[0.341s][debug][gc,phases      ] GC(3)     Ext Root Scanning (ms):        Min: 0.01, Avg: 0.12, Max: 0.27, Diff: 0.26, Sum: 0.35, Workers: 3
[0.341s][debug][gc,phases      ] GC(3)     Scan Heap Roots (ms):          Min: 0.00, Avg: 0.05, Max: 0.15, Diff: 0.15, Sum: 0.16, Workers: 3
[0.341s][debug][gc,phases      ] GC(3)       Scanned Cards:                 Min: 0, Avg: 155.0, Max: 400, Diff: 400, Sum: 465, Workers: 3
[0.341s][debug][gc,phases      ] GC(3)       Scanned Blocks:                Min: 0, Avg: 60.7, Max: 140, Diff: 140, Sum: 182, Workers: 3
[0.341s][debug][gc,phases      ] GC(3)       Claimed Chunks:                Min: 0, Avg: 23.0, Max: 60, Diff: 60, Sum: 69, Workers: 3
[0.341s][debug][gc,phases      ] GC(3)       Found Roots:                   Min: 0, Avg: 167.0, Max: 426, Diff: 426, Sum: 501, Workers: 3
[0.341s][debug][gc,phases      ] GC(3)     Code Root Scan (ms):           Min: 0.00, Avg: 0.02, Max: 0.04, Diff: 0.04, Sum: 0.06, Workers: 3
[0.341s][debug][gc,phases      ] GC(3)       Scanned Nmethods:              Min: 0, Avg:  7.0, Max: 18, Diff: 18, Sum: 21, Workers: 3
[0.341s][debug][gc,phases      ] GC(3)     Object Copy (ms):              Min: 0.06, Avg: 0.14, Max: 0.21, Diff: 0.14, Sum: 0.43, Workers: 3
[0.341s][debug][gc,phases      ] GC(3)     Termination (ms):              Min: 0.01, Avg: 0.01, Max: 0.02, Diff: 0.00, Sum: 0.04, Workers: 3
[0.341s][debug][gc,phases      ] GC(3)       Termination Attempts:          Min: 1, Avg:  1.0, Max: 1, Diff: 0, Sum: 3, Workers: 3
[0.341s][debug][gc,phases      ] GC(3)     GC Worker Other (ms):          Min: 0.00, Avg: 0.00, Max: 0.00, Diff: 0.00, Sum: 0.01, Workers: 3
[0.341s][debug][gc,phases      ] GC(3)     GC Worker Total (ms):          Min: 0.34, Avg: 0.35, Max: 0.36, Diff: 0.02, Sum: 1.05, Workers: 3
[0.341s][info ][gc,phases      ] GC(3)   Post Evacuate Collection Set: 0.11ms
[0.341s][debug][gc,phases      ] GC(3)     NMethod List Cleanup: 0.00ms
[0.341s][debug][gc,phases      ] GC(3)     Reference Processing: 0.02ms
[0.341s][debug][gc,phases,ref  ] GC(3)       Notify Soft/WeakReferences: 0.0ms
[0.341s][debug][gc,phases,ref  ] GC(3)         SoftRef (ms):                  Min: 0.00, Avg: 0.00, Max: 0.00, Diff: 0.00, Sum: 0.00, Workers: 1
[0.341s][debug][gc,phases,ref  ] GC(3)         WeakRef (ms):                  Min: 0.00, Avg: 0.00, Max: 0.00, Diff: 0.00, Sum: 0.00, Workers: 1
[0.341s][debug][gc,phases,ref  ] GC(3)         FinalRef (ms):                 Min: 0.00, Avg: 0.00, Max: 0.00, Diff: 0.00, Sum: 0.00, Workers: 1
[0.341s][debug][gc,phases,ref  ] GC(3)         Total (ms):                    Min: 0.01, Avg: 0.01, Max: 0.01, Diff: 0.00, Sum: 0.01, Workers: 1
[0.341s][debug][gc,phases,ref  ] GC(3)       Notify and keep alive finalizable: 0.0ms
[0.341s][debug][gc,phases,ref  ] GC(3)         FinalRef (ms):                 skipped
[0.341s][debug][gc,phases,ref  ] GC(3)       Notify PhantomReferences: 0.0ms
[0.341s][debug][gc,phases,ref  ] GC(3)         PhantomRef (ms):               Min: 0.00, Avg: 0.00, Max: 0.00, Diff: 0.00, Sum: 0.00, Workers: 1
[0.341s][debug][gc,phases,ref  ] GC(3)       SoftReference Discovered: 0, Dropped: 0, Processed: 0
[0.341s][debug][gc,phases,ref  ] GC(3)       WeakReference Discovered: 143, Dropped: 76, Processed: 67
[0.341s][debug][gc,phases,ref  ] GC(3)       FinalReference Discovered: 0, Dropped: 0, Processed: 0
[0.341s][debug][gc,phases,ref  ] GC(3)       PhantomReference Discovered: 25, Dropped: 0, Processed: 25
[0.341s][debug][gc,phases      ] GC(3)     Weak Processing: 0.02ms
[0.341s][debug][gc,phases      ] GC(3)       VM Weak                        Min: 0.00, Avg: 0.00, Max: 0.00, Diff: 0.00, Sum: 0.00, Workers: 3
[0.341s][debug][gc,phases      ] GC(3)         Dead                           Min: 0, Avg:  0.0, Max: 0, Diff: 0, Sum: 0, Workers: 3
[0.341s][debug][gc,phases      ] GC(3)         Total                          Min: 0, Avg: 31.3, Max: 94, Diff: 94, Sum: 94, Workers: 3
[0.341s][debug][gc,phases      ] GC(3)       ObjectSynchronizer Weak        Min: 0.00, Avg: 0.00, Max: 0.00, Diff: 0.00, Sum: 0.00, Workers: 3
[0.341s][debug][gc,phases      ] GC(3)         Dead                           Min: 0, Avg:  0.0, Max: 0, Diff: 0, Sum: 0, Workers: 3
[0.341s][debug][gc,phases      ] GC(3)         Total                          Min: 0, Avg:  1.7, Max: 5, Diff: 5, Sum: 5, Workers: 3
[0.341s][debug][gc,phases      ] GC(3)       JVMTI Tag Weak OopStorage      Min: 0.00, Avg: 0.00, Max: 0.00, Diff: 0.00, Sum: 0.00, Workers: 3
[0.341s][debug][gc,phases      ] GC(3)         Dead                           Min: 0, Avg:  0.0, Max: 0, Diff: 0, Sum: 0, Workers: 3
[0.341s][debug][gc,phases      ] GC(3)         Total                          Min: 0, Avg:  0.0, Max: 0, Diff: 0, Sum: 0, Workers: 3
[0.341s][debug][gc,phases      ] GC(3)       StringTable Weak               Min: 0.00, Avg: 0.00, Max: 0.01, Diff: 0.01, Sum: 0.01, Workers: 3
[0.341s][debug][gc,phases      ] GC(3)         Dead                           Min: 0, Avg:  2.0, Max: 6, Diff: 6, Sum: 6, Workers: 3
[0.341s][debug][gc,phases      ] GC(3)         Total                          Min: 0, Avg: 464.7, Max: 1394, Diff: 1394, Sum: 1394, Workers: 3
[0.341s][debug][gc,phases      ] GC(3)       ResolvedMethodTable Weak       Min: 0.00, Avg: 0.00, Max: 0.00, Diff: 0.00, Sum: 0.00, Workers: 3
[0.341s][debug][gc,phases      ] GC(3)         Dead                           Min: 0, Avg:  4.3, Max: 11, Diff: 11, Sum: 13, Workers: 3
[0.341s][debug][gc,phases      ] GC(3)         Total                          Min: 0, Avg: 209.7, Max: 382, Diff: 382, Sum: 629, Workers: 3
[0.341s][debug][gc,phases      ] GC(3)       JNI Weak                       Min: 0.00, Avg: 0.00, Max: 0.00, Diff: 0.00, Sum: 0.00, Workers: 3
[0.341s][debug][gc,phases      ] GC(3)         Dead                           Min: 0, Avg:  0.0, Max: 0, Diff: 0, Sum: 0, Workers: 3
[0.341s][debug][gc,phases      ] GC(3)         Total                          Min: 0, Avg:  1.3, Max: 4, Diff: 4, Sum: 4, Workers: 3
[0.341s][debug][gc,phases      ] GC(3)       StringDedup Table Weak         Min: 0.00, Avg: 0.00, Max: 0.00, Diff: 0.00, Sum: 0.00, Workers: 3
[0.341s][debug][gc,phases      ] GC(3)         Dead                           Min: 0, Avg:  0.0, Max: 0, Diff: 0, Sum: 0, Workers: 3
[0.341s][debug][gc,phases      ] GC(3)         Total                          Min: 0, Avg:  0.0, Max: 0, Diff: 0, Sum: 0, Workers: 3
[0.341s][debug][gc,phases      ] GC(3)       StringDedup Requests0 Weak     Min: 0.00, Avg: 0.00, Max: 0.00, Diff: 0.00, Sum: 0.00, Workers: 3
[0.341s][debug][gc,phases      ] GC(3)         Dead                           Min: 0, Avg:  0.0, Max: 0, Diff: 0, Sum: 0, Workers: 3
[0.341s][debug][gc,phases      ] GC(3)         Total                          Min: 0, Avg:  0.0, Max: 0, Diff: 0, Sum: 0, Workers: 3
[0.341s][debug][gc,phases      ] GC(3)       StringDedup Requests1 Weak     Min: 0.00, Avg: 0.00, Max: 0.00, Diff: 0.00, Sum: 0.00, Workers: 3
[0.341s][debug][gc,phases      ] GC(3)         Dead                           Min: 0, Avg:  0.0, Max: 0, Diff: 0, Sum: 0, Workers: 3
[0.341s][debug][gc,phases      ] GC(3)         Total                          Min: 0, Avg:  0.0, Max: 0, Diff: 0, Sum: 0, Workers: 3
[0.341s][debug][gc,phases      ] GC(3)       Weak JFR Old Object Samples    Min: 0.00, Avg: 0.00, Max: 0.00, Diff: 0.00, Sum: 0.00, Workers: 3
[0.341s][debug][gc,phases      ] GC(3)         Dead                           Min: 0, Avg:  0.0, Max: 0, Diff: 0, Sum: 0, Workers: 3
[0.341s][debug][gc,phases      ] GC(3)         Total                          Min: 0, Avg:  0.0, Max: 0, Diff: 0, Sum: 0, Workers: 3
[0.341s][debug][gc,phases      ] GC(3)     Post Evacuate Cleanup 1: 0.01ms
[0.341s][debug][gc,phases      ] GC(3)       Merge Per-Thread State (ms):   Min: 0.00, Avg: 0.00, Max: 0.00, Diff: 0.00, Sum: 0.00, Workers: 1
[0.341s][debug][gc,phases      ] GC(3)         Copied Bytes:                  Min: 49904, Avg: 110965.3, Max: 175248, Diff: 125344, Sum: 332896, Workers: 3
[0.341s][debug][gc,phases      ] GC(3)         LAB Waste:                     Min: 32, Avg: 170.7, Max: 328, Diff: 296, Sum: 512, Workers: 3
[0.341s][debug][gc,phases      ] GC(3)         LAB Undo Waste:                Min: 0, Avg:  0.0, Max: 0, Diff: 0, Sum: 0, Workers: 3
[0.341s][debug][gc,phases      ] GC(3)         Evac Fail Extra Cards:         Min: 0, Avg:  0.0, Max: 0, Diff: 0, Sum: 0, Workers: 3
[0.341s][debug][gc,phases      ] GC(3)       Clear Logged Cards (ms):       Min: 0.00, Avg: 0.00, Max: 0.00, Diff: 0.00, Sum: 0.00, Workers: 3
[0.341s][debug][gc,phases      ] GC(3)       Recalculate Used Memory (ms):  Min: 0.00, Avg: 0.00, Max: 0.00, Diff: 0.00, Sum: 0.00, Workers: 1
[0.341s][debug][gc,phases      ] GC(3)     Post Evacuate Cleanup 2: 0.02ms
[0.341s][debug][gc,phases      ] GC(3)       Update Derived Pointers (ms):  Min: 0.00, Avg: 0.00, Max: 0.00, Diff: 0.00, Sum: 0.00, Workers: 1
[0.341s][debug][gc,phases      ] GC(3)       Eagerly Reclaim Humongous Objects (ms): skipped
[0.341s][debug][gc,phases      ] GC(3)         Humongous Total:               skipped
[0.341s][debug][gc,phases      ] GC(3)         Humongous Candidates:          skipped
[0.341s][debug][gc,phases      ] GC(3)         Humongous Reclaimed:           skipped
[0.341s][debug][gc,phases      ] GC(3)       Redirty Logged Cards (ms):     Min: 0.00, Avg: 0.00, Max: 0.00, Diff: 0.00, Sum: 0.00, Workers: 3
[0.341s][debug][gc,phases      ] GC(3)         Redirtied Cards:               Min: 0, Avg: 63.3, Max: 190, Diff: 190, Sum: 190, Workers: 3
[0.341s][debug][gc,phases      ] GC(3)       Resize TLABs (ms):             Min: 0.00, Avg: 0.00, Max: 0.00, Diff: 0.00, Sum: 0.00, Workers: 3
[0.341s][debug][gc,phases      ] GC(3)       Free Collection Set (ms):      Min: 0.00, Avg: 0.00, Max: 0.00, Diff: 0.00, Sum: 0.00, Workers: 3
[0.341s][debug][gc,phases      ] GC(3)     Rebuild Free List: 0.02ms
[0.341s][debug][gc,phases      ] GC(3)     Prepare For Mutator: 0.01ms
[0.342s][debug][gc,phases      ] GC(3)     Expand Heap After Collection: 0.00ms
[0.342s][info ][gc,phases      ] GC(3)   Other: 0.08ms
[0.342s][debug][gc,remset      ] GC(3) Coarsening (recent): Inline->AoC 0 (0) AoC->Howl 0 (0) Howl->Full 0 (0) Inline->AoC 0 (0) AoC->BitMap 0 (0) BitMap->Full 0 (0) 
[0.342s][debug][gc,remset      ] GC(3) Coarsening (all): Inline->AoC 0 (0) AoC->Howl 0 (0) Howl->Full 0 (0) Inline->AoC 0 (0) AoC->BitMap 0 (0) BitMap->Full 0 (0) 
[0.342s][info ][gc,heap        ] GC(3) Eden regions: 5->0(5)
[0.342s][info ][gc,heap        ] GC(3) Survivor regions: 0->1(1)
[0.342s][info ][gc,heap        ] GC(3) Old regions: 4->4
[0.342s][info ][gc,heap        ] GC(3) Humongous regions: 0->0
[0.342s][info ][gc,metaspace   ] GC(3) Metaspace: 5418K(5632K)->5418K(5632K) NonClass: 4784K(4928K)->4784K(4928K) Class: 634K(704K)->634K(704K)
[0.342s][debug][gc,heap        ] GC(3) Heap after GC invocations=4 (full 1):
[0.342s][debug][gc,heap        ] GC(3)  garbage-first heap   total reserved 786432K, committed 14336K, used 3479K [0x00000007d0000000, 0x0000000800000000)
[0.342s][debug][gc,heap        ] GC(3)   region size 1024K, 1 young (1024K), 1 survivors (1024K)
[0.342s][debug][gc,heap        ] GC(3)  Metaspace       used 5418K, committed 5632K, reserved 1114112K
[0.342s][debug][gc,heap        ] GC(3)   class space    used 634K, committed 704K, reserved 1048576K
[0.342s][info ][gc             ] GC(3) Pause Young (Normal) (G1 Evacuation Pause) 8M->3M(14M) 0.942ms
[0.342s][info ][gc,cpu         ] GC(3) User=0.00s Sys=0.00s Real=0.00s
[0.342s][debug][gc,task        ] G1 Service Thread (Card Set Free Memory Task) (run: 0.334ms) (cpu: 0.334ms)
[0.342s][debug][gc,refine      ] Concurrent refinement: wanted 0, cards: 190, predicted: 386, time: 50.78ms
Event: jdk.GarbageCollection {
  startTime = 00:26:48.322 (2024-04-29)
  duration = 9.13 ms
  gcId = 2
  name = "G1Full"
  cause = "System.gc()"
  sumOfPauses = 9.13 ms
  longestPause = 9.13 ms
  eventThread = "VM Thread" (osThreadId = 19715)
}


[0.351s][debug][gc,refine      ] Stopping 0
[0.351s][debug][gc,task        ] G1 Service Thread (stopping)
[0.351s][info ][gc,heap,exit   ] Heap
[0.351s][info ][gc,heap,exit   ]  garbage-first heap   total reserved 786432K, committed 14336K, used 4055K [0x00000007d0000000, 0x0000000800000000)
[0.351s][info ][gc,heap,exit   ]   region size 1024K, 2 young (2048K), 1 survivors (1024K)
[0.351s][info ][gc,heap,exit   ]  Metaspace       used 5691K, committed 5952K, reserved 1114112K
[0.351s][info ][gc,heap,exit   ]   class space    used 668K, committed 768K, reserved 1048576K
----------System.err:(1/15)----------
STATUS:Passed.
----------rerun:(39/4081)*----------
cd /Users/runner/work/openjdk/openjdk/build/run-test-prebuilt/test-support/jtreg_test_jdk_tier1/scratch/0 && \\
HOME=/Users/runner \\
LANG=en_US.UTF-8 \\
LC_ALL=C \\
LC_CTYPE=en_US.UTF-8 \\
PATH=/bin:/usr/bin:/usr/sbin \\
TEST_IMAGE_DIR=/Users/runner/work/openjdk/openjdk/bundles/tests \\
CLASSPATH=/Users/runner/work/openjdk/openjdk/build/run-test-prebuilt/test-support/jtreg_test_jdk_tier1/classes/0/jdk/jfr/event/gc/collection/TestGCGarbageCollectionEvent.d:/Users/runner/work/openjdk/openjdk/test/jdk/jdk/jfr/event/gc/collection:/Users/runner/work/openjdk/openjdk/build/run-test-prebuilt/test-support/jtreg_test_jdk_tier1/classes/0/test/lib:/Users/runner/work/openjdk/openjdk/test/lib:/Users/runner/work/openjdk/openjdk/jtreg/installed/lib/javatest.jar:/Users/runner/work/openjdk/openjdk/jtreg/installed/lib/jtreg.jar \\
    /Users/runner/work/openjdk/openjdk/bundles/jdk/jdk-23.jdk/Contents/Home/bin/java \\
        -Dtest.vm.opts='-Xmx768m -XX:MaxRAMPercentage=12.5 -Dtest.boot.jdk=/Users/runner/work/openjdk/openjdk/bootjdk/jdk -Djava.io.tmpdir=/Users/runner/work/openjdk/openjdk/build/run-test-prebuilt/test-support/jtreg_test_jdk_tier1/tmp -ea -esa' \\
        -Dtest.tool.vm.opts='-J-Xmx768m -J-XX:MaxRAMPercentage=12.5 -J-Dtest.boot.jdk=/Users/runner/work/openjdk/openjdk/bootjdk/jdk -J-Djava.io.tmpdir=/Users/runner/work/openjdk/openjdk/build/run-test-prebuilt/test-support/jtreg_test_jdk_tier1/tmp -J-ea -J-esa' \\
        -Dtest.compiler.opts= \\
        -Dtest.java.opts=-XX:-CreateCoredumpOnCrash \\
        -Dtest.jdk=/Users/runner/work/openjdk/openjdk/bundles/jdk/jdk-23.jdk/Contents/Home \\
        -Dcompile.jdk=/Users/runner/work/openjdk/openjdk/bundles/jdk/jdk-23.jdk/Contents/Home \\
        -Dtest.timeout.factor=4.0 \\
        -Dtest.nativepath=/Users/runner/work/openjdk/openjdk/bundles/tests/jdk/jtreg/native \\
        -Dtest.root=/Users/runner/work/openjdk/openjdk/test/jdk \\
        -Dtest.name=jdk/jfr/event/gc/collection/TestGCGarbageCollectionEvent.java \\
        -Dtest.file=/Users/runner/work/openjdk/openjdk/test/jdk/jdk/jfr/event/gc/collection/TestGCGarbageCollectionEvent.java \\
        -Dtest.src=/Users/runner/work/openjdk/openjdk/test/jdk/jdk/jfr/event/gc/collection \\
        -Dtest.src.path=/Users/runner/work/openjdk/openjdk/test/jdk/jdk/jfr/event/gc/collection:/Users/runner/work/openjdk/openjdk/test/lib \\
        -Dtest.classes=/Users/runner/work/openjdk/openjdk/build/run-test-prebuilt/test-support/jtreg_test_jdk_tier1/classes/0/jdk/jfr/event/gc/collection/TestGCGarbageCollectionEvent.d \\
        -Dtest.class.path=/Users/runner/work/openjdk/openjdk/build/run-test-prebuilt/test-support/jtreg_test_jdk_tier1/classes/0/jdk/jfr/event/gc/collection/TestGCGarbageCollectionEvent.d:/Users/runner/work/openjdk/openjdk/build/run-test-prebuilt/test-support/jtreg_test_jdk_tier1/classes/0/test/lib \\
        -Dtest.class.path.prefix=/Users/runner/work/openjdk/openjdk/build/run-test-prebuilt/test-support/jtreg_test_jdk_tier1/classes/0/jdk/jfr/event/gc/collection/TestGCGarbageCollectionEvent.d:/Users/runner/work/openjdk/openjdk/test/jdk/jdk/jfr/event/gc/collection:/Users/runner/work/openjdk/openjdk/build/run-test-prebuilt/test-support/jtreg_test_jdk_tier1/classes/0/test/lib \\
        -Dtest.modules='jdk.jfr java.management' \\
        --add-modules jdk.jfr,java.management \\
        -Xmx768m \\
        -XX:MaxRAMPercentage=12.5 \\
        -Dtest.boot.jdk=/Users/runner/work/openjdk/openjdk/bootjdk/jdk \\
        -Djava.io.tmpdir=/Users/runner/work/openjdk/openjdk/build/run-test-prebuilt/test-support/jtreg_test_jdk_tier1/tmp \\
        -ea \\
        -esa \\
        -XX:-CreateCoredumpOnCrash \\
        -Djava.library.path=/Users/runner/work/openjdk/openjdk/bundles/tests/jdk/jtreg/native \\
        -Xlog:gc*=debug \\
        -XX:+UnlockExperimentalVMOptions \\
        -XX:-UseFastUnorderedTimeStamps \\
        com.sun.javatest.regtest.agent.MainWrapper /Users/runner/work/openjdk/openjdk/build/run-test-prebuilt/test-support/jtreg_test_jdk_tier1/jdk/jfr/event/gc/collection/TestGCGarbageCollectionEvent.d/main.0.jta
result: Passed. Execution successful


test result: Passed. Execution successful
