#Test Results (version 2)
#Mon Apr 29 00:38:13 UTC 2024
#-----testdescription-----
$file=/home/runner/work/openjdk/openjdk/test/jdk/jdk/jfr/event/gc/collection/TestGCGarbageCollectionEvent.java
$root=/home/runner/work/openjdk/openjdk/test/jdk
keywords=jfr othervm
library=/test/lib
modules=jdk.jfr java.management
requires=vm.hasJFR
run=USER_SPECIFIED main/othervm -Xlog\:gc*\=debug -XX\:+UnlockExperimentalVMOptions -XX\:-UseFastUnorderedTimeStamps jdk.jfr.event.gc.collection.TestGCGarbageCollectionEvent\n
source=TestGCGarbageCollectionEvent.java
title=\ 

#-----environment-----

#-----testresult-----
description=file\:/home/runner/work/openjdk/openjdk/test/jdk/jdk/jfr/event/gc/collection/TestGCGarbageCollectionEvent.java
elapsed=879 0\:00\:00.879
end=Mon Apr 29 00\:38\:13 UTC 2024
environment=regtest
execStatus=Passed. Execution successful
harnessLoaderMode=Classpath Loader
harnessVariety=Full Bundle
hostname=fv-az1055-577.mrg2vkl14epehdn0xjtgmxanmg.phxx.internal.cloudapp.net
javatestOS=Linux 6.5.0-1018-azure (amd64)
javatestVersion=6.0-ea+b24-2024-04-28-${BUILT_FROM_COMMIT}
jtregVersion=jtreg 7.3.1 dev 0
modules=jdk.jfr java.management
script=com.sun.javatest.regtest.exec.RegressionScript
sections=script_messages build compile main
start=Mon Apr 29 00\:38\:12 UTC 2024
test=jdk/jfr/event/gc/collection/TestGCGarbageCollectionEvent.java
testJDK=/home/runner/work/openjdk/openjdk/bundles/jdk/jdk-23
testJDK_OS=[name\:Linux,arch\:amd64,version\:6.5.0-1018-azure,family\:linux,simple_arch\:x64,simple_version\:6.5,processors\:4,maxMemory\:16757346304,maxSwap\:4294963200]
testJDK_os.arch=amd64
testJDK_os.name=Linux
testJDK_os.version=6.5.0-1018-azure
totalTime=879
user.name=runner
work=/home/runner/work/openjdk/openjdk/build/run-test-prebuilt/test-support/jtreg_test_jdk_tier1/jdk/jfr/event/gc/collection

#section:script_messages
----------messages:(7/551)----------
JDK under test: /home/runner/work/openjdk/openjdk/bundles/jdk/jdk-23
openjdk version "23-internal" 2024-09-17
OpenJDK Runtime Environment (build 23-internal-dubi253-4c630b0b2463c476ae1e6c8cae3ae981b793158c)
OpenJDK 64-Bit Server VM (build 23-internal-dubi253-4c630b0b2463c476ae1e6c8cae3ae981b793158c, mixed mode, sharing)
Library /test/lib; kind: packages
   source directory: /home/runner/work/openjdk/openjdk/test/lib
   class directory: /home/runner/work/openjdk/openjdk/build/run-test-prebuilt/test-support/jtreg_test_jdk_tier1/classes/0/test/lib

#section:build
----------messages:(7/302)----------
command: build jdk.jfr.event.gc.collection.TestGCGarbageCollectionEvent
reason: Named class compiled on demand
started: Mon Apr 29 00:38:12 UTC 2024
Test directory:
  compile: jdk.jfr.event.gc.collection.TestGCGarbageCollectionEvent
finished: Mon Apr 29 00:38:12 UTC 2024
elapsed time (seconds): 0.094
result: Passed. Build successful

#section:compile
----------messages:(8/377)----------
command: compile /home/runner/work/openjdk/openjdk/test/jdk/jdk/jfr/event/gc/collection/TestGCGarbageCollectionEvent.java
reason: .class file out of date or does not exist
started: Mon Apr 29 00:38:12 UTC 2024
Additional options from @modules: --add-modules jdk.jfr,java.management
Mode: agentvm
Agent id: 1
finished: Mon Apr 29 00:38:12 UTC 2024
elapsed time (seconds): 0.094
----------configuration:(13/937)----------
Boot Layer (javac runtime environment)
  class path: /home/runner/work/openjdk/openjdk/jtreg/installed/lib/javatest.jar 
              /home/runner/work/openjdk/openjdk/jtreg/installed/lib/jtreg.jar 
  patch:      java.base /home/runner/work/openjdk/openjdk/build/run-test-prebuilt/test-support/jtreg_test_jdk_tier1/patches/java.base

javac compilation environment
  add modules: jdk.jfr java.management
  source path: /home/runner/work/openjdk/openjdk/test/jdk/jdk/jfr/event/gc/collection
               /home/runner/work/openjdk/openjdk/test/lib
  class path:  /home/runner/work/openjdk/openjdk/test/jdk/jdk/jfr/event/gc/collection
               /home/runner/work/openjdk/openjdk/build/run-test-prebuilt/test-support/jtreg_test_jdk_tier1/classes/0/jdk/jfr/event/gc/collection/TestGCGarbageCollectionEvent.d
               /home/runner/work/openjdk/openjdk/build/run-test-prebuilt/test-support/jtreg_test_jdk_tier1/classes/0/test/lib

----------rerun:(37/3952)*----------
cd /home/runner/work/openjdk/openjdk/build/run-test-prebuilt/test-support/jtreg_test_jdk_tier1/scratch/1 && \\
HOME=/home/runner \\
LANG=C.UTF-8 \\
LC_ALL=C \\
PATH=/bin:/usr/bin:/usr/sbin \\
TEST_IMAGE_DIR=/home/runner/work/openjdk/openjdk/bundles/tests \\
XDG_CONFIG_HOME=/home/runner/.config \\
XDG_RUNTIME_DIR=/run/user/1001 \\
_JVM_DWARF_PATH=/home/runner/work/openjdk/openjdk/bundles/symbols/jdk-23 \\
    /home/runner/work/openjdk/openjdk/bundles/jdk/jdk-23/bin/javac \\
        -J-Xmx768m \\
        -J-XX:MaxRAMPercentage=12.5 \\
        -J-Dtest.boot.jdk=/home/runner/work/openjdk/openjdk/bootjdk/jdk \\
        -J-Djava.io.tmpdir=/home/runner/work/openjdk/openjdk/build/run-test-prebuilt/test-support/jtreg_test_jdk_tier1/tmp \\
        -J-ea \\
        -J-esa \\
        -J-Dtest.vm.opts='-Xmx768m -XX:MaxRAMPercentage=12.5 -Dtest.boot.jdk=/home/runner/work/openjdk/openjdk/bootjdk/jdk -Djava.io.tmpdir=/home/runner/work/openjdk/openjdk/build/run-test-prebuilt/test-support/jtreg_test_jdk_tier1/tmp -ea -esa' \\
        -J-Dtest.tool.vm.opts='-J-Xmx768m -J-XX:MaxRAMPercentage=12.5 -J-Dtest.boot.jdk=/home/runner/work/openjdk/openjdk/bootjdk/jdk -J-Djava.io.tmpdir=/home/runner/work/openjdk/openjdk/build/run-test-prebuilt/test-support/jtreg_test_jdk_tier1/tmp -J-ea -J-esa' \\
        -J-Dtest.compiler.opts= \\
        -J-Dtest.java.opts=-XX:-CreateCoredumpOnCrash \\
        -J-Dtest.jdk=/home/runner/work/openjdk/openjdk/bundles/jdk/jdk-23 \\
        -J-Dcompile.jdk=/home/runner/work/openjdk/openjdk/bundles/jdk/jdk-23 \\
        -J-Dtest.timeout.factor=4.0 \\
        -J-Dtest.nativepath=/home/runner/work/openjdk/openjdk/bundles/tests/jdk/jtreg/native \\
        -J-Dtest.root=/home/runner/work/openjdk/openjdk/test/jdk \\
        -J-Dtest.name=jdk/jfr/event/gc/collection/TestGCGarbageCollectionEvent.java \\
        -J-Dtest.file=/home/runner/work/openjdk/openjdk/test/jdk/jdk/jfr/event/gc/collection/TestGCGarbageCollectionEvent.java \\
        -J-Dtest.src=/home/runner/work/openjdk/openjdk/test/jdk/jdk/jfr/event/gc/collection \\
        -J-Dtest.src.path=/home/runner/work/openjdk/openjdk/test/jdk/jdk/jfr/event/gc/collection:/home/runner/work/openjdk/openjdk/test/lib \\
        -J-Dtest.classes=/home/runner/work/openjdk/openjdk/build/run-test-prebuilt/test-support/jtreg_test_jdk_tier1/classes/0/jdk/jfr/event/gc/collection/TestGCGarbageCollectionEvent.d \\
        -J-Dtest.class.path=/home/runner/work/openjdk/openjdk/build/run-test-prebuilt/test-support/jtreg_test_jdk_tier1/classes/0/jdk/jfr/event/gc/collection/TestGCGarbageCollectionEvent.d:/home/runner/work/openjdk/openjdk/build/run-test-prebuilt/test-support/jtreg_test_jdk_tier1/classes/0/test/lib \\
        -J-Dtest.class.path.prefix=/home/runner/work/openjdk/openjdk/build/run-test-prebuilt/test-support/jtreg_test_jdk_tier1/classes/0/jdk/jfr/event/gc/collection/TestGCGarbageCollectionEvent.d:/home/runner/work/openjdk/openjdk/test/jdk/jdk/jfr/event/gc/collection:/home/runner/work/openjdk/openjdk/build/run-test-prebuilt/test-support/jtreg_test_jdk_tier1/classes/0/test/lib \\
        -J-Dtest.modules='jdk.jfr java.management' \\
        --add-modules jdk.jfr,java.management \\
        -d /home/runner/work/openjdk/openjdk/build/run-test-prebuilt/test-support/jtreg_test_jdk_tier1/classes/0/jdk/jfr/event/gc/collection/TestGCGarbageCollectionEvent.d \\
        -sourcepath /home/runner/work/openjdk/openjdk/test/jdk/jdk/jfr/event/gc/collection:/home/runner/work/openjdk/openjdk/test/lib \\
        -classpath /home/runner/work/openjdk/openjdk/test/jdk/jdk/jfr/event/gc/collection:/home/runner/work/openjdk/openjdk/build/run-test-prebuilt/test-support/jtreg_test_jdk_tier1/classes/0/jdk/jfr/event/gc/collection/TestGCGarbageCollectionEvent.d:/home/runner/work/openjdk/openjdk/build/run-test-prebuilt/test-support/jtreg_test_jdk_tier1/classes/0/test/lib /home/runner/work/openjdk/openjdk/test/jdk/jdk/jfr/event/gc/collection/TestGCGarbageCollectionEvent.java
----------direct:(4/330)----------
Note: /home/runner/work/openjdk/openjdk/test/lib/jdk/test/lib/jfr/Events.java uses or overrides a deprecated API.
Note: Recompile with -Xlint:deprecation for details.
Note: /home/runner/work/openjdk/openjdk/test/lib/jdk/test/lib/Asserts.java uses unchecked or unsafe operations.
Note: Recompile with -Xlint:unchecked for details.
result: Passed. Compilation successful

#section:main
----------messages:(7/553)----------
command: main -Xlog:gc*=debug -XX:+UnlockExperimentalVMOptions -XX:-UseFastUnorderedTimeStamps jdk.jfr.event.gc.collection.TestGCGarbageCollectionEvent
reason: User specified action: run main/othervm -Xlog:gc*=debug -XX:+UnlockExperimentalVMOptions -XX:-UseFastUnorderedTimeStamps jdk.jfr.event.gc.collection.TestGCGarbageCollectionEvent 
started: Mon Apr 29 00:38:12 UTC 2024
Mode: othervm [/othervm specified]
Additional options from @modules: --add-modules jdk.jfr,java.management
finished: Mon Apr 29 00:38:13 UTC 2024
elapsed time (seconds): 0.784
----------configuration:(3/51)----------
Boot Layer
  add modules: jdk.jfr java.management

----------System.out:(499/54694)----------
[0.004s][info][gc,init] CardTable entry size: 512
[0.004s][debug][gc,heap] Minimum heap 8388608  Initial heap 262144000  Maximum heap 805306368
[0.004s][debug][gc,remset] Card Set container configuration: InlinePtr #cards 5 size 8 Array Of Cards #cards 10 size 36 Howl #buckets 4 coarsen threshold 1843 Howl Bitmap #cards 512 size 80 coarsen threshold 460 Card regions per heap region 1 cards per card region 2048
[0.004s][info ][gc       ] Using G1
[0.004s][debug][gc,heap,coops] Heap address: 0x00000000d0000000, size: 768 MB, Compressed Oops mode: 32-bit
[0.005s][debug][gc           ] ConcGCThreads: 1 offset 8
[0.005s][debug][gc           ] ParallelGCThreads: 4
[0.005s][debug][gc           ] Initialize mark stack with 4096 chunks, maximum 536870912
[0.005s][debug][gc,ergo,heap ] Expand the heap. requested expansion amount: 262144000B expansion amount: 262144000B
[0.009s][debug][gc,heap,region] Activate regions [0, 250)
[0.009s][debug][gc,ihop       ] Target occupancy update: old: 0B, new: 262144000B
[0.009s][debug][gc,task       ] G1 Service Thread (Periodic GC Task) (register)
[0.009s][debug][gc,task       ] G1 Service Thread (Card Set Free Memory Task) (register)
[0.009s][info ][gc,init       ] Version: 23-internal-dubi253-4c630b0b2463c476ae1e6c8cae3ae981b793158c (release)
[0.009s][info ][gc,init       ] CPUs: 4 total, 4 available
[0.009s][info ][gc,init       ] Memory: 15981M
[0.009s][info ][gc,init       ] Large Page Support: Disabled
[0.009s][info ][gc,init       ] NUMA Support: Disabled
[0.009s][info ][gc,init       ] Compressed Oops: Enabled (32-bit)
[0.009s][info ][gc,init       ] Heap Region Size: 1M
[0.009s][info ][gc,init       ] Heap Min Capacity: 8M
[0.009s][info ][gc,init       ] Heap Initial Capacity: 250M
[0.009s][info ][gc,init       ] Heap Max Capacity: 768M
[0.009s][info ][gc,init       ] Pre-touch: Disabled
[0.009s][info ][gc,init       ] Parallel Workers: 4
[0.009s][info ][gc,init       ] Concurrent Workers: 1
[0.009s][info ][gc,init       ] Concurrent Refinement Workers: 4
[0.009s][info ][gc,init       ] Periodic GC: Disabled
[0.017s][debug][gc,heap,region] Activate regions [766, 767)
[0.017s][debug][gc,heap,region] Activate regions [767, 768)
[0.017s][debug][gc,ergo,heap  ] Attempt heap expansion (allocate archive regions). Total size: 2097152B
[0.017s][info ][gc,metaspace  ] CDS archive(s) mapped at: [0x00007fb49a000000-0x00007fb49aca1000-0x00007fb49aca1000), size 13242368, SharedBaseAddress: 0x00007fb49a000000, ArchiveRelocationMode: 1.
[0.017s][info ][gc,metaspace  ] Compressed class space mapped at: 0x00007fb49b000000-0x00007fb4db000000, reserved size: 1073741824
[0.017s][info ][gc,metaspace  ] Narrow klass base: 0x00007fb49a000000, Narrow klass shift: 0, Narrow klass range: 0x100000000
[0.030s][debug][gc,task,start ] G1 Service Thread (Periodic GC Task) (run 21.006ms after schedule)
[0.030s][debug][gc,task       ] G1 Service Thread (Periodic GC Task) (run: 0.024ms) (cpu: 0.034ms)
[0.030s][debug][gc,task,start ] G1 Service Thread (Card Set Free Memory Task) (run 21.032ms after schedule)
[0.030s][debug][gc,task       ] G1 Service Thread (Card Set Free Memory Task) (run: 0.011ms) (cpu: 0.018ms)
[0.466s][info ][gc,start      ] GC(0) Pause Young (Normal) (G1 Evacuation Pause)
[0.466s][debug][gc,heap       ] GC(0) Heap before GC invocations=0 (full 0):
[0.466s][debug][gc,heap       ] GC(0)  garbage-first heap   total reserved 786432K, committed 258048K, used 14379K [0x00000000d0000000, 0x0000000100000000)
[0.466s][debug][gc,heap       ] GC(0)   region size 1024K, 14 young (14336K), 0 survivors (0K)
[0.466s][debug][gc,heap       ] GC(0)  Metaspace       used 4762K, committed 4992K, reserved 1114112K
[0.466s][debug][gc,heap       ] GC(0)   class space    used 562K, committed 704K, reserved 1048576K
[0.467s][info ][gc,task       ] GC(0) Using 4 workers of 4 for evacuation
[0.467s][debug][gc,age        ] GC(0) Desired survivor size 1048576 bytes, new threshold 15 (max threshold 15)
[0.467s][debug][gc,tlab       ] GC(0) TLAB totals: thrds: 5  refills: 55 max: 47 slow allocs: 2 max 1 waste:  6.5% gc: 902808B max: 293528B slow: 39120B max: 36704B
[0.467s][debug][gc,refine,stats] GC(0) Mutator refinement: 0.00ms, refined: 0, precleaned: 0, dirtied: 383
[0.467s][debug][gc,refine,stats] GC(0) Concurrent refinement: 0.00ms, refined: 0, precleaned: 0, dirtied: 0
[0.467s][debug][gc,refine,stats] GC(0) Total refinement: 0.00ms, refined: 0, precleaned: 0, dirtied: 383
[0.467s][debug][gc,refine,stats] GC(0) Generate dirty cards rate: 0.83 cards/ms
[0.467s][debug][gc,alloc,region] GC(0) Mutator Allocation stats, regions: 14, wasted size: 0B ( 0.0%)
[0.467s][debug][gc,ergo,cset   ] GC(0) No candidates to reclaim.
[0.467s][debug][gc,ergo        ] GC(0) Running G1 Merge Heap Roots using 4 workers for 14 regions
[0.467s][debug][gc,remset      ] GC(0) Visited cards 672 Total dirty 4096 (16.41%) Total old 61440 (1.09%)
[0.472s][debug][gc,ref         ] GC(0) ReferenceProcessor::execute queues: 1, RefProcThreadModel::Single, marks_oops_alive: false
[0.472s][debug][gc,ref         ] GC(0) Skipped KeepAliveFinalRefsPhase of Reference Processing: no references
[0.472s][debug][gc,ref         ] GC(0) ReferenceProcessor::execute queues: 1, RefProcThreadModel::Single, marks_oops_alive: false
[0.472s][debug][gc,ergo        ] GC(0) Running G1 Rebuild Free List Task using 4 workers for rebuilding free list of regions
[0.472s][debug][gc,plab        ] GC(0) Young PLAB allocation: allocated: 1750824B, wasted: 4480B, unused: 0B, used: 1746344B, undo waste: 0B, 
[0.472s][debug][gc,plab        ] GC(0) Young other allocation: region end waste: 0B, regions filled: 2, num plab filled: 41, direct allocated: 346328B, num direct allocated: 7, failure used: 0B, failure wasted: 0B
[0.472s][debug][gc,plab        ] GC(0) Young sizing: calculated: 349264B, actual: 349264B
[0.472s][debug][gc,plab        ] GC(0) Old PLAB allocation: allocated: 1806240B, wasted: 7720B, unused: 135720B, used: 1662800B, undo waste: 0B, 
[0.472s][debug][gc,plab        ] GC(0) Old other allocation: region end waste: 0B, regions filled: 2, num plab filled: 91, direct allocated: 49264B, num direct allocated: 5, failure used: 0B, failure wasted: 0B
[0.472s][debug][gc,plab        ] GC(0) Old sizing: calculated: 332560B, actual: 332560B
[0.472s][debug][gc,ergo,heap   ] GC(0) Heap expansion: short term pause time ratio 0.00% long term pause time ratio 0.00% threshold 5.05% pause time ratio 7.69% fully expanded false resize by 0B
[0.472s][debug][gc,mmu         ] GC(0) MMU: 5.3ms (200.0ms/201.0ms)
[0.472s][debug][gc,task,start  ] G1 Service Thread (Card Set Free Memory Task) (run 0.025ms after schedule)
[0.472s][debug][gc,alloc,stats ] Old generation allocation in the last mutator period, old gen allocated: 1806240B, humongous allocated: 0B, old gen growth: 1806240B.
[0.472s][debug][gc,ihop        ] GC(0) Basic information (value update), threshold: 117964800B (45.00), target occupancy: 262144000B, current occupancy: 5045728B, recent allocation size: 1806240B, recent allocation duration: 462.50ms, recent old gen allocation rate: 3905400.51B/s, recent marking phase length: 0.00ms
[0.472s][debug][gc,ihop        ] GC(0) Adaptive IHOP information (value update), threshold: 117964800B (47.37), internal target occupancy: 249036800B, occupancy: 5045728B, additional buffer size: 19922944B, predicted old gen allocation rate: 7810801.02B/s, predicted marking phase length: 0.00ms, prediction active: false
[0.472s][debug][gc,ergo,refine ] GC(0) GC refinement: goal: 18446744073709551615 + 254 / 20.00ms, actual: 383 / 0.05ms, 
[0.472s][debug][gc,ergo,refine ] GC(0) Unchanged pending cards target: 18446744073709551615
[0.472s][info ][gc,phases      ] GC(0)   Pre Evacuate Collection Set: 0.09ms
[0.472s][debug][gc,phases      ] GC(0)     Pre Evacuate Prepare: 0.03ms
[0.472s][debug][gc,phases      ] GC(0)       JT Retire TLABs And Flush Logs (ms): Min: 0.00, Avg: 0.00, Max: 0.01, Diff: 0.01, Sum: 0.01, Workers: 2
[0.472s][debug][gc,phases      ] GC(0)       Non-JT Flush Logs (ms):        Min: 0.00, Avg: 0.00, Max: 0.00, Diff: 0.00, Sum: 0.00, Workers: 1
[0.472s][debug][gc,phases      ] GC(0)     Choose Collection Set: 0.01ms
[0.472s][debug][gc,phases      ] GC(0)     Region Register: 0.05ms
[0.472s][debug][gc,phases      ] GC(0)     Prepare Heap Roots: 0.01ms
[0.472s][info ][gc,phases      ] GC(0)   Merge Heap Roots: 0.16ms
[0.472s][debug][gc,phases      ] GC(0)     Prepare Merge Heap Roots: 0.03ms
[0.472s][debug][gc,phases      ] GC(0)     Remembered Sets (ms):          Min: 0.00, Avg: 0.00, Max: 0.00, Diff: 0.00, Sum: 0.01, Workers: 4
[0.472s][debug][gc,phases      ] GC(0)       Eager Reclaim (ms):            skipped
[0.472s][debug][gc,phases      ] GC(0)       Merged Inline:                 Min: 0, Avg:  0.0, Max: 0, Diff: 0, Sum: 0, Workers: 4
[0.472s][debug][gc,phases      ] GC(0)       Merged ArrayOfCards:           Min: 0, Avg:  0.0, Max: 0, Diff: 0, Sum: 0, Workers: 4
[0.472s][debug][gc,phases      ] GC(0)       Merged Howl:                   Min: 0, Avg:  0.0, Max: 0, Diff: 0, Sum: 0, Workers: 4
[0.472s][debug][gc,phases      ] GC(0)       Merged Full:                   Min: 0, Avg:  0.0, Max: 0, Diff: 0, Sum: 0, Workers: 4
[0.472s][debug][gc,phases      ] GC(0)       Merged Howl Inline:            Min: 0, Avg:  0.0, Max: 0, Diff: 0, Sum: 0, Workers: 4
[0.472s][debug][gc,phases      ] GC(0)       Merged Howl ArrayOfCards:      Min: 0, Avg:  0.0, Max: 0, Diff: 0, Sum: 0, Workers: 4
[0.472s][debug][gc,phases      ] GC(0)       Merged Howl BitMap:            Min: 0, Avg:  0.0, Max: 0, Diff: 0, Sum: 0, Workers: 4
[0.472s][debug][gc,phases      ] GC(0)       Merged Howl Full:              Min: 0, Avg:  0.0, Max: 0, Diff: 0, Sum: 0, Workers: 4
[0.472s][debug][gc,phases      ] GC(0)       Merged Cards:                  Min: 8, Avg:  8.0, Max: 8, Diff: 0, Sum: 32, Workers: 4
[0.472s][debug][gc,phases      ] GC(0)     Distribute Log Buffers: 0.00ms
[0.472s][debug][gc,phases      ] GC(0)     Log Buffers (ms):              Min: 0.00, Avg: 0.00, Max: 0.00, Diff: 0.00, Sum: 0.00, Workers: 4
[0.472s][debug][gc,phases      ] GC(0)       Dirty Cards:                   Min: 0, Avg: 95.8, Max: 383, Diff: 383, Sum: 383, Workers: 4
[0.472s][debug][gc,phases      ] GC(0)       Skipped Cards:                 Min: 0, Avg:  0.0, Max: 0, Diff: 0, Sum: 0, Workers: 4
[0.472s][info ][gc,phases      ] GC(0)   Evacuate Collection Set: 4.61ms
[0.472s][debug][gc,phases      ] GC(0)     Ext Root Scanning (ms):        Min: 0.00, Avg: 0.30, Max: 0.95, Diff: 0.95, Sum: 1.18, Workers: 4
[0.472s][debug][gc,phases      ] GC(0)     Scan Heap Roots (ms):          Min: 0.00, Avg: 0.04, Max: 0.12, Diff: 0.12, Sum: 0.18, Workers: 4
[0.472s][debug][gc,phases      ] GC(0)       Scanned Cards:                 Min: 0, Avg: 95.8, Max: 254, Diff: 254, Sum: 383, Workers: 4
[0.472s][debug][gc,phases      ] GC(0)       Scanned Blocks:                Min: 0, Avg: 13.0, Max: 36, Diff: 36, Sum: 52, Workers: 4
[0.472s][debug][gc,phases      ] GC(0)       Claimed Chunks:                Min: 0, Avg:  5.2, Max: 14, Diff: 14, Sum: 21, Workers: 4
[0.472s][debug][gc,phases      ] GC(0)       Found Roots:                   Min: 0, Avg: 623.0, Max: 1533, Diff: 1533, Sum: 2492, Workers: 4
[0.472s][debug][gc,phases      ] GC(0)     Code Root Scan (ms):           Min: 0.00, Avg: 0.12, Max: 0.42, Diff: 0.42, Sum: 0.48, Workers: 4
[0.472s][debug][gc,phases      ] GC(0)       Scanned Nmethods:              Min: 0, Avg: 58.0, Max: 197, Diff: 197, Sum: 232, Workers: 4
[0.472s][debug][gc,phases      ] GC(0)     Object Copy (ms):              Min: 1.20, Avg: 1.95, Max: 2.81, Diff: 1.60, Sum: 7.82, Workers: 4
[0.472s][debug][gc,phases      ] GC(0)     Termination (ms):              Min: 1.08, Avg: 1.09, Max: 1.10, Diff: 0.01, Sum: 4.35, Workers: 4
[0.472s][debug][gc,phases      ] GC(0)       Termination Attempts:          Min: 1, Avg:  1.0, Max: 1, Diff: 0, Sum: 4, Workers: 4
[0.472s][debug][gc,phases      ] GC(0)     GC Worker Other (ms):          Min: 0.01, Avg: 0.01, Max: 0.01, Diff: 0.00, Sum: 0.04, Workers: 4
[0.472s][debug][gc,phases      ] GC(0)     GC Worker Total (ms):          Min: 2.42, Avg: 3.51, Max: 4.59, Diff: 2.17, Sum: 14.05, Workers: 4
[0.472s][info ][gc,phases      ] GC(0)   Post Evacuate Collection Set: 0.33ms
[0.472s][debug][gc,phases      ] GC(0)     NMethod List Cleanup: 0.02ms
[0.472s][debug][gc,phases      ] GC(0)     Reference Processing: 0.12ms
[0.472s][debug][gc,phases,ref  ] GC(0)       Notify Soft/WeakReferences: 0.1ms
[0.472s][debug][gc,phases,ref  ] GC(0)         SoftRef (ms):                  Min: 0.00, Avg: 0.00, Max: 0.00, Diff: 0.00, Sum: 0.00, Workers: 1
[0.472s][debug][gc,phases,ref  ] GC(0)         WeakRef (ms):                  Min: 0.03, Avg: 0.03, Max: 0.03, Diff: 0.00, Sum: 0.03, Workers: 1
[0.472s][debug][gc,phases,ref  ] GC(0)         FinalRef (ms):                 Min: 0.00, Avg: 0.00, Max: 0.00, Diff: 0.00, Sum: 0.00, Workers: 1
[0.472s][debug][gc,phases,ref  ] GC(0)         Total (ms):                    Min: 0.03, Avg: 0.03, Max: 0.03, Diff: 0.00, Sum: 0.03, Workers: 1
[0.472s][debug][gc,phases,ref  ] GC(0)       Notify and keep alive finalizable: 0.0ms
[0.472s][debug][gc,phases,ref  ] GC(0)         FinalRef (ms):                 skipped
[0.472s][debug][gc,phases,ref  ] GC(0)       Notify PhantomReferences: 0.0ms
[0.472s][debug][gc,phases,ref  ] GC(0)         PhantomRef (ms):               Min: 0.01, Avg: 0.01, Max: 0.01, Diff: 0.00, Sum: 0.01, Workers: 1
[0.472s][debug][gc,phases,ref  ] GC(0)       SoftReference Discovered: 0, Dropped: 0, Processed: 0
[0.472s][debug][gc,phases,ref  ] GC(0)       WeakReference Discovered: 344, Dropped: 192, Processed: 152
[0.472s][debug][gc,phases,ref  ] GC(0)       FinalReference Discovered: 0, Dropped: 0, Processed: 0
[0.472s][debug][gc,phases,ref  ] GC(0)       PhantomReference Discovered: 104, Dropped: 10, Processed: 94
[0.472s][debug][gc,phases      ] GC(0)     Weak Processing: 0.05ms
[0.472s][debug][gc,phases      ] GC(0)       VM Weak                        Min: 0.00, Avg: 0.00, Max: 0.00, Diff: 0.00, Sum: 0.00, Workers: 2
[0.472s][debug][gc,phases      ] GC(0)         Dead                           Min: 0, Avg:  0.0, Max: 0, Diff: 0, Sum: 0, Workers: 2
[0.472s][debug][gc,phases      ] GC(0)         Total                          Min: 0, Avg: 27.5, Max: 55, Diff: 55, Sum: 55, Workers: 2
[0.472s][debug][gc,phases      ] GC(0)       ObjectSynchronizer Weak        Min: 0.00, Avg: 0.00, Max: 0.00, Diff: 0.00, Sum: 0.00, Workers: 2
[0.472s][debug][gc,phases      ] GC(0)         Dead                           Min: 0, Avg:  0.0, Max: 0, Diff: 0, Sum: 0, Workers: 2
[0.472s][debug][gc,phases      ] GC(0)         Total                          Min: 0, Avg:  2.0, Max: 4, Diff: 4, Sum: 4, Workers: 2
[0.472s][debug][gc,phases      ] GC(0)       JVMTI Tag Weak OopStorage      Min: 0.00, Avg: 0.00, Max: 0.00, Diff: 0.00, Sum: 0.00, Workers: 2
[0.472s][debug][gc,phases      ] GC(0)         Dead                           Min: 0, Avg:  0.0, Max: 0, Diff: 0, Sum: 0, Workers: 2
[0.472s][debug][gc,phases      ] GC(0)         Total                          Min: 0, Avg:  0.0, Max: 0, Diff: 0, Sum: 0, Workers: 2
[0.472s][debug][gc,phases      ] GC(0)       StringTable Weak               Min: 0.02, Avg: 0.02, Max: 0.02, Diff: 0.00, Sum: 0.03, Workers: 2
[0.472s][debug][gc,phases      ] GC(0)         Dead                           Min: 0, Avg:  3.5, Max: 7, Diff: 7, Sum: 7, Workers: 2
[0.472s][debug][gc,phases      ] GC(0)         Total                          Min: 576, Avg: 585.0, Max: 594, Diff: 18, Sum: 1170, Workers: 2
[0.472s][debug][gc,phases      ] GC(0)       ResolvedMethodTable Weak       Min: 0.01, Avg: 0.01, Max: 0.01, Diff: 0.00, Sum: 0.02, Workers: 2
[0.472s][debug][gc,phases      ] GC(0)         Dead                           Min: 20, Avg: 25.0, Max: 30, Diff: 10, Sum: 50, Workers: 2
[0.472s][debug][gc,phases      ] GC(0)         Total                          Min: 192, Avg: 218.0, Max: 244, Diff: 52, Sum: 436, Workers: 2
[0.472s][debug][gc,phases      ] GC(0)       JNI Weak                       Min: 0.00, Avg: 0.00, Max: 0.00, Diff: 0.00, Sum: 0.00, Workers: 2
[0.472s][debug][gc,phases      ] GC(0)         Dead                           Min: 0, Avg:  0.0, Max: 0, Diff: 0, Sum: 0, Workers: 2
[0.472s][debug][gc,phases      ] GC(0)         Total                          Min: 0, Avg:  0.0, Max: 0, Diff: 0, Sum: 0, Workers: 2
[0.472s][debug][gc,phases      ] GC(0)       StringDedup Table Weak         Min: 0.00, Avg: 0.00, Max: 0.00, Diff: 0.00, Sum: 0.00, Workers: 2
[0.472s][debug][gc,phases      ] GC(0)         Dead                           Min: 0, Avg:  0.0, Max: 0, Diff: 0, Sum: 0, Workers: 2
[0.472s][debug][gc,phases      ] GC(0)         Total                          Min: 0, Avg:  0.0, Max: 0, Diff: 0, Sum: 0, Workers: 2
[0.472s][debug][gc,phases      ] GC(0)       StringDedup Requests0 Weak     Min: 0.00, Avg: 0.00, Max: 0.00, Diff: 0.00, Sum: 0.00, Workers: 2
[0.472s][debug][gc,phases      ] GC(0)         Dead                           Min: 0, Avg:  0.0, Max: 0, Diff: 0, Sum: 0, Workers: 2
[0.472s][debug][gc,phases      ] GC(0)         Total                          Min: 0, Avg:  0.0, Max: 0, Diff: 0, Sum: 0, Workers: 2
[0.472s][debug][gc,phases      ] GC(0)       StringDedup Requests1 Weak     Min: 0.00, Avg: 0.00, Max: 0.00, Diff: 0.00, Sum: 0.00, Workers: 2
[0.472s][debug][gc,phases      ] GC(0)         Dead                           Min: 0, Avg:  0.0, Max: 0, Diff: 0, Sum: 0, Workers: 2
[0.472s][debug][gc,phases      ] GC(0)         Total                          Min: 0, Avg:  0.0, Max: 0, Diff: 0, Sum: 0, Workers: 2
[0.472s][debug][gc,phases      ] GC(0)       Weak JFR Old Object Samples    Min: 0.00, Avg: 0.00, Max: 0.00, Diff: 0.00, Sum: 0.00, Workers: 2
[0.472s][debug][gc,phases      ] GC(0)         Dead                           Min: 0, Avg:  0.0, Max: 0, Diff: 0, Sum: 0, Workers: 2
[0.472s][debug][gc,phases      ] GC(0)         Total                          Min: 0, Avg:  0.0, Max: 0, Diff: 0, Sum: 0, Workers: 2
[0.472s][debug][gc,phases      ] GC(0)     Post Evacuate Cleanup 1: 0.02ms
[0.472s][debug][gc,phases      ] GC(0)       Merge Per-Thread State (ms):   Min: 0.00, Avg: 0.00, Max: 0.00, Diff: 0.00, Sum: 0.00, Workers: 1
[0.472s][debug][gc,phases      ] GC(0)         Copied Bytes:                  Min: 363312, Avg: 951184.0, Max: 1556376, Diff: 1193064, Sum: 3804736, Workers: 4
[0.472s][debug][gc,phases      ] GC(0)         LAB Waste:                     Min: 2264, Avg: 3050.0, Max: 4080, Diff: 1816, Sum: 12200, Workers: 4
[0.472s][debug][gc,phases      ] GC(0)         LAB Undo Waste:                Min: 0, Avg:  0.0, Max: 0, Diff: 0, Sum: 0, Workers: 4
[0.472s][debug][gc,phases      ] GC(0)         Evac Fail Extra Cards:         Min: 0, Avg:  0.0, Max: 0, Diff: 0, Sum: 0, Workers: 4
[0.472s][debug][gc,phases      ] GC(0)       Clear Logged Cards (ms):       Min: 0.00, Avg: 0.00, Max: 0.00, Diff: 0.00, Sum: 0.00, Workers: 3
[0.472s][debug][gc,phases      ] GC(0)       Recalculate Used Memory (ms):  Min: 0.00, Avg: 0.00, Max: 0.00, Diff: 0.00, Sum: 0.00, Workers: 1
[0.472s][debug][gc,phases      ] GC(0)     Post Evacuate Cleanup 2: 0.06ms
[0.472s][debug][gc,phases      ] GC(0)       Update Derived Pointers (ms):  Min: 0.00, Avg: 0.00, Max: 0.00, Diff: 0.00, Sum: 0.00, Workers: 1
[0.472s][debug][gc,phases      ] GC(0)       Eagerly Reclaim Humongous Objects (ms): skipped
[0.472s][debug][gc,phases      ] GC(0)         Humongous Total:               skipped
[0.472s][debug][gc,phases      ] GC(0)         Humongous Candidates:          skipped
[0.472s][debug][gc,phases      ] GC(0)         Humongous Reclaimed:           skipped
[0.472s][debug][gc,phases      ] GC(0)       Redirty Logged Cards (ms):     Min: 0.00, Avg: 0.00, Max: 0.01, Diff: 0.01, Sum: 0.01, Workers: 4
[0.472s][debug][gc,phases      ] GC(0)         Redirtied Cards:               Min: 0, Avg: 829.2, Max: 2293, Diff: 2293, Sum: 3317, Workers: 4
[0.472s][debug][gc,phases      ] GC(0)       Resize TLABs (ms):             Min: 0.00, Avg: 0.00, Max: 0.00, Diff: 0.00, Sum: 0.00, Workers: 4
[0.472s][debug][gc,phases      ] GC(0)       Free Collection Set (ms):      Min: 0.00, Avg: 0.01, Max: 0.03, Diff: 0.03, Sum: 0.04, Workers: 4
[0.472s][debug][gc,phases      ] GC(0)     Rebuild Free List: 0.04ms
[0.472s][debug][gc,phases      ] GC(0)     Prepare For Mutator: 0.03ms
[0.472s][debug][gc,phases      ] GC(0)     Expand Heap After Collection: 0.00ms
[0.472s][info ][gc,phases      ] GC(0)   Other: 1.08ms
[0.472s][debug][gc,remset      ] GC(0) Coarsening (recent): Inline->AoC 0 (0) AoC->Howl 0 (0) Howl->Full 0 (0) Inline->AoC 0 (0) AoC->BitMap 0 (0) BitMap->Full 0 (0) 
[0.472s][debug][gc,remset      ] GC(0) Coarsening (all): Inline->AoC 0 (0) AoC->Howl 0 (0) Howl->Full 0 (0) Inline->AoC 0 (0) AoC->BitMap 0 (0) BitMap->Full 0 (0) 
[0.472s][info ][gc,heap        ] GC(0) Eden regions: 14->0(17)
[0.472s][info ][gc,heap        ] GC(0) Survivor regions: 0->2(2)
[0.472s][info ][gc,heap        ] GC(0) Old regions: 2->4
[0.472s][info ][gc,heap        ] GC(0) Humongous regions: 0->0
[0.473s][info ][gc,metaspace   ] GC(0) Metaspace: 4762K(4992K)->4762K(4992K) NonClass: 4200K(4288K)->4200K(4288K) Class: 562K(704K)->562K(704K)
[0.473s][debug][gc,heap        ] GC(0) Heap after GC invocations=1 (full 0):
[0.473s][debug][gc,heap        ] GC(0)  garbage-first heap   total reserved 786432K, committed 258048K, used 4927K [0x00000000d0000000, 0x0000000100000000)
[0.473s][debug][gc,heap        ] GC(0)   region size 1024K, 2 young (2048K), 2 survivors (2048K)
[0.473s][debug][gc,heap        ] GC(0)  Metaspace       used 4762K, committed 4992K, reserved 1114112K
[0.473s][debug][gc,heap        ] GC(0)   class space    used 562K, committed 704K, reserved 1048576K
[0.473s][info ][gc             ] GC(0) Pause Young (Normal) (G1 Evacuation Pause) 15M->4M(252M) 6.951ms
[0.473s][info ][gc,cpu         ] GC(0) User=0.01s Sys=0.00s Real=0.01s
[0.473s][debug][gc,task        ] G1 Service Thread (Card Set Free Memory Task) (run: 0.686ms) (cpu: 0.023ms)
[0.568s][info ][gc,start       ] GC(1) Pause Full (System.gc())
[0.568s][debug][gc,heap        ] GC(1) Heap before GC invocations=1 (full 0):
[0.568s][debug][gc,heap        ] GC(1)  garbage-first heap   total reserved 786432K, committed 258048K, used 7999K [0x00000000d0000000, 0x0000000100000000)
[0.568s][debug][gc,heap        ] GC(1)   region size 1024K, 6 young (6144K), 2 survivors (2048K)
[0.568s][debug][gc,heap        ] GC(1)  Metaspace       used 4881K, committed 5184K, reserved 1114112K
[0.568s][debug][gc,heap        ] GC(1)   class space    used 568K, committed 704K, reserved 1048576K
[0.568s][debug][gc,task        ] GC(1) Requesting 4 active workers for full compaction (waste limited workers: 4, adaptive workers: 4, used limited workers: 10)
[0.568s][info ][gc,task        ] GC(1) Using 4 workers of 4 for full compaction
[0.568s][debug][gc,tlab        ] GC(1) TLAB totals: thrds: 2  refills: 17 max: 16 slow allocs: 0 max 0 waste:  4.4% gc: 149992B max: 125824B slow: 8936B max: 8936B
[0.568s][debug][gc,alloc,region] GC(1) Mutator Allocation stats, regions: 4, wasted size: 0B ( 0.0%)
[0.568s][info ][gc,phases,start] GC(1) Phase 1: Mark live objects
[0.572s][debug][gc,phases,start] GC(1) Phase 1: Reference Processing
[0.572s][debug][gc,ref         ] GC(1) ReferenceProcessor::execute queues: 1, RefProcThreadModel::Single, marks_oops_alive: false
[0.572s][debug][gc,ref         ] GC(1) Skipped KeepAliveFinalRefsPhase of Reference Processing: no references
[0.572s][debug][gc,ref         ] GC(1) ReferenceProcessor::execute queues: 1, RefProcThreadModel::Single, marks_oops_alive: false
[0.572s][debug][gc,phases,ref  ] GC(1) Reference Processing: 0.1ms
[0.572s][debug][gc,phases,ref  ] GC(1)   Notify Soft/WeakReferences: 0.1ms
[0.572s][debug][gc,phases,ref  ] GC(1)     SoftRef (ms):                  Min: 0.00, Avg: 0.00, Max: 0.00, Diff: 0.00, Sum: 0.00, Workers: 1
[0.572s][debug][gc,phases,ref  ] GC(1)     WeakRef (ms):                  Min: 0.00, Avg: 0.00, Max: 0.00, Diff: 0.00, Sum: 0.00, Workers: 1
[0.572s][debug][gc,phases,ref  ] GC(1)     FinalRef (ms):                 Min: 0.00, Avg: 0.00, Max: 0.00, Diff: 0.00, Sum: 0.00, Workers: 1
[0.572s][debug][gc,phases,ref  ] GC(1)     Total (ms):                    Min: 0.01, Avg: 0.01, Max: 0.01, Diff: 0.00, Sum: 0.01, Workers: 1
[0.572s][debug][gc,phases,ref  ] GC(1)   Notify and keep alive finalizable: 0.0ms
[0.572s][debug][gc,phases,ref  ] GC(1)     FinalRef (ms):                 skipped
[0.572s][debug][gc,phases,ref  ] GC(1)   Notify PhantomReferences: 0.0ms
[0.572s][debug][gc,phases,ref  ] GC(1)     PhantomRef (ms):               Min: 0.00, Avg: 0.00, Max: 0.00, Diff: 0.00, Sum: 0.00, Workers: 1
[0.572s][debug][gc,phases,ref  ] GC(1)   SoftReference Discovered: 0, Dropped: 0, Processed: 0
[0.572s][debug][gc,phases,ref  ] GC(1)   WeakReference Discovered: 55, Dropped: 41, Processed: 14
[0.572s][debug][gc,phases,ref  ] GC(1)   FinalReference Discovered: 0, Dropped: 0, Processed: 0
[0.572s][debug][gc,phases,ref  ] GC(1)   PhantomReference Discovered: 20, Dropped: 9, Processed: 11
[0.572s][debug][gc,phases      ] GC(1) Phase 1: Reference Processing 0.160ms
[0.572s][debug][gc,phases,start] GC(1) Phase 1: Flush Mark Stats Cache
[0.572s][debug][gc,phases      ] GC(1) Phase 1: Flush Mark Stats Cache 0.010ms
[0.572s][debug][gc,phases,start] GC(1) Phase 1: Weak Processing
[0.572s][debug][gc,phases      ] GC(1)   VM Weak                        Min: 0.00, Avg: 0.00, Max: 0.00, Diff: 0.00, Sum: 0.00, Workers: 2
[0.572s][debug][gc,phases      ] GC(1)     Dead                           Min: 0, Avg:  0.0, Max: 0, Diff: 0, Sum: 0, Workers: 2
[0.572s][debug][gc,phases      ] GC(1)     Total                          Min: 0, Avg: 28.5, Max: 57, Diff: 57, Sum: 57, Workers: 2
[0.572s][debug][gc,phases      ] GC(1)   ObjectSynchronizer Weak        Min: 0.00, Avg: 0.00, Max: 0.00, Diff: 0.00, Sum: 0.00, Workers: 2
[0.572s][debug][gc,phases      ] GC(1)     Dead                           Min: 0, Avg:  0.0, Max: 0, Diff: 0, Sum: 0, Workers: 2
[0.572s][debug][gc,phases      ] GC(1)     Total                          Min: 0, Avg:  2.5, Max: 5, Diff: 5, Sum: 5, Workers: 2
[0.572s][debug][gc,phases      ] GC(1)   JVMTI Tag Weak OopStorage      Min: 0.00, Avg: 0.00, Max: 0.00, Diff: 0.00, Sum: 0.00, Workers: 2
[0.572s][debug][gc,phases      ] GC(1)     Dead                           Min: 0, Avg:  0.0, Max: 0, Diff: 0, Sum: 0, Workers: 2
[0.572s][debug][gc,phases      ] GC(1)     Total                          Min: 0, Avg:  0.0, Max: 0, Diff: 0, Sum: 0, Workers: 2
[0.572s][debug][gc,phases      ] GC(1)   StringTable Weak               Min: 0.00, Avg: 0.01, Max: 0.01, Diff: 0.01, Sum: 0.01, Workers: 2
[0.572s][debug][gc,phases      ] GC(1)     Dead                           Min: 0, Avg:  1.0, Max: 2, Diff: 2, Sum: 2, Workers: 2
[0.572s][debug][gc,phases      ] GC(1)     Total                          Min: 0, Avg: 618.0, Max: 1236, Diff: 1236, Sum: 1236, Workers: 2
[0.572s][debug][gc,phases      ] GC(1)   ResolvedMethodTable Weak       Min: 0.00, Avg: 0.00, Max: 0.01, Diff: 0.01, Sum: 0.01, Workers: 2
[0.572s][debug][gc,phases      ] GC(1)     Dead                           Min: 0, Avg:  0.0, Max: 0, Diff: 0, Sum: 0, Workers: 2
[0.572s][debug][gc,phases      ] GC(1)     Total                          Min: 0, Avg: 233.0, Max: 466, Diff: 466, Sum: 466, Workers: 2
[0.572s][debug][gc,phases      ] GC(1)   JNI Weak                       Min: 0.00, Avg: 0.00, Max: 0.00, Diff: 0.00, Sum: 0.00, Workers: 2
[0.572s][debug][gc,phases      ] GC(1)     Dead                           Min: 0, Avg:  0.0, Max: 0, Diff: 0, Sum: 0, Workers: 2
[0.572s][debug][gc,phases      ] GC(1)     Total                          Min: 0, Avg:  2.0, Max: 4, Diff: 4, Sum: 4, Workers: 2
[0.572s][debug][gc,phases      ] GC(1)   StringDedup Table Weak         Min: 0.00, Avg: 0.00, Max: 0.00, Diff: 0.00, Sum: 0.00, Workers: 2
[0.572s][debug][gc,phases      ] GC(1)     Dead                           Min: 0, Avg:  0.0, Max: 0, Diff: 0, Sum: 0, Workers: 2
[0.572s][debug][gc,phases      ] GC(1)     Total                          Min: 0, Avg:  0.0, Max: 0, Diff: 0, Sum: 0, Workers: 2
[0.572s][debug][gc,phases      ] GC(1)   StringDedup Requests0 Weak     Min: 0.00, Avg: 0.00, Max: 0.00, Diff: 0.00, Sum: 0.00, Workers: 2
[0.572s][debug][gc,phases      ] GC(1)     Dead                           Min: 0, Avg:  0.0, Max: 0, Diff: 0, Sum: 0, Workers: 2
[0.572s][debug][gc,phases      ] GC(1)     Total                          Min: 0, Avg:  0.0, Max: 0, Diff: 0, Sum: 0, Workers: 2
[0.572s][debug][gc,phases      ] GC(1)   StringDedup Requests1 Weak     Min: 0.00, Avg: 0.00, Max: 0.00, Diff: 0.00, Sum: 0.00, Workers: 2
[0.572s][debug][gc,phases      ] GC(1)     Dead                           Min: 0, Avg:  0.0, Max: 0, Diff: 0, Sum: 0, Workers: 2
[0.572s][debug][gc,phases      ] GC(1)     Total                          Min: 0, Avg:  0.0, Max: 0, Diff: 0, Sum: 0, Workers: 2
[0.572s][debug][gc,phases      ] GC(1)   Weak JFR Old Object Samples    Min: 0.00, Avg: 0.00, Max: 0.00, Diff: 0.00, Sum: 0.00, Workers: 2
[0.572s][debug][gc,phases      ] GC(1)     Dead                           Min: 0, Avg:  0.0, Max: 0, Diff: 0, Sum: 0, Workers: 2
[0.572s][debug][gc,phases      ] GC(1)     Total                          Min: 0, Avg:  0.0, Max: 0, Diff: 0, Sum: 0, Workers: 2
[0.572s][debug][gc,phases      ] GC(1) Phase 1: Weak Processing 0.218ms
[0.572s][debug][gc,phases,start] GC(1) Phase 1: Class Unloading and Cleanup
[0.572s][debug][gc,phases,start] GC(1) ClassLoaderData
[0.572s][debug][gc,phases      ] GC(1) ClassLoaderData 0.005ms
[0.572s][debug][gc,phases,start] GC(1) Trigger cleanups
[0.572s][debug][gc,phases      ] GC(1) Trigger cleanups 0.004ms
[0.572s][debug][gc,phases,start] GC(1) G1 Complete Cleaning
[0.575s][debug][gc,phases      ] GC(1) G1 Complete Cleaning 2.423ms
[0.575s][debug][gc,phases,start] GC(1) Purge Unlinked NMethods
[0.575s][debug][gc,phases      ] GC(1) Purge Unlinked NMethods 0.005ms
[0.575s][debug][gc,phases,start] GC(1) Unregister NMethods
[0.575s][debug][gc,phases      ] GC(1) Unregister NMethods 0.067ms
[0.575s][debug][gc,phases,start] GC(1) Free Code Blobs
[0.575s][debug][gc,phases      ] GC(1) Free Code Blobs 0.004ms
[0.575s][debug][gc,phases,start] GC(1) Purge Class Loader Data
[0.575s][debug][gc,phases      ] GC(1) Purge Class Loader Data 0.011ms
[0.575s][debug][gc,phases      ] GC(1) Phase 1: Class Unloading and Cleanup 2.562ms
[0.575s][debug][gc,phases,start] GC(1) Report Object Count
[0.575s][debug][gc,phases      ] GC(1) Report Object Count 0.004ms
[0.575s][info ][gc,phases      ] GC(1) Phase 1: Mark live objects 6.898ms
[0.575s][info ][gc,phases,start] GC(1) Phase 2: Prepare compaction
[0.575s][debug][gc,phases,start] GC(1) Phase 2: Determine work lists
[0.575s][debug][gc,phases      ] GC(1) Phase 2: Determine work lists 0.011ms
[0.575s][debug][gc,phases,start] GC(1) Phase 2: Prepare parallel compaction
[0.577s][debug][gc,phases      ] GC(1) Phase 2: Prepare parallel compaction 2.139ms
[0.577s][info ][gc,phases      ] GC(1) Phase 2: Prepare compaction 2.168ms
[0.577s][info ][gc,phases,start] GC(1) Phase 3: Adjust pointers
[0.580s][info ][gc,phases      ] GC(1) Phase 3: Adjust pointers 2.839ms
[0.580s][info ][gc,phases,start] GC(1) Phase 4: Compact heap
[0.582s][info ][gc,phases      ] GC(1) Phase 4: Compact heap 1.882ms
[0.582s][info ][gc,phases,start] GC(1) Phase 5: Reset Metadata
[0.582s][info ][gc,phases      ] GC(1) Phase 5: Reset Metadata 0.192ms
[0.582s][debug][gc,ergo        ] GC(1) Running G1 Clear Bitmap with 4 workers for 4 work units.
[0.584s][debug][gc,ergo,heap   ] GC(1) Attempt heap shrinking (capacity higher than max desired capacity). Capacity: 264241152B occupancy: 5242880B live: 3480264B maximum_desired_capacity: 17476266B (70 %)
[0.584s][debug][gc,heap,region ] GC(1) Deactivate regions [766, 768)
[0.584s][debug][gc,heap,region ] GC(1) Deactivate regions [17, 250)
[0.584s][debug][gc,ergo,heap   ] GC(1) Shrink the heap. requested shrinking amount: 246764886B aligned shrinking amount: 246415360B actual amount shrunk: 246415360B
[0.584s][debug][gc,heap        ] GC(1) Uncommittable regions after shrink: 235
[0.584s][debug][gc,ihop        ] GC(1) Target occupancy update: old: 262144000B, new: 17825792B
[0.584s][debug][gc,task        ] GC(1) G1 Service Thread (G1 Uncommit Region Task) (register)
[0.585s][debug][gc,alloc,stats ] Old generation allocation in the last mutator period, old gen allocated: 0B, humongous allocated: 0B, old gen growth: 0B.
[0.585s][debug][gc,task,start  ] G1 Service Thread (G1 Uncommit Region Task) (run 0.718ms after schedule)
[0.585s][debug][gc,remset      ] GC(1) Coarsening (recent): Inline->AoC 0 (0) AoC->Howl 0 (0) Howl->Full 0 (0) Inline->AoC 0 (0) AoC->BitMap 0 (0) BitMap->Full 0 (0) 
[0.585s][debug][gc,remset      ] GC(1) Coarsening (all): Inline->AoC 0 (0) AoC->Howl 0 (0) Howl->Full 0 (0) Inline->AoC 0 (0) AoC->BitMap 0 (0) BitMap->Full 0 (0) 
[0.585s][info ][gc,heap        ] GC(1) Eden regions: 4->0(5)
[0.585s][info ][gc,heap        ] GC(1) Survivor regions: 2->0(2)
[0.585s][info ][gc,heap        ] GC(1) Old regions: 4->5
[0.585s][info ][gc,heap        ] GC(1) Humongous regions: 0->0
[0.585s][info ][gc,metaspace   ] GC(1) Metaspace: 4881K(5184K)->4881K(5184K) NonClass: 4313K(4480K)->4313K(4480K) Class: 568K(704K)->568K(704K)
[0.585s][debug][gc,heap        ] GC(1) Heap after GC invocations=2 (full 1):
[0.585s][debug][gc,heap        ] GC(1)  garbage-first heap   total reserved 786432K, committed 17408K, used 3398K [0x00000000d0000000, 0x0000000100000000)
[0.585s][debug][gc,heap        ] GC(1)   region size 1024K, 0 young (0K), 0 survivors (0K)
[0.585s][debug][gc,heap        ] GC(1)  Metaspace       used 4881K, committed 5184K, reserved 1114112K
[0.585s][debug][gc,heap        ] GC(1)   class space    used 568K, committed 704K, reserved 1048576K
[0.585s][info ][gc             ] GC(1) Pause Full (System.gc()) 8M->3M(17M) 17.637ms
[0.585s][info ][gc,cpu         ] GC(1) User=0.01s Sys=0.00s Real=0.02s
[0.587s][debug][gc,heap,region ] Uncommit regions [17, 145)
[0.587s][debug][gc,task        ] G1 Service Thread (G1 Uncommit Region Task) (run: 1.846ms) (cpu: 1.602ms)
[0.587s][debug][gc,task,start  ] G1 Service Thread (Card Set Free Memory Task) (run 1.926ms after schedule)
[0.587s][debug][gc,task        ] G1 Service Thread (Card Set Free Memory Task) (run: 0.008ms) (cpu: 0.014ms)
[0.597s][debug][gc,task,start  ] G1 Service Thread (G1 Uncommit Region Task) (run 0.092ms after schedule)
[0.599s][debug][gc,heap,region ] Uncommit regions [145, 250)
[0.599s][debug][gc,heap,region ] Uncommit regions [766, 768)
[0.599s][debug][gc,heap        ] Concurrent Uncommit Summary: 235M, 235 regions, 3.187ms
[0.599s][debug][gc,task        ] G1 Service Thread (G1 Uncommit Region Task) (run: 1.647ms) (cpu: 1.659ms)
[0.742s][info ][gc,start       ] GC(2) Pause Young (Normal) (G1 Evacuation Pause)
[0.742s][debug][gc,heap        ] GC(2) Heap before GC invocations=2 (full 1):
[0.742s][debug][gc,heap        ] GC(2)  garbage-first heap   total reserved 786432K, committed 17408K, used 8518K [0x00000000d0000000, 0x0000000100000000)
[0.742s][debug][gc,heap        ] GC(2)   region size 1024K, 5 young (5120K), 0 survivors (0K)
[0.742s][debug][gc,heap        ] GC(2)  Metaspace       used 5771K, committed 6016K, reserved 1114112K
[0.742s][debug][gc,heap        ] GC(2)   class space    used 656K, committed 768K, reserved 1048576K
[0.742s][info ][gc,task        ] GC(2) Using 4 workers of 4 for evacuation
[0.742s][debug][gc,age         ] GC(2) Desired survivor size 524288 bytes, new threshold 1 (max threshold 15)
[0.742s][debug][gc,tlab        ] GC(2) TLAB totals: thrds: 4  refills: 17 max: 14 slow allocs: 1 max 1 waste:  9.7% gc: 497288B max: 199224B slow: 11568B max: 11568B
[0.742s][debug][gc,refine,stats] GC(2) Mutator refinement: 0.00ms, refined: 0, precleaned: 0, dirtied: 457
[0.742s][debug][gc,refine,stats] GC(2) Concurrent refinement: 0.00ms, refined: 0, precleaned: 0, dirtied: 0
[0.742s][debug][gc,refine,stats] GC(2) Total refinement: 0.00ms, refined: 0, precleaned: 0, dirtied: 457
[0.742s][debug][gc,refine,stats] GC(2) Generate dirty cards rate: 2.90 cards/ms
[0.743s][debug][gc,alloc,region] GC(2) Mutator Allocation stats, regions: 5, wasted size: 0B ( 0.0%)
[0.743s][debug][gc,ergo,cset   ] GC(2) No candidates to reclaim.
[0.743s][debug][gc,ergo        ] GC(2) Running G1 Merge Heap Roots using 4 workers for 5 regions
[0.743s][debug][gc,remset      ] GC(2) Visited cards 2304 Total dirty 10240 (22.50%) Total old 30720 (7.50%)
[0.744s][debug][gc,ref         ] GC(2) ReferenceProcessor::execute queues: 1, RefProcThreadModel::Single, marks_oops_alive: false
[0.744s][debug][gc,ref         ] GC(2) Skipped KeepAliveFinalRefsPhase of Reference Processing: no references
[0.744s][debug][gc,ref         ] GC(2) ReferenceProcessor::execute queues: 1, RefProcThreadModel::Single, marks_oops_alive: false
[0.744s][debug][gc,ergo        ] GC(2) Running G1 Rebuild Free List Task using 4 workers for rebuilding free list of regions
[0.744s][debug][gc,plab        ] GC(2) Young PLAB allocation: allocated: 436560B, wasted: 56B, unused: 152568B, used: 283936B, undo waste: 0B, 
[0.744s][debug][gc,plab        ] GC(2) Young other allocation: region end waste: 0B, regions filled: 1, num plab filled: 5, direct allocated: 0B, num direct allocated: 0, failure used: 0B, failure wasted: 0B
[0.744s][debug][gc,plab        ] GC(2) Young sizing: calculated: 56784B, actual: 129904B
[0.744s][debug][gc,plab        ] GC(2) Old PLAB allocation: allocated: 0B, wasted: 0B, unused: 0B, used: 0B, undo waste: 0B, 
[0.744s][debug][gc,plab        ] GC(2) Old other allocation: region end waste: 0B, regions filled: 0, num plab filled: 0, direct allocated: 0B, num direct allocated: 0, failure used: 0B, failure wasted: 0B
[0.744s][debug][gc,plab        ] GC(2) Old sizing: calculated: 0B, actual: 83136B
[0.744s][debug][gc,ergo,heap   ] GC(2) Heap expansion: short term pause time ratio 15.15% long term pause time ratio 2.95% threshold 1.00% pause time ratio 7.69% fully expanded false resize by 0B
[0.744s][debug][gc,task,start  ] G1 Service Thread (Card Set Free Memory Task) (run 0.012ms after schedule)
[0.744s][debug][gc,mmu         ] GC(2) MMU: 1.3ms (200.0ms/201.0ms)
[0.744s][debug][gc,alloc,stats ] Old generation allocation in the last mutator period, old gen allocated: 0B, humongous allocated: 0B, old gen growth: 0B.
[0.744s][debug][gc,ihop        ] GC(2) Basic information (value update), threshold: 8021606B (45.00), target occupancy: 17825792B, current occupancy: 3916824B, recent allocation size: 0B, recent allocation duration: 157.37ms, recent old gen allocation rate: 0.00B/s, recent marking phase length: 0.00ms
[0.744s][debug][gc,ihop        ] GC(2) Adaptive IHOP information (value update), threshold: 8021606B (47.37), internal target occupancy: 16934502B, occupancy: 3916824B, additional buffer size: 7340032B, predicted old gen allocation rate: 6492728.35B/s, predicted marking phase length: 0.00ms, prediction active: false
[0.744s][debug][gc,ergo,refine ] GC(2) GC refinement: goal: 18446744073709551615 + 261 / 20.00ms, actual: 457 / 0.08ms, 
[0.744s][debug][gc,ergo,refine ] GC(2) Unchanged pending cards target: 18446744073709551615
[0.744s][info ][gc,phases      ] GC(2)   Pre Evacuate Collection Set: 0.07ms
[0.744s][debug][gc,phases      ] GC(2)     Pre Evacuate Prepare: 0.03ms
[0.744s][debug][gc,phases      ] GC(2)       JT Retire TLABs And Flush Logs (ms): Min: 0.00, Avg: 0.00, Max: 0.00, Diff: 0.00, Sum: 0.00, Workers: 2
[0.744s][debug][gc,phases      ] GC(2)       Non-JT Flush Logs (ms):        Min: 0.00, Avg: 0.00, Max: 0.00, Diff: 0.00, Sum: 0.00, Workers: 1
[0.744s][debug][gc,phases      ] GC(2)     Choose Collection Set: 0.01ms
[0.744s][debug][gc,phases      ] GC(2)     Region Register: 0.04ms
[0.744s][debug][gc,phases      ] GC(2)     Prepare Heap Roots: 0.00ms
[0.744s][info ][gc,phases      ] GC(2)   Merge Heap Roots: 0.09ms
[0.744s][debug][gc,phases      ] GC(2)     Prepare Merge Heap Roots: 0.00ms
[0.744s][debug][gc,phases      ] GC(2)     Remembered Sets (ms):          Min: 0.00, Avg: 0.00, Max: 0.00, Diff: 0.00, Sum: 0.00, Workers: 4
[0.744s][debug][gc,phases      ] GC(2)       Eager Reclaim (ms):            skipped
[0.744s][debug][gc,phases      ] GC(2)       Merged Inline:                 Min: 0, Avg:  0.0, Max: 0, Diff: 0, Sum: 0, Workers: 4
[0.744s][debug][gc,phases      ] GC(2)       Merged ArrayOfCards:           Min: 0, Avg:  0.0, Max: 0, Diff: 0, Sum: 0, Workers: 4
[0.744s][debug][gc,phases      ] GC(2)       Merged Howl:                   Min: 0, Avg:  0.0, Max: 0, Diff: 0, Sum: 0, Workers: 4
[0.744s][debug][gc,phases      ] GC(2)       Merged Full:                   Min: 0, Avg:  0.0, Max: 0, Diff: 0, Sum: 0, Workers: 4
[0.744s][debug][gc,phases      ] GC(2)       Merged Howl Inline:            Min: 0, Avg:  0.0, Max: 0, Diff: 0, Sum: 0, Workers: 4
[0.744s][debug][gc,phases      ] GC(2)       Merged Howl ArrayOfCards:      Min: 0, Avg:  0.0, Max: 0, Diff: 0, Sum: 0, Workers: 4
[0.744s][debug][gc,phases      ] GC(2)       Merged Howl BitMap:            Min: 0, Avg:  0.0, Max: 0, Diff: 0, Sum: 0, Workers: 4
[0.744s][debug][gc,phases      ] GC(2)       Merged Howl Full:              Min: 0, Avg:  0.0, Max: 0, Diff: 0, Sum: 0, Workers: 4
[0.744s][debug][gc,phases      ] GC(2)       Merged Cards:                  Min: 8, Avg:  8.0, Max: 8, Diff: 0, Sum: 32, Workers: 4
[0.744s][debug][gc,phases      ] GC(2)     Distribute Log Buffers: 0.00ms
[0.744s][debug][gc,phases      ] GC(2)     Log Buffers (ms):              Min: 0.00, Avg: 0.00, Max: 0.01, Diff: 0.01, Sum: 0.01, Workers: 4
[0.744s][debug][gc,phases      ] GC(2)       Dirty Cards:                   Min: 0, Avg: 114.2, Max: 457, Diff: 457, Sum: 457, Workers: 4
[0.744s][debug][gc,phases      ] GC(2)       Skipped Cards:                 Min: 0, Avg:  0.0, Max: 0, Diff: 0, Sum: 0, Workers: 4
[0.744s][info ][gc,phases      ] GC(2)   Evacuate Collection Set: 0.89ms
[0.744s][debug][gc,phases      ] GC(2)     Ext Root Scanning (ms):        Min: 0.00, Avg: 0.38, Max: 0.74, Diff: 0.74, Sum: 1.53, Workers: 4
[0.744s][debug][gc,phases      ] GC(2)     Scan Heap Roots (ms):          Min: 0.00, Avg: 0.08, Max: 0.19, Diff: 0.19, Sum: 0.32, Workers: 4
[0.744s][debug][gc,phases      ] GC(2)       Scanned Cards:                 Min: 0, Avg: 114.2, Max: 263, Diff: 263, Sum: 457, Workers: 4
[0.744s][debug][gc,phases      ] GC(2)       Scanned Blocks:                Min: 0, Avg: 44.5, Max: 124, Diff: 124, Sum: 178, Workers: 4
[0.744s][debug][gc,phases      ] GC(2)       Claimed Chunks:                Min: 0, Avg: 18.0, Max: 48, Diff: 48, Sum: 72, Workers: 4
[0.744s][debug][gc,phases      ] GC(2)       Found Roots:                   Min: 0, Avg: 117.0, Max: 275, Diff: 275, Sum: 468, Workers: 4
[0.744s][debug][gc,phases      ] GC(2)     Code Root Scan (ms):           Min: 0.00, Avg: 0.02, Max: 0.06, Diff: 0.06, Sum: 0.08, Workers: 4
[0.744s][debug][gc,phases      ] GC(2)       Scanned Nmethods:              Min: 0, Avg:  4.2, Max: 10, Diff: 10, Sum: 17, Workers: 4
[0.744s][debug][gc,phases      ] GC(2)     Object Copy (ms):              Min: 0.00, Avg: 0.13, Max: 0.27, Diff: 0.27, Sum: 0.53, Workers: 4
[0.744s][debug][gc,phases      ] GC(2)     Termination (ms):              Min: 0.01, Avg: 0.03, Max: 0.04, Diff: 0.03, Sum: 0.11, Workers: 4
[0.744s][debug][gc,phases      ] GC(2)       Termination Attempts:          Min: 1, Avg:  1.0, Max: 1, Diff: 0, Sum: 4, Workers: 4
[0.744s][debug][gc,phases      ] GC(2)     GC Worker Other (ms):          Min: 0.00, Avg: 0.01, Max: 0.01, Diff: 0.01, Sum: 0.02, Workers: 4
[0.744s][debug][gc,phases      ] GC(2)     GC Worker Total (ms):          Min: 0.01, Avg: 0.64, Max: 0.86, Diff: 0.85, Sum: 2.58, Workers: 4
[0.744s][info ][gc,phases      ] GC(2)   Post Evacuate Collection Set: 0.18ms
[0.744s][debug][gc,phases      ] GC(2)     NMethod List Cleanup: 0.00ms
[0.744s][debug][gc,phases      ] GC(2)     Reference Processing: 0.04ms
[0.744s][debug][gc,phases,ref  ] GC(2)       Notify Soft/WeakReferences: 0.0ms
[0.744s][debug][gc,phases,ref  ] GC(2)         SoftRef (ms):                  Min: 0.00, Avg: 0.00, Max: 0.00, Diff: 0.00, Sum: 0.00, Workers: 1
[0.744s][debug][gc,phases,ref  ] GC(2)         WeakRef (ms):                  Min: 0.00, Avg: 0.00, Max: 0.00, Diff: 0.00, Sum: 0.00, Workers: 1
[0.744s][debug][gc,phases,ref  ] GC(2)         FinalRef (ms):                 Min: 0.00, Avg: 0.00, Max: 0.00, Diff: 0.00, Sum: 0.00, Workers: 1
[0.744s][debug][gc,phases,ref  ] GC(2)         Total (ms):                    Min: 0.01, Avg: 0.01, Max: 0.01, Diff: 0.00, Sum: 0.01, Workers: 1
[0.744s][debug][gc,phases,ref  ] GC(2)       Notify and keep alive finalizable: 0.0ms
[0.744s][debug][gc,phases,ref  ] GC(2)         FinalRef (ms):                 skipped
[0.744s][debug][gc,phases,ref  ] GC(2)       Notify PhantomReferences: 0.0ms
[0.744s][debug][gc,phases,ref  ] GC(2)         PhantomRef (ms):               Min: 0.00, Avg: 0.00, Max: 0.00, Diff: 0.00, Sum: 0.00, Workers: 1
[0.744s][debug][gc,phases,ref  ] GC(2)       SoftReference Discovered: 0, Dropped: 0, Processed: 0
[0.744s][debug][gc,phases,ref  ] GC(2)       WeakReference Discovered: 80, Dropped: 17, Processed: 63
[0.744s][debug][gc,phases,ref  ] GC(2)       FinalReference Discovered: 0, Dropped: 0, Processed: 0
[0.744s][debug][gc,phases,ref  ] GC(2)       PhantomReference Discovered: 23, Dropped: 0, Processed: 23
[0.744s][debug][gc,phases      ] GC(2)     Weak Processing: 0.04ms
[0.744s][debug][gc,phases      ] GC(2)       VM Weak                        Min: 0.00, Avg: 0.00, Max: 0.00, Diff: 0.00, Sum: 0.00, Workers: 3
[0.744s][debug][gc,phases      ] GC(2)         Dead                           Min: 0, Avg:  0.0, Max: 0, Diff: 0, Sum: 0, Workers: 3
[0.744s][debug][gc,phases      ] GC(2)         Total                          Min: 0, Avg: 31.3, Max: 64, Diff: 64, Sum: 94, Workers: 3
[0.744s][debug][gc,phases      ] GC(2)       ObjectSynchronizer Weak        Min: 0.00, Avg: 0.00, Max: 0.00, Diff: 0.00, Sum: 0.00, Workers: 3
[0.744s][debug][gc,phases      ] GC(2)         Dead                           Min: 0, Avg:  0.0, Max: 0, Diff: 0, Sum: 0, Workers: 3
[0.744s][debug][gc,phases      ] GC(2)         Total                          Min: 0, Avg:  2.0, Max: 6, Diff: 6, Sum: 6, Workers: 3
[0.744s][debug][gc,phases      ] GC(2)       JVMTI Tag Weak OopStorage      Min: 0.00, Avg: 0.00, Max: 0.00, Diff: 0.00, Sum: 0.00, Workers: 3
[0.744s][debug][gc,phases      ] GC(2)         Dead                           Min: 0, Avg:  0.0, Max: 0, Diff: 0, Sum: 0, Workers: 3
[0.744s][debug][gc,phases      ] GC(2)         Total                          Min: 0, Avg:  0.0, Max: 0, Diff: 0, Sum: 0, Workers: 3
[0.744s][debug][gc,phases      ] GC(2)       StringTable Weak               Min: 0.00, Avg: 0.01, Max: 0.01, Diff: 0.01, Sum: 0.02, Workers: 3
[0.744s][debug][gc,phases      ] GC(2)         Dead                           Min: 0, Avg:  2.3, Max: 5, Diff: 5, Sum: 7, Workers: 3
[0.744s][debug][gc,phases      ] GC(2)         Total                          Min: 0, Avg: 482.7, Max: 744, Diff: 744, Sum: 1448, Workers: 3
[0.744s][debug][gc,phases      ] GC(2)       ResolvedMethodTable Weak       Min: 0.00, Avg: 0.00, Max: 0.00, Diff: 0.00, Sum: 0.01, Workers: 3
[0.744s][debug][gc,phases      ] GC(2)         Dead                           Min: 0, Avg:  4.0, Max: 8, Diff: 8, Sum: 12, Workers: 3
[0.744s][debug][gc,phases      ] GC(2)         Total                          Min: 0, Avg: 214.0, Max: 322, Diff: 322, Sum: 642, Workers: 3
[0.744s][debug][gc,phases      ] GC(2)       JNI Weak                       Min: 0.00, Avg: 0.00, Max: 0.00, Diff: 0.00, Sum: 0.00, Workers: 3
[0.744s][debug][gc,phases      ] GC(2)         Dead                           Min: 0, Avg:  0.0, Max: 0, Diff: 0, Sum: 0, Workers: 3
[0.744s][debug][gc,phases      ] GC(2)         Total                          Min: 0, Avg:  1.3, Max: 4, Diff: 4, Sum: 4, Workers: 3
[0.744s][debug][gc,phases      ] GC(2)       StringDedup Table Weak         Min: 0.00, Avg: 0.00, Max: 0.00, Diff: 0.00, Sum: 0.00, Workers: 3
[0.744s][debug][gc,phases      ] GC(2)         Dead                           Min: 0, Avg:  0.0, Max: 0, Diff: 0, Sum: 0, Workers: 3
[0.744s][debug][gc,phases      ] GC(2)         Total                          Min: 0, Avg:  0.0, Max: 0, Diff: 0, Sum: 0, Workers: 3
[0.744s][debug][gc,phases      ] GC(2)       StringDedup Requests0 Weak     Min: 0.00, Avg: 0.00, Max: 0.00, Diff: 0.00, Sum: 0.00, Workers: 3
[0.744s][debug][gc,phases      ] GC(2)         Dead                           Min: 0, Avg:  0.0, Max: 0, Diff: 0, Sum: 0, Workers: 3
[0.744s][debug][gc,phases      ] GC(2)         Total                          Min: 0, Avg:  0.0, Max: 0, Diff: 0, Sum: 0, Workers: 3
[0.744s][debug][gc,phases      ] GC(2)       StringDedup Requests1 Weak     Min: 0.00, Avg: 0.00, Max: 0.00, Diff: 0.00, Sum: 0.00, Workers: 3
[0.744s][debug][gc,phases      ] GC(2)         Dead                           Min: 0, Avg:  0.0, Max: 0, Diff: 0, Sum: 0, Workers: 3
[0.744s][debug][gc,phases      ] GC(2)         Total                          Min: 0, Avg:  0.0, Max: 0, Diff: 0, Sum: 0, Workers: 3
[0.744s][debug][gc,phases      ] GC(2)       Weak JFR Old Object Samples    Min: 0.00, Avg: 0.00, Max: 0.00, Diff: 0.00, Sum: 0.00, Workers: 3
[0.744s][debug][gc,phases      ] GC(2)         Dead                           Min: 0, Avg:  0.0, Max: 0, Diff: 0, Sum: 0, Workers: 3
[0.744s][debug][gc,phases      ] GC(2)         Total                          Min: 0, Avg:  0.0, Max: 0, Diff: 0, Sum: 0, Workers: 3
[0.744s][debug][gc,phases      ] GC(2)     Post Evacuate Cleanup 1: 0.02ms
[0.744s][debug][gc,phases      ] GC(2)       Merge Per-Thread State (ms):   Min: 0.00, Avg: 0.00, Max: 0.00, Diff: 0.00, Sum: 0.00, Workers: 1
[0.744s][debug][gc,phases      ] GC(2)         Copied Bytes:                  Min: 0, Avg: 70984.0, Max: 147688, Diff: 147688, Sum: 283936, Workers: 4
[0.744s][debug][gc,phases      ] GC(2)         LAB Waste:                     Min: 0, Avg: 14.0, Max: 32, Diff: 32, Sum: 56, Workers: 4
[0.744s][debug][gc,phases      ] GC(2)         LAB Undo Waste:                Min: 0, Avg:  0.0, Max: 0, Diff: 0, Sum: 0, Workers: 4
[0.744s][debug][gc,phases      ] GC(2)         Evac Fail Extra Cards:         Min: 0, Avg:  0.0, Max: 0, Diff: 0, Sum: 0, Workers: 4
[0.744s][debug][gc,phases      ] GC(2)       Clear Logged Cards (ms):       Min: 0.00, Avg: 0.00, Max: 0.00, Diff: 0.00, Sum: 0.00, Workers: 3
[0.744s][debug][gc,phases      ] GC(2)       Recalculate Used Memory (ms):  Min: 0.00, Avg: 0.00, Max: 0.00, Diff: 0.00, Sum: 0.00, Workers: 1
[0.744s][debug][gc,phases      ] GC(2)     Post Evacuate Cleanup 2: 0.02ms
[0.744s][debug][gc,phases      ] GC(2)       Update Derived Pointers (ms):  Min: 0.00, Avg: 0.00, Max: 0.00, Diff: 0.00, Sum: 0.00, Workers: 1
[0.744s][debug][gc,phases      ] GC(2)       Eagerly Reclaim Humongous Objects (ms): skipped
[0.744s][debug][gc,phases      ] GC(2)         Humongous Total:               skipped
[0.744s][debug][gc,phases      ] GC(2)         Humongous Candidates:          skipped
[0.744s][debug][gc,phases      ] GC(2)         Humongous Reclaimed:           skipped
[0.744s][debug][gc,phases      ] GC(2)       Redirty Logged Cards (ms):     Min: 0.00, Avg: 0.00, Max: 0.00, Diff: 0.00, Sum: 0.00, Workers: 4
[0.744s][debug][gc,phases      ] GC(2)         Redirtied Cards:               Min: 0, Avg: 43.2, Max: 173, Diff: 173, Sum: 173, Workers: 4
[0.744s][debug][gc,phases      ] GC(2)       Resize TLABs (ms):             Min: 0.00, Avg: 0.00, Max: 0.00, Diff: 0.00, Sum: 0.00, Workers: 4
[0.744s][debug][gc,phases      ] GC(2)       Free Collection Set (ms):      Min: 0.00, Avg: 0.00, Max: 0.01, Diff: 0.01, Sum: 0.01, Workers: 4
[0.744s][debug][gc,phases      ] GC(2)     Rebuild Free List: 0.03ms
[0.744s][debug][gc,phases      ] GC(2)     Prepare For Mutator: 0.03ms
[0.744s][debug][gc,phases      ] GC(2)     Expand Heap After Collection: 0.00ms
[0.744s][info ][gc,phases      ] GC(2)   Other: 0.12ms
[0.744s][debug][gc,remset      ] GC(2) Coarsening (recent): Inline->AoC 0 (0) AoC->Howl 0 (0) Howl->Full 0 (0) Inline->AoC 0 (0) AoC->BitMap 0 (0) BitMap->Full 0 (0) 
[0.744s][debug][gc,remset      ] GC(2) Coarsening (all): Inline->AoC 0 (0) AoC->Howl 0 (0) Howl->Full 0 (0) Inline->AoC 0 (0) AoC->BitMap 0 (0) BitMap->Full 0 (0) 
[0.744s][info ][gc,heap        ] GC(2) Eden regions: 5->0(6)
[0.744s][info ][gc,heap        ] GC(2) Survivor regions: 0->1(1)
[0.744s][info ][gc,heap        ] GC(2) Old regions: 5->5
[0.744s][info ][gc,heap        ] GC(2) Humongous regions: 0->0
[0.744s][info ][gc,metaspace   ] GC(2) Metaspace: 5771K(6016K)->5771K(6016K) NonClass: 5115K(5248K)->5115K(5248K) Class: 656K(768K)->656K(768K)
[0.744s][debug][gc,heap        ] GC(2) Heap after GC invocations=3 (full 1):
[0.744s][debug][gc,heap        ] GC(2)  garbage-first heap   total reserved 786432K, committed 17408K, used 3825K [0x00000000d0000000, 0x0000000100000000)
[0.744s][debug][gc,heap        ] GC(2)   region size 1024K, 1 young (1024K), 1 survivors (1024K)
[0.744s][debug][gc,heap        ] GC(2)  Metaspace       used 5771K, committed 6016K, reserved 1114112K
[0.744s][debug][gc,heap        ] GC(2)   class space    used 656K, committed 768K, reserved 1048576K
[0.744s][info ][gc             ] GC(2) Pause Young (Normal) (G1 Evacuation Pause) 8M->3M(17M) 1.964ms
[0.744s][info ][gc,cpu         ] GC(2) User=0.01s Sys=0.00s Real=0.00s
[0.744s][debug][gc,task        ] G1 Service Thread (Card Set Free Memory Task) (run: 0.645ms) (cpu: 0.023ms)
Event: jdk.GarbageCollection {
  startTime = 00:38:13.354 (2024-04-29)
  duration = 17.6 ms
  gcId = 1
  name = "G1Full"
  cause = "System.gc()"
  sumOfPauses = 17.6 ms
  longestPause = 17.6 ms
  eventThread = "VM Thread" (osThreadId = 9835)
}


[0.770s][debug][gc,refine      ] Stopping 0
[0.770s][debug][gc,task        ] G1 Service Thread (stopping)
[0.770s][info ][gc,heap,exit   ] Heap
[0.770s][info ][gc,heap,exit   ]  garbage-first heap   total reserved 786432K, committed 17408K, used 4299K [0x00000000d0000000, 0x0000000100000000)
[0.770s][info ][gc,heap,exit   ]   region size 1024K, 2 young (2048K), 1 survivors (1024K)
[0.770s][info ][gc,heap,exit   ]  Metaspace       used 6053K, committed 6272K, reserved 1114112K
[0.770s][info ][gc,heap,exit   ]   class space    used 693K, committed 768K, reserved 1048576K
----------System.err:(1/15)----------
STATUS:Passed.
----------rerun:(41/4117)*----------
cd /home/runner/work/openjdk/openjdk/build/run-test-prebuilt/test-support/jtreg_test_jdk_tier1/scratch/1 && \\
HOME=/home/runner \\
LANG=C.UTF-8 \\
LC_ALL=C \\
PATH=/bin:/usr/bin:/usr/sbin \\
TEST_IMAGE_DIR=/home/runner/work/openjdk/openjdk/bundles/tests \\
XDG_CONFIG_HOME=/home/runner/.config \\
XDG_RUNTIME_DIR=/run/user/1001 \\
_JVM_DWARF_PATH=/home/runner/work/openjdk/openjdk/bundles/symbols/jdk-23 \\
CLASSPATH=/home/runner/work/openjdk/openjdk/build/run-test-prebuilt/test-support/jtreg_test_jdk_tier1/classes/0/jdk/jfr/event/gc/collection/TestGCGarbageCollectionEvent.d:/home/runner/work/openjdk/openjdk/test/jdk/jdk/jfr/event/gc/collection:/home/runner/work/openjdk/openjdk/build/run-test-prebuilt/test-support/jtreg_test_jdk_tier1/classes/0/test/lib:/home/runner/work/openjdk/openjdk/test/lib:/home/runner/work/openjdk/openjdk/jtreg/installed/lib/javatest.jar:/home/runner/work/openjdk/openjdk/jtreg/installed/lib/jtreg.jar \\
    /home/runner/work/openjdk/openjdk/bundles/jdk/jdk-23/bin/java \\
        -Dtest.vm.opts='-Xmx768m -XX:MaxRAMPercentage=12.5 -Dtest.boot.jdk=/home/runner/work/openjdk/openjdk/bootjdk/jdk -Djava.io.tmpdir=/home/runner/work/openjdk/openjdk/build/run-test-prebuilt/test-support/jtreg_test_jdk_tier1/tmp -ea -esa' \\
        -Dtest.tool.vm.opts='-J-Xmx768m -J-XX:MaxRAMPercentage=12.5 -J-Dtest.boot.jdk=/home/runner/work/openjdk/openjdk/bootjdk/jdk -J-Djava.io.tmpdir=/home/runner/work/openjdk/openjdk/build/run-test-prebuilt/test-support/jtreg_test_jdk_tier1/tmp -J-ea -J-esa' \\
        -Dtest.compiler.opts= \\
        -Dtest.java.opts=-XX:-CreateCoredumpOnCrash \\
        -Dtest.jdk=/home/runner/work/openjdk/openjdk/bundles/jdk/jdk-23 \\
        -Dcompile.jdk=/home/runner/work/openjdk/openjdk/bundles/jdk/jdk-23 \\
        -Dtest.timeout.factor=4.0 \\
        -Dtest.nativepath=/home/runner/work/openjdk/openjdk/bundles/tests/jdk/jtreg/native \\
        -Dtest.root=/home/runner/work/openjdk/openjdk/test/jdk \\
        -Dtest.name=jdk/jfr/event/gc/collection/TestGCGarbageCollectionEvent.java \\
        -Dtest.file=/home/runner/work/openjdk/openjdk/test/jdk/jdk/jfr/event/gc/collection/TestGCGarbageCollectionEvent.java \\
        -Dtest.src=/home/runner/work/openjdk/openjdk/test/jdk/jdk/jfr/event/gc/collection \\
        -Dtest.src.path=/home/runner/work/openjdk/openjdk/test/jdk/jdk/jfr/event/gc/collection:/home/runner/work/openjdk/openjdk/test/lib \\
        -Dtest.classes=/home/runner/work/openjdk/openjdk/build/run-test-prebuilt/test-support/jtreg_test_jdk_tier1/classes/0/jdk/jfr/event/gc/collection/TestGCGarbageCollectionEvent.d \\
        -Dtest.class.path=/home/runner/work/openjdk/openjdk/build/run-test-prebuilt/test-support/jtreg_test_jdk_tier1/classes/0/jdk/jfr/event/gc/collection/TestGCGarbageCollectionEvent.d:/home/runner/work/openjdk/openjdk/build/run-test-prebuilt/test-support/jtreg_test_jdk_tier1/classes/0/test/lib \\
        -Dtest.class.path.prefix=/home/runner/work/openjdk/openjdk/build/run-test-prebuilt/test-support/jtreg_test_jdk_tier1/classes/0/jdk/jfr/event/gc/collection/TestGCGarbageCollectionEvent.d:/home/runner/work/openjdk/openjdk/test/jdk/jdk/jfr/event/gc/collection:/home/runner/work/openjdk/openjdk/build/run-test-prebuilt/test-support/jtreg_test_jdk_tier1/classes/0/test/lib \\
        -Dtest.modules='jdk.jfr java.management' \\
        --add-modules jdk.jfr,java.management \\
        -Xmx768m \\
        -XX:MaxRAMPercentage=12.5 \\
        -Dtest.boot.jdk=/home/runner/work/openjdk/openjdk/bootjdk/jdk \\
        -Djava.io.tmpdir=/home/runner/work/openjdk/openjdk/build/run-test-prebuilt/test-support/jtreg_test_jdk_tier1/tmp \\
        -ea \\
        -esa \\
        -XX:-CreateCoredumpOnCrash \\
        -Djava.library.path=/home/runner/work/openjdk/openjdk/bundles/tests/jdk/jtreg/native \\
        -Xlog:gc*=debug \\
        -XX:+UnlockExperimentalVMOptions \\
        -XX:-UseFastUnorderedTimeStamps \\
        com.sun.javatest.regtest.agent.MainWrapper /home/runner/work/openjdk/openjdk/build/run-test-prebuilt/test-support/jtreg_test_jdk_tier1/jdk/jfr/event/gc/collection/TestGCGarbageCollectionEvent.d/main.0.jta
result: Passed. Execution successful


test result: Passed. Execution successful
