#Test Results (version 2)
#Mon Apr 29 00:42:42 UTC 2024
#-----testdescription-----
$file=/Users/runner/work/openjdk/openjdk/test/jdk/jdk/jfr/event/gc/collection/TestGCGarbageCollectionEvent.java
$root=/Users/runner/work/openjdk/openjdk/test/jdk
keywords=jfr othervm
library=/test/lib
modules=jdk.jfr java.management
requires=vm.hasJFR
run=USER_SPECIFIED main/othervm -Xlog\:gc*\=debug -XX\:+UnlockExperimentalVMOptions -XX\:-UseFastUnorderedTimeStamps jdk.jfr.event.gc.collection.TestGCGarbageCollectionEvent\n
source=TestGCGarbageCollectionEvent.java
title=\ 

#-----environment-----

#-----testresult-----
description=file\:/Users/runner/work/openjdk/openjdk/test/jdk/jdk/jfr/event/gc/collection/TestGCGarbageCollectionEvent.java
elapsed=6085 0\:00\:06.085
end=Mon Apr 29 00\:42\:42 UTC 2024
environment=regtest
execStatus=Passed. Execution successful
harnessLoaderMode=Classpath Loader
harnessVariety=Full Bundle
hostname=192.168.64.24
javatestOS=Mac OS X 13.6.6 (x86_64)
javatestVersion=6.0-ea+b24-2024-04-28-${BUILT_FROM_COMMIT}
jtregVersion=jtreg 7.3.1 dev 0
modules=jdk.jfr java.management
script=com.sun.javatest.regtest.exec.RegressionScript
sections=script_messages build compile main
start=Mon Apr 29 00\:42\:36 UTC 2024
test=jdk/jfr/event/gc/collection/TestGCGarbageCollectionEvent.java
testJDK=/Users/runner/work/openjdk/openjdk/bundles/jdk/jdk-23.jdk/Contents/Home
testJDK_OS=[name\:Mac OS X,arch\:x86_64,version\:13.6.6,family\:mac,simple_arch\:x64,simple_version\:13.6,processors\:4,maxMemory\:15032385536,maxSwap\:0]
testJDK_os.arch=x86_64
testJDK_os.name=Mac OS X
testJDK_os.version=13.6.6
totalTime=6086
user.name=runner
work=/Users/runner/work/openjdk/openjdk/build/run-test-prebuilt/test-support/jtreg_test_jdk_tier1/jdk/jfr/event/gc/collection

#section:script_messages
----------messages:(7/572)----------
JDK under test: /Users/runner/work/openjdk/openjdk/bundles/jdk/jdk-23.jdk/Contents/Home
openjdk version "23-internal" 2024-09-17
OpenJDK Runtime Environment (build 23-internal-dubi253-4c630b0b2463c476ae1e6c8cae3ae981b793158c)
OpenJDK 64-Bit Server VM (build 23-internal-dubi253-4c630b0b2463c476ae1e6c8cae3ae981b793158c, mixed mode, sharing)
Library /test/lib; kind: packages
   source directory: /Users/runner/work/openjdk/openjdk/test/lib
   class directory: /Users/runner/work/openjdk/openjdk/build/run-test-prebuilt/test-support/jtreg_test_jdk_tier1/classes/0/test/lib

#section:build
----------messages:(7/302)----------
command: build jdk.jfr.event.gc.collection.TestGCGarbageCollectionEvent
reason: Named class compiled on demand
started: Mon Apr 29 00:42:41 UTC 2024
Test directory:
  compile: jdk.jfr.event.gc.collection.TestGCGarbageCollectionEvent
finished: Mon Apr 29 00:42:41 UTC 2024
elapsed time (seconds): 0.104
result: Passed. Build successful

#section:compile
----------messages:(8/378)----------
command: compile /Users/runner/work/openjdk/openjdk/test/jdk/jdk/jfr/event/gc/collection/TestGCGarbageCollectionEvent.java
reason: .class file out of date or does not exist
started: Mon Apr 29 00:42:41 UTC 2024
Additional options from @modules: --add-modules jdk.jfr,java.management
Mode: agentvm
Agent id: 1
finished: Mon Apr 29 00:42:41 UTC 2024
elapsed time (seconds): 0.103
----------configuration:(13/945)----------
Boot Layer (javac runtime environment)
  class path: /Users/runner/work/openjdk/openjdk/jtreg/installed/lib/javatest.jar 
              /Users/runner/work/openjdk/openjdk/jtreg/installed/lib/jtreg.jar 
  patch:      java.base /Users/runner/work/openjdk/openjdk/build/run-test-prebuilt/test-support/jtreg_test_jdk_tier1/patches/java.base

javac compilation environment
  add modules: jdk.jfr java.management
  source path: /Users/runner/work/openjdk/openjdk/test/jdk/jdk/jfr/event/gc/collection
               /Users/runner/work/openjdk/openjdk/test/lib
  class path:  /Users/runner/work/openjdk/openjdk/test/jdk/jdk/jfr/event/gc/collection
               /Users/runner/work/openjdk/openjdk/build/run-test-prebuilt/test-support/jtreg_test_jdk_tier1/classes/0/jdk/jfr/event/gc/collection/TestGCGarbageCollectionEvent.d
               /Users/runner/work/openjdk/openjdk/build/run-test-prebuilt/test-support/jtreg_test_jdk_tier1/classes/0/test/lib

----------rerun:(35/3915)*----------
cd /Users/runner/work/openjdk/openjdk/build/run-test-prebuilt/test-support/jtreg_test_jdk_tier1/scratch/0 && \\
HOME=/Users/runner \\
LANG=en_US.UTF-8 \\
LC_ALL=C \\
LC_CTYPE=en_US.UTF-8 \\
PATH=/bin:/usr/bin:/usr/sbin \\
TEST_IMAGE_DIR=/Users/runner/work/openjdk/openjdk/bundles/tests \\
    /Users/runner/work/openjdk/openjdk/bundles/jdk/jdk-23.jdk/Contents/Home/bin/javac \\
        -J-Xmx768m \\
        -J-XX:MaxRAMPercentage=12.5 \\
        -J-Dtest.boot.jdk=/Users/runner/work/openjdk/openjdk/bootjdk/jdk \\
        -J-Djava.io.tmpdir=/Users/runner/work/openjdk/openjdk/build/run-test-prebuilt/test-support/jtreg_test_jdk_tier1/tmp \\
        -J-ea \\
        -J-esa \\
        -J-Dtest.vm.opts='-Xmx768m -XX:MaxRAMPercentage=12.5 -Dtest.boot.jdk=/Users/runner/work/openjdk/openjdk/bootjdk/jdk -Djava.io.tmpdir=/Users/runner/work/openjdk/openjdk/build/run-test-prebuilt/test-support/jtreg_test_jdk_tier1/tmp -ea -esa' \\
        -J-Dtest.tool.vm.opts='-J-Xmx768m -J-XX:MaxRAMPercentage=12.5 -J-Dtest.boot.jdk=/Users/runner/work/openjdk/openjdk/bootjdk/jdk -J-Djava.io.tmpdir=/Users/runner/work/openjdk/openjdk/build/run-test-prebuilt/test-support/jtreg_test_jdk_tier1/tmp -J-ea -J-esa' \\
        -J-Dtest.compiler.opts= \\
        -J-Dtest.java.opts=-XX:-CreateCoredumpOnCrash \\
        -J-Dtest.jdk=/Users/runner/work/openjdk/openjdk/bundles/jdk/jdk-23.jdk/Contents/Home \\
        -J-Dcompile.jdk=/Users/runner/work/openjdk/openjdk/bundles/jdk/jdk-23.jdk/Contents/Home \\
        -J-Dtest.timeout.factor=4.0 \\
        -J-Dtest.nativepath=/Users/runner/work/openjdk/openjdk/bundles/tests/jdk/jtreg/native \\
        -J-Dtest.root=/Users/runner/work/openjdk/openjdk/test/jdk \\
        -J-Dtest.name=jdk/jfr/event/gc/collection/TestGCGarbageCollectionEvent.java \\
        -J-Dtest.file=/Users/runner/work/openjdk/openjdk/test/jdk/jdk/jfr/event/gc/collection/TestGCGarbageCollectionEvent.java \\
        -J-Dtest.src=/Users/runner/work/openjdk/openjdk/test/jdk/jdk/jfr/event/gc/collection \\
        -J-Dtest.src.path=/Users/runner/work/openjdk/openjdk/test/jdk/jdk/jfr/event/gc/collection:/Users/runner/work/openjdk/openjdk/test/lib \\
        -J-Dtest.classes=/Users/runner/work/openjdk/openjdk/build/run-test-prebuilt/test-support/jtreg_test_jdk_tier1/classes/0/jdk/jfr/event/gc/collection/TestGCGarbageCollectionEvent.d \\
        -J-Dtest.class.path=/Users/runner/work/openjdk/openjdk/build/run-test-prebuilt/test-support/jtreg_test_jdk_tier1/classes/0/jdk/jfr/event/gc/collection/TestGCGarbageCollectionEvent.d:/Users/runner/work/openjdk/openjdk/build/run-test-prebuilt/test-support/jtreg_test_jdk_tier1/classes/0/test/lib \\
        -J-Dtest.class.path.prefix=/Users/runner/work/openjdk/openjdk/build/run-test-prebuilt/test-support/jtreg_test_jdk_tier1/classes/0/jdk/jfr/event/gc/collection/TestGCGarbageCollectionEvent.d:/Users/runner/work/openjdk/openjdk/test/jdk/jdk/jfr/event/gc/collection:/Users/runner/work/openjdk/openjdk/build/run-test-prebuilt/test-support/jtreg_test_jdk_tier1/classes/0/test/lib \\
        -J-Dtest.modules='jdk.jfr java.management' \\
        --add-modules jdk.jfr,java.management \\
        -d /Users/runner/work/openjdk/openjdk/build/run-test-prebuilt/test-support/jtreg_test_jdk_tier1/classes/0/jdk/jfr/event/gc/collection/TestGCGarbageCollectionEvent.d \\
        -sourcepath /Users/runner/work/openjdk/openjdk/test/jdk/jdk/jfr/event/gc/collection:/Users/runner/work/openjdk/openjdk/test/lib \\
        -classpath /Users/runner/work/openjdk/openjdk/test/jdk/jdk/jfr/event/gc/collection:/Users/runner/work/openjdk/openjdk/build/run-test-prebuilt/test-support/jtreg_test_jdk_tier1/classes/0/jdk/jfr/event/gc/collection/TestGCGarbageCollectionEvent.d:/Users/runner/work/openjdk/openjdk/build/run-test-prebuilt/test-support/jtreg_test_jdk_tier1/classes/0/test/lib /Users/runner/work/openjdk/openjdk/test/jdk/jdk/jfr/event/gc/collection/TestGCGarbageCollectionEvent.java
----------direct:(4/332)----------
Note: /Users/runner/work/openjdk/openjdk/test/lib/jdk/test/lib/jfr/Events.java uses or overrides a deprecated API.
Note: Recompile with -Xlint:deprecation for details.
Note: /Users/runner/work/openjdk/openjdk/test/lib/jdk/test/lib/Asserts.java uses unchecked or unsafe operations.
Note: Recompile with -Xlint:unchecked for details.
result: Passed. Compilation successful

#section:main
----------messages:(7/553)----------
command: main -Xlog:gc*=debug -XX:+UnlockExperimentalVMOptions -XX:-UseFastUnorderedTimeStamps jdk.jfr.event.gc.collection.TestGCGarbageCollectionEvent
reason: User specified action: run main/othervm -Xlog:gc*=debug -XX:+UnlockExperimentalVMOptions -XX:-UseFastUnorderedTimeStamps jdk.jfr.event.gc.collection.TestGCGarbageCollectionEvent 
started: Mon Apr 29 00:42:41 UTC 2024
Mode: othervm [/othervm specified]
Additional options from @modules: --add-modules jdk.jfr,java.management
finished: Mon Apr 29 00:42:42 UTC 2024
elapsed time (seconds): 0.977
----------configuration:(3/51)----------
Boot Layer
  add modules: jdk.jfr java.management

----------System.out:(344/35960)----------
[0.008s][info][gc,init] CardTable entry size: 512
[0.008s][debug][gc,heap] Minimum heap 8388608  Initial heap 234881024  Maximum heap 805306368
[0.030s][debug][gc,remset] Card Set container configuration: InlinePtr #cards 5 size 8 Array Of Cards #cards 10 size 36 Howl #buckets 4 coarsen threshold 1843 Howl Bitmap #cards 512 size 80 coarsen threshold 460 Card regions per heap region 1 cards per card region 2048
[0.030s][info ][gc       ] Using G1
[0.030s][debug][gc,heap,coops] Heap address: 0x00000007d0000000, size: 768 MB, Compressed Oops mode: Zero based, Oop shift amount: 3
[0.032s][debug][gc           ] ConcGCThreads: 1 offset 8
[0.032s][debug][gc           ] ParallelGCThreads: 4
[0.032s][debug][gc           ] Initialize mark stack with 4096 chunks, maximum 536870912
[0.032s][debug][gc,ergo,heap ] Expand the heap. requested expansion amount: 234881024B expansion amount: 234881024B
[0.033s][debug][gc,heap,region] Activate regions [0, 224)
[0.033s][debug][gc,ihop       ] Target occupancy update: old: 0B, new: 234881024B
[0.033s][debug][gc,task       ] G1 Service Thread (Periodic GC Task) (register)
[0.033s][debug][gc,task       ] G1 Service Thread (Card Set Free Memory Task) (register)
[0.033s][info ][gc,init       ] Version: 23-internal-dubi253-4c630b0b2463c476ae1e6c8cae3ae981b793158c (release)
[0.033s][info ][gc,init       ] CPUs: 4 total, 4 available
[0.033s][info ][gc,init       ] Memory: 14336M
[0.033s][info ][gc,init       ] Large Page Support: Disabled
[0.033s][info ][gc,init       ] NUMA Support: Disabled
[0.033s][info ][gc,init       ] Compressed Oops: Enabled (Zero based)
[0.033s][info ][gc,init       ] Heap Region Size: 1M
[0.033s][info ][gc,init       ] Heap Min Capacity: 8M
[0.033s][info ][gc,init       ] Heap Initial Capacity: 224M
[0.033s][info ][gc,init       ] Heap Max Capacity: 768M
[0.033s][info ][gc,init       ] Pre-touch: Disabled
[0.033s][info ][gc,init       ] Parallel Workers: 4
[0.033s][info ][gc,init       ] Concurrent Workers: 1
[0.033s][info ][gc,init       ] Concurrent Refinement Workers: 4
[0.033s][info ][gc,init       ] Periodic GC: Disabled
[0.040s][debug][gc,heap,region] Activate regions [766, 767)
[0.040s][debug][gc,heap,region] Activate regions [767, 768)
[0.040s][debug][gc,ergo,heap  ] Attempt heap expansion (allocate archive regions). Total size: 2097152B
[0.040s][info ][gc,metaspace  ] CDS archive(s) mapped at: [0x0000000125000000-0x0000000125ca1000-0x0000000125ca1000), size 13242368, SharedBaseAddress: 0x0000000125000000, ArchiveRelocationMode: 1.
[0.040s][info ][gc,metaspace  ] Compressed class space mapped at: 0x0000000126000000-0x0000000166000000, reserved size: 1073741824
[0.040s][info ][gc,metaspace  ] Narrow klass base: 0x0000000125000000, Narrow klass shift: 0, Narrow klass range: 0x100000000
[0.056s][debug][gc,task,start ] G1 Service Thread (Periodic GC Task) (run 22.836ms after schedule)
[0.056s][debug][gc,task       ] G1 Service Thread (Periodic GC Task) (run: 0.031ms) (cpu: 0.031ms)
[0.056s][debug][gc,task,start ] G1 Service Thread (Card Set Free Memory Task) (run 22.865ms after schedule)
[0.056s][debug][gc,task       ] G1 Service Thread (Card Set Free Memory Task) (run: 0.009ms) (cpu: 0.009ms)
[0.640s][info ][gc,start      ] GC(0) Pause Young (Normal) (G1 Evacuation Pause)
[0.640s][debug][gc,heap       ] GC(0) Heap before GC invocations=0 (full 0):
[0.640s][debug][gc,heap       ] GC(0)  garbage-first heap   total reserved 786432K, committed 231424K, used 14368K [0x00000007d0000000, 0x0000000800000000)
[0.640s][debug][gc,heap       ] GC(0)   region size 1024K, 14 young (14336K), 0 survivors (0K)
[0.640s][debug][gc,heap       ] GC(0)  Metaspace       used 4447K, committed 4608K, reserved 1114112K
[0.640s][debug][gc,heap       ] GC(0)   class space    used 530K, committed 640K, reserved 1048576K
[0.641s][info ][gc,task       ] GC(0) Using 4 workers of 4 for evacuation
[0.641s][debug][gc,age        ] GC(0) Desired survivor size 1048576 bytes, new threshold 15 (max threshold 15)
[0.641s][debug][gc,tlab       ] GC(0) TLAB totals: thrds: 5  refills: 55 max: 47 slow allocs: 3 max 2 waste:  6.8% gc: 936480B max: 293528B slow: 39880B max: 35128B
[0.641s][debug][gc,refine,stats] GC(0) Mutator refinement: 0.00ms, refined: 0, precleaned: 0, dirtied: 376
[0.641s][debug][gc,refine,stats] GC(0) Concurrent refinement: 0.00ms, refined: 0, precleaned: 0, dirtied: 0
[0.641s][debug][gc,refine,stats] GC(0) Total refinement: 0.00ms, refined: 0, precleaned: 0, dirtied: 376
[0.641s][debug][gc,refine,stats] GC(0) Generate dirty cards rate: 0.62 cards/ms
[0.641s][debug][gc,alloc,region] GC(0) Mutator Allocation stats, regions: 14, wasted size: 0B ( 0.0%)
[0.641s][debug][gc,ergo,cset   ] GC(0) No candidates to reclaim.
[0.642s][debug][gc,ergo        ] GC(0) Running G1 Merge Heap Roots using 4 workers for 14 regions
[0.642s][debug][gc,remset      ] GC(0) Visited cards 672 Total dirty 4096 (16.41%) Total old 61440 (1.09%)
[0.644s][debug][gc,ref         ] GC(0) ReferenceProcessor::execute queues: 1, RefProcThreadModel::Single, marks_oops_alive: false
[0.644s][debug][gc,ref         ] GC(0) Skipped KeepAliveFinalRefsPhase of Reference Processing: no references
[0.644s][debug][gc,ref         ] GC(0) ReferenceProcessor::execute queues: 1, RefProcThreadModel::Single, marks_oops_alive: false
[0.644s][debug][gc,ergo        ] GC(0) Running G1 Rebuild Free List Task using 4 workers for rebuilding free list of regions
[0.644s][debug][gc,plab        ] GC(0) Young PLAB allocation: allocated: 1813856B, wasted: 3296B, unused: 4584B, used: 1805976B, undo waste: 0B, 
[0.644s][debug][gc,plab        ] GC(0) Young other allocation: region end waste: 4744B, regions filled: 2, num plab filled: 47, direct allocated: 278552B, num direct allocated: 5, failure used: 0B, failure wasted: 0B
[0.644s][debug][gc,plab        ] GC(0) Young sizing: calculated: 360240B, actual: 360240B
[0.644s][debug][gc,plab        ] GC(0) Old PLAB allocation: allocated: 40960B, wasted: 56B, unused: 14624B, used: 26280B, undo waste: 0B, 
[0.644s][debug][gc,plab        ] GC(0) Old other allocation: region end waste: 0B, regions filled: 1, num plab filled: 5, direct allocated: 0B, num direct allocated: 0, failure used: 0B, failure wasted: 0B
[0.644s][debug][gc,plab        ] GC(0) Old sizing: calculated: 5256B, actual: 5256B
[0.645s][debug][gc,ergo,heap   ] GC(0) Heap expansion: short term pause time ratio 0.00% long term pause time ratio 0.00% threshold 4.53% pause time ratio 7.69% fully expanded false resize by 0B
[0.645s][debug][gc,mmu         ] GC(0) MMU: 3.9ms (200.0ms/201.0ms)
[0.645s][debug][gc,alloc,stats ] Old generation allocation in the last mutator period, old gen allocated: 40960B, humongous allocated: 0B, old gen growth: 40960B.
[0.645s][debug][gc,ihop        ] GC(0) Basic information (value update), threshold: 105696460B (45.00), target occupancy: 234881024B, current occupancy: 3220376B, recent allocation size: 40960B, recent allocation duration: 610.40ms, recent old gen allocation rate: 67103.98B/s, recent marking phase length: 0.00ms
[0.645s][debug][gc,task,start  ] G1 Service Thread (Card Set Free Memory Task) (run 0.036ms after schedule)
[0.645s][debug][gc,ihop        ] GC(0) Adaptive IHOP information (value update), threshold: 105696460B (47.37), internal target occupancy: 223136972B, occupancy: 3220376B, additional buffer size: 25165824B, predicted old gen allocation rate: 134207.97B/s, predicted marking phase length: 0.00ms, prediction active: false
[0.645s][debug][gc,ergo,refine ] GC(0) GC refinement: goal: 18446744073709551615 + 240 / 20.00ms, actual: 376 / 0.04ms, 
[0.645s][debug][gc,ergo,refine ] GC(0) Unchanged pending cards target: 18446744073709551615
[0.645s][info ][gc,phases      ] GC(0)   Pre Evacuate Collection Set: 0.22ms
[0.645s][debug][gc,phases      ] GC(0)     Pre Evacuate Prepare: 0.08ms
[0.645s][debug][gc,phases      ] GC(0)       JT Retire TLABs And Flush Logs (ms): Min: 0.00, Avg: 0.00, Max: 0.00, Diff: 0.00, Sum: 0.01, Workers: 2
[0.645s][debug][gc,phases      ] GC(0)       Non-JT Flush Logs (ms):        Min: 0.00, Avg: 0.00, Max: 0.00, Diff: 0.00, Sum: 0.00, Workers: 1
[0.645s][debug][gc,phases      ] GC(0)     Choose Collection Set: 0.00ms
[0.645s][debug][gc,phases      ] GC(0)     Region Register: 0.12ms
[0.645s][debug][gc,phases      ] GC(0)     Prepare Heap Roots: 0.01ms
[0.645s][info ][gc,phases      ] GC(0)   Merge Heap Roots: 0.69ms
[0.645s][debug][gc,phases      ] GC(0)     Prepare Merge Heap Roots: 0.01ms
[0.645s][debug][gc,phases      ] GC(0)     Remembered Sets (ms):          Min: 0.00, Avg: 0.01, Max: 0.02, Diff: 0.02, Sum: 0.04, Workers: 4
[0.645s][debug][gc,phases      ] GC(0)       Eager Reclaim (ms):            skipped
[0.645s][debug][gc,phases      ] GC(0)       Merged Inline:                 Min: 0, Avg:  0.0, Max: 0, Diff: 0, Sum: 0, Workers: 4
[0.645s][debug][gc,phases      ] GC(0)       Merged ArrayOfCards:           Min: 0, Avg:  0.0, Max: 0, Diff: 0, Sum: 0, Workers: 4
[0.645s][debug][gc,phases      ] GC(0)       Merged Howl:                   Min: 0, Avg:  0.0, Max: 0, Diff: 0, Sum: 0, Workers: 4
[0.645s][debug][gc,phases      ] GC(0)       Merged Full:                   Min: 0, Avg:  0.0, Max: 0, Diff: 0, Sum: 0, Workers: 4
[0.645s][debug][gc,phases      ] GC(0)       Merged Howl Inline:            Min: 0, Avg:  0.0, Max: 0, Diff: 0, Sum: 0, Workers: 4
[0.645s][debug][gc,phases      ] GC(0)       Merged Howl ArrayOfCards:      Min: 0, Avg:  0.0, Max: 0, Diff: 0, Sum: 0, Workers: 4
[0.645s][debug][gc,phases      ] GC(0)       Merged Howl BitMap:            Min: 0, Avg:  0.0, Max: 0, Diff: 0, Sum: 0, Workers: 4
[0.645s][debug][gc,phases      ] GC(0)       Merged Howl Full:              Min: 0, Avg:  0.0, Max: 0, Diff: 0, Sum: 0, Workers: 4
[0.645s][debug][gc,phases      ] GC(0)       Merged Cards:                  Min: 8, Avg:  8.0, Max: 8, Diff: 0, Sum: 32, Workers: 4
[0.645s][debug][gc,phases      ] GC(0)     Distribute Log Buffers: 0.00ms
[0.645s][debug][gc,phases      ] GC(0)     Log Buffers (ms):              Min: 0.00, Avg: 0.00, Max: 0.00, Diff: 0.00, Sum: 0.01, Workers: 4
[0.645s][debug][gc,phases      ] GC(0)       Dirty Cards:                   Min: 0, Avg: 94.0, Max: 256, Diff: 256, Sum: 376, Workers: 4
[0.645s][debug][gc,phases      ] GC(0)       Skipped Cards:                 Min: 0, Avg:  0.0, Max: 0, Diff: 0, Sum: 0, Workers: 4
[0.645s][info ][gc,phases      ] GC(0)   Evacuate Collection Set: 2.17ms
[0.645s][debug][gc,phases      ] GC(0)     Ext Root Scanning (ms):        Min: 0.11, Avg: 0.26, Max: 0.45, Diff: 0.34, Sum: 1.06, Workers: 4
[0.645s][debug][gc,phases      ] GC(0)     Scan Heap Roots (ms):          Min: 0.00, Avg: 0.03, Max: 0.08, Diff: 0.08, Sum: 0.13, Workers: 4
[0.645s][debug][gc,phases      ] GC(0)       Scanned Cards:                 Min: 0, Avg: 94.0, Max: 224, Diff: 224, Sum: 376, Workers: 4
[0.645s][debug][gc,phases      ] GC(0)       Scanned Blocks:                Min: 0, Avg: 13.8, Max: 29, Diff: 29, Sum: 55, Workers: 4
[0.645s][debug][gc,phases      ] GC(0)       Claimed Chunks:                Min: 0, Avg:  5.2, Max: 13, Diff: 13, Sum: 21, Workers: 4
[0.645s][debug][gc,phases      ] GC(0)       Found Roots:                   Min: 0, Avg: 611.2, Max: 1471, Diff: 1471, Sum: 2445, Workers: 4
[0.645s][debug][gc,phases      ] GC(0)     Code Root Scan (ms):           Min: 0.00, Avg: 0.11, Max: 0.27, Diff: 0.27, Sum: 0.45, Workers: 4
[0.645s][debug][gc,phases      ] GC(0)       Scanned Nmethods:              Min: 0, Avg: 55.5, Max: 126, Diff: 126, Sum: 222, Workers: 4
[0.645s][debug][gc,phases      ] GC(0)     Object Copy (ms):              Min: 1.21, Avg: 1.57, Max: 1.79, Diff: 0.58, Sum: 6.29, Workers: 4
[0.645s][debug][gc,phases      ] GC(0)     Termination (ms):              Min: 0.04, Avg: 0.08, Max: 0.11, Diff: 0.07, Sum: 0.33, Workers: 4
[0.645s][debug][gc,phases      ] GC(0)       Termination Attempts:          Min: 1, Avg:  2.5, Max: 4, Diff: 3, Sum: 10, Workers: 4
[0.645s][debug][gc,phases      ] GC(0)     GC Worker Other (ms):          Min: 0.01, Avg: 0.01, Max: 0.02, Diff: 0.01, Sum: 0.04, Workers: 4
[0.645s][debug][gc,phases      ] GC(0)     GC Worker Total (ms):          Min: 2.05, Avg: 2.08, Max: 2.10, Diff: 0.05, Sum: 8.31, Workers: 4
[0.645s][info ][gc,phases      ] GC(0)   Post Evacuate Collection Set: 0.63ms
[0.645s][debug][gc,phases      ] GC(0)     NMethod List Cleanup: 0.02ms
[0.645s][debug][gc,phases      ] GC(0)     Reference Processing: 0.07ms
[0.645s][debug][gc,phases,ref  ] GC(0)       Notify Soft/WeakReferences: 0.0ms
[0.645s][debug][gc,phases,ref  ] GC(0)         SoftRef (ms):                  Min: 0.00, Avg: 0.00, Max: 0.00, Diff: 0.00, Sum: 0.00, Workers: 1
[0.645s][debug][gc,phases,ref  ] GC(0)         WeakRef (ms):                  Min: 0.01, Avg: 0.01, Max: 0.01, Diff: 0.00, Sum: 0.01, Workers: 1
[0.645s][debug][gc,phases,ref  ] GC(0)         FinalRef (ms):                 Min: 0.00, Avg: 0.00, Max: 0.00, Diff: 0.00, Sum: 0.00, Workers: 1
[0.645s][debug][gc,phases,ref  ] GC(0)         Total (ms):                    Min: 0.02, Avg: 0.02, Max: 0.02, Diff: 0.00, Sum: 0.02, Workers: 1
[0.645s][debug][gc,phases,ref  ] GC(0)       Notify and keep alive finalizable: 0.0ms
[0.645s][debug][gc,phases,ref  ] GC(0)         FinalRef (ms):                 skipped
[0.645s][debug][gc,phases,ref  ] GC(0)       Notify PhantomReferences: 0.0ms
[0.645s][debug][gc,phases,ref  ] GC(0)         PhantomRef (ms):               Min: 0.00, Avg: 0.00, Max: 0.00, Diff: 0.00, Sum: 0.00, Workers: 1
[0.645s][debug][gc,phases,ref  ] GC(0)       SoftReference Discovered: 0, Dropped: 0, Processed: 0
[0.645s][debug][gc,phases,ref  ] GC(0)       WeakReference Discovered: 226, Dropped: 84, Processed: 142
[0.645s][debug][gc,phases,ref  ] GC(0)       FinalReference Discovered: 0, Dropped: 0, Processed: 0
[0.645s][debug][gc,phases,ref  ] GC(0)       PhantomReference Discovered: 92, Dropped: 7, Processed: 85
[0.645s][debug][gc,phases      ] GC(0)     Weak Processing: 0.10ms
[0.645s][debug][gc,phases      ] GC(0)       VM Weak                        Min: 0.00, Avg: 0.00, Max: 0.01, Diff: 0.00, Sum: 0.01, Workers: 2
[0.645s][debug][gc,phases      ] GC(0)         Dead                           Min: 0, Avg:  0.0, Max: 0, Diff: 0, Sum: 0, Workers: 2
[0.645s][debug][gc,phases      ] GC(0)         Total                          Min: 0, Avg: 27.5, Max: 55, Diff: 55, Sum: 55, Workers: 2
[0.645s][debug][gc,phases      ] GC(0)       ObjectSynchronizer Weak        Min: 0.00, Avg: 0.00, Max: 0.00, Diff: 0.00, Sum: 0.00, Workers: 2
[0.645s][debug][gc,phases      ] GC(0)         Dead                           Min: 0, Avg:  0.0, Max: 0, Diff: 0, Sum: 0, Workers: 2
[0.645s][debug][gc,phases      ] GC(0)         Total                          Min: 0, Avg:  2.0, Max: 4, Diff: 4, Sum: 4, Workers: 2
[0.645s][debug][gc,phases      ] GC(0)       JVMTI Tag Weak OopStorage      Min: 0.00, Avg: 0.00, Max: 0.00, Diff: 0.00, Sum: 0.00, Workers: 2
[0.645s][debug][gc,phases      ] GC(0)         Dead                           Min: 0, Avg:  0.0, Max: 0, Diff: 0, Sum: 0, Workers: 2
[0.645s][debug][gc,phases      ] GC(0)         Total                          Min: 0, Avg:  0.0, Max: 0, Diff: 0, Sum: 0, Workers: 2
[0.645s][debug][gc,phases      ] GC(0)       StringTable Weak               Min: 0.01, Avg: 0.02, Max: 0.02, Diff: 0.00, Sum: 0.03, Workers: 2
[0.645s][debug][gc,phases      ] GC(0)         Dead                           Min: 0, Avg:  3.0, Max: 6, Diff: 6, Sum: 6, Workers: 2
[0.645s][debug][gc,phases      ] GC(0)         Total                          Min: 491, Avg: 501.5, Max: 512, Diff: 21, Sum: 1003, Workers: 2
[0.645s][debug][gc,phases      ] GC(0)       ResolvedMethodTable Weak       Min: 0.01, Avg: 0.01, Max: 0.01, Diff: 0.00, Sum: 0.02, Workers: 2
[0.645s][debug][gc,phases      ] GC(0)         Dead                           Min: 20, Avg: 23.5, Max: 27, Diff: 7, Sum: 47, Workers: 2
[0.645s][debug][gc,phases      ] GC(0)         Total                          Min: 192, Avg: 209.5, Max: 227, Diff: 35, Sum: 419, Workers: 2
[0.645s][debug][gc,phases      ] GC(0)       JNI Weak                       Min: 0.00, Avg: 0.00, Max: 0.00, Diff: 0.00, Sum: 0.00, Workers: 2
[0.645s][debug][gc,phases      ] GC(0)         Dead                           Min: 0, Avg:  0.0, Max: 0, Diff: 0, Sum: 0, Workers: 2
[0.645s][debug][gc,phases      ] GC(0)         Total                          Min: 0, Avg:  0.0, Max: 0, Diff: 0, Sum: 0, Workers: 2
[0.645s][debug][gc,phases      ] GC(0)       StringDedup Table Weak         Min: 0.00, Avg: 0.00, Max: 0.00, Diff: 0.00, Sum: 0.00, Workers: 2
[0.645s][debug][gc,phases      ] GC(0)         Dead                           Min: 0, Avg:  0.0, Max: 0, Diff: 0, Sum: 0, Workers: 2
[0.645s][debug][gc,phases      ] GC(0)         Total                          Min: 0, Avg:  0.0, Max: 0, Diff: 0, Sum: 0, Workers: 2
[0.645s][debug][gc,phases      ] GC(0)       StringDedup Requests0 Weak     Min: 0.00, Avg: 0.00, Max: 0.00, Diff: 0.00, Sum: 0.00, Workers: 2
[0.645s][debug][gc,phases      ] GC(0)         Dead                           Min: 0, Avg:  0.0, Max: 0, Diff: 0, Sum: 0, Workers: 2
[0.645s][debug][gc,phases      ] GC(0)         Total                          Min: 0, Avg:  0.0, Max: 0, Diff: 0, Sum: 0, Workers: 2
[0.645s][debug][gc,phases      ] GC(0)       StringDedup Requests1 Weak     Min: 0.00, Avg: 0.00, Max: 0.00, Diff: 0.00, Sum: 0.00, Workers: 2
[0.645s][debug][gc,phases      ] GC(0)         Dead                           Min: 0, Avg:  0.0, Max: 0, Diff: 0, Sum: 0, Workers: 2
[0.645s][debug][gc,phases      ] GC(0)         Total                          Min: 0, Avg:  0.0, Max: 0, Diff: 0, Sum: 0, Workers: 2
[0.645s][debug][gc,phases      ] GC(0)       Weak JFR Old Object Samples    Min: 0.00, Avg: 0.00, Max: 0.00, Diff: 0.00, Sum: 0.00, Workers: 2
[0.645s][debug][gc,phases      ] GC(0)         Dead                           Min: 0, Avg:  0.0, Max: 0, Diff: 0, Sum: 0, Workers: 2
[0.645s][debug][gc,phases      ] GC(0)         Total                          Min: 0, Avg:  0.0, Max: 0, Diff: 0, Sum: 0, Workers: 2
[0.645s][debug][gc,phases      ] GC(0)     Post Evacuate Cleanup 1: 0.11ms
[0.645s][debug][gc,phases      ] GC(0)       Merge Per-Thread State (ms):   Min: 0.01, Avg: 0.01, Max: 0.01, Diff: 0.00, Sum: 0.01, Workers: 1
[0.645s][debug][gc,phases      ] GC(0)         Copied Bytes:                  Min: 371432, Avg: 527702.0, Max: 672440, Diff: 301008, Sum: 2110808, Workers: 4
[0.645s][debug][gc,phases      ] GC(0)         LAB Waste:                     Min: 272, Avg: 838.0, Max: 1872, Diff: 1600, Sum: 3352, Workers: 4
[0.645s][debug][gc,phases      ] GC(0)         LAB Undo Waste:                Min: 0, Avg:  0.0, Max: 0, Diff: 0, Sum: 0, Workers: 4
[0.645s][debug][gc,phases      ] GC(0)         Evac Fail Extra Cards:         Min: 0, Avg:  0.0, Max: 0, Diff: 0, Sum: 0, Workers: 4
[0.645s][debug][gc,phases      ] GC(0)       Clear Logged Cards (ms):       Min: 0.00, Avg: 0.00, Max: 0.00, Diff: 0.00, Sum: 0.00, Workers: 3
[0.645s][debug][gc,phases      ] GC(0)       Recalculate Used Memory (ms):  Min: 0.00, Avg: 0.00, Max: 0.00, Diff: 0.00, Sum: 0.00, Workers: 1
[0.645s][debug][gc,phases      ] GC(0)     Post Evacuate Cleanup 2: 0.12ms
[0.645s][debug][gc,phases      ] GC(0)       Update Derived Pointers (ms):  Min: 0.00, Avg: 0.00, Max: 0.00, Diff: 0.00, Sum: 0.00, Workers: 1
[0.645s][debug][gc,phases      ] GC(0)       Eagerly Reclaim Humongous Objects (ms): skipped
[0.645s][debug][gc,phases      ] GC(0)         Humongous Total:               skipped
[0.645s][debug][gc,phases      ] GC(0)         Humongous Candidates:          skipped
[0.645s][debug][gc,phases      ] GC(0)         Humongous Reclaimed:           skipped
[0.645s][debug][gc,phases      ] GC(0)       Redirty Logged Cards (ms):     Min: 0.00, Avg: 0.00, Max: 0.00, Diff: 0.00, Sum: 0.01, Workers: 4
[0.645s][debug][gc,phases      ] GC(0)         Redirtied Cards:               Min: 0, Avg: 126.0, Max: 504, Diff: 504, Sum: 504, Workers: 4
[0.645s][debug][gc,phases      ] GC(0)       Resize TLABs (ms):             Min: 0.00, Avg: 0.00, Max: 0.00, Diff: 0.00, Sum: 0.00, Workers: 4
[0.645s][debug][gc,phases      ] GC(0)       Free Collection Set (ms):      Min: 0.00, Avg: 0.01, Max: 0.03, Diff: 0.03, Sum: 0.04, Workers: 4
[0.645s][debug][gc,phases      ] GC(0)     Rebuild Free List: 0.14ms
[0.645s][debug][gc,phases      ] GC(0)     Prepare For Mutator: 0.06ms
[0.645s][debug][gc,phases      ] GC(0)     Expand Heap After Collection: 0.00ms
[0.645s][info ][gc,phases      ] GC(0)   Other: 0.60ms
[0.645s][debug][gc,remset      ] GC(0) Coarsening (recent): Inline->AoC 0 (0) AoC->Howl 0 (0) Howl->Full 0 (0) Inline->AoC 0 (0) AoC->BitMap 0 (0) BitMap->Full 0 (0) 
[0.645s][debug][gc,remset      ] GC(0) Coarsening (all): Inline->AoC 0 (0) AoC->Howl 0 (0) Howl->Full 0 (0) Inline->AoC 0 (0) AoC->BitMap 0 (0) BitMap->Full 0 (0) 
[0.645s][info ][gc,heap        ] GC(0) Eden regions: 14->0(22)
[0.645s][info ][gc,heap        ] GC(0) Survivor regions: 0->2(2)
[0.645s][info ][gc,heap        ] GC(0) Old regions: 2->3
[0.645s][info ][gc,heap        ] GC(0) Humongous regions: 0->0
[0.645s][info ][gc,metaspace   ] GC(0) Metaspace: 4447K(4608K)->4447K(4608K) NonClass: 3917K(3968K)->3917K(3968K) Class: 530K(640K)->530K(640K)
[0.645s][debug][gc,heap        ] GC(0) Heap after GC invocations=1 (full 0):
[0.645s][debug][gc,heap        ] GC(0)  garbage-first heap   total reserved 786432K, committed 231424K, used 3144K [0x00000007d0000000, 0x0000000800000000)
[0.645s][debug][gc,heap        ] GC(0)   region size 1024K, 2 young (2048K), 2 survivors (2048K)
[0.645s][debug][gc,heap        ] GC(0)  Metaspace       used 4447K, committed 4608K, reserved 1114112K
[0.645s][debug][gc,heap        ] GC(0)   class space    used 530K, committed 640K, reserved 1048576K
[0.645s][info ][gc             ] GC(0) Pause Young (Normal) (G1 Evacuation Pause) 15M->3M(226M) 5.096ms
[0.645s][info ][gc,cpu         ] GC(0) User=0.01s Sys=0.01s Real=0.01s
[0.645s][debug][gc,task        ] G1 Service Thread (Card Set Free Memory Task) (run: 0.907ms) (cpu: 0.907ms)
[0.766s][info ][gc,start       ] GC(1) Pause Full (System.gc())
[0.766s][debug][gc,heap        ] GC(1) Heap before GC invocations=1 (full 0):
[0.767s][debug][gc,heap        ] GC(1)  garbage-first heap   total reserved 786432K, committed 231424K, used 6216K [0x00000007d0000000, 0x0000000800000000)
[0.767s][debug][gc,heap        ] GC(1)   region size 1024K, 6 young (6144K), 2 survivors (2048K)
[0.767s][debug][gc,heap        ] GC(1)  Metaspace       used 4498K, committed 4736K, reserved 1114112K
[0.767s][debug][gc,heap        ] GC(1)   class space    used 536K, committed 640K, reserved 1048576K
[0.767s][debug][gc,task        ] GC(1) Requesting 4 active workers for full compaction (waste limited workers: 4, adaptive workers: 4, used limited workers: 9)
[0.767s][info ][gc,task        ] GC(1) Using 4 workers of 4 for full compaction
[0.767s][debug][gc,tlab        ] GC(1) TLAB totals: thrds: 4  refills: 18 max: 15 slow allocs: 1 max 1 waste: 16.9% gc: 584488B max: 214408B slow: 8248B max: 8248B
[0.767s][debug][gc,alloc,region] GC(1) Mutator Allocation stats, regions: 4, wasted size: 0B ( 0.0%)
[0.767s][info ][gc,phases,start] GC(1) Phase 1: Mark live objects
[0.769s][debug][gc,phases,start] GC(1) Phase 1: Reference Processing
[0.769s][debug][gc,ref         ] GC(1) ReferenceProcessor::execute queues: 1, RefProcThreadModel::Single, marks_oops_alive: false
[0.769s][debug][gc,ref         ] GC(1) Skipped KeepAliveFinalRefsPhase of Reference Processing: no references
[0.769s][debug][gc,ref         ] GC(1) ReferenceProcessor::execute queues: 1, RefProcThreadModel::Single, marks_oops_alive: false
[0.769s][debug][gc,phases,ref  ] GC(1) Reference Processing: 0.0ms
[0.769s][debug][gc,phases,ref  ] GC(1)   Notify Soft/WeakReferences: 0.0ms
[0.769s][debug][gc,phases,ref  ] GC(1)     SoftRef (ms):                  Min: 0.00, Avg: 0.00, Max: 0.00, Diff: 0.00, Sum: 0.00, Workers: 1
[0.769s][debug][gc,phases,ref  ] GC(1)     WeakRef (ms):                  Min: 0.02, Avg: 0.02, Max: 0.02, Diff: 0.00, Sum: 0.02, Workers: 1
[0.769s][debug][gc,phases,ref  ] GC(1)     FinalRef (ms):                 Min: 0.00, Avg: 0.00, Max: 0.00, Diff: 0.00, Sum: 0.00, Workers: 1
[0.769s][debug][gc,phases,ref  ] GC(1)     Total (ms):                    Min: 0.02, Avg: 0.02, Max: 0.02, Diff: 0.00, Sum: 0.02, Workers: 1
[0.769s][debug][gc,phases,ref  ] GC(1)   Notify and keep alive finalizable: 0.0ms
[0.769s][debug][gc,phases,ref  ] GC(1)     FinalRef (ms):                 skipped
[0.769s][debug][gc,phases,ref  ] GC(1)   Notify PhantomReferences: 0.0ms
[0.769s][debug][gc,phases,ref  ] GC(1)     PhantomRef (ms):               Min: 0.00, Avg: 0.00, Max: 0.00, Diff: 0.00, Sum: 0.00, Workers: 1
[0.769s][debug][gc,phases,ref  ] GC(1)   SoftReference Discovered: 0, Dropped: 0, Processed: 0
[0.769s][debug][gc,phases,ref  ] GC(1)   WeakReference Discovered: 357, Dropped: 338, Processed: 19
[0.769s][debug][gc,phases,ref  ] GC(1)   FinalReference Discovered: 0, Dropped: 0, Processed: 0
[0.769s][debug][gc,phases,ref  ] GC(1)   PhantomReference Discovered: 20, Dropped: 7, Processed: 13
[0.769s][debug][gc,phases      ] GC(1) Phase 1: Reference Processing 0.138ms
[0.769s][debug][gc,phases,start] GC(1) Phase 1: Flush Mark Stats Cache
[0.769s][debug][gc,phases      ] GC(1) Phase 1: Flush Mark Stats Cache 0.011ms
[0.769s][debug][gc,phases,start] GC(1) Phase 1: Weak Processing
[0.769s][debug][gc,phases      ] GC(1)   VM Weak                        Min: 0.00, Avg: 0.00, Max: 0.00, Diff: 0.00, Sum: 0.00, Workers: 2
[0.769s][debug][gc,phases      ] GC(1)     Dead                           Min: 0, Avg:  0.0, Max: 0, Diff: 0, Sum: 0, Workers: 2
[0.769s][debug][gc,phases      ] GC(1)     Total                          Min: 0, Avg: 29.0, Max: 58, Diff: 58, Sum: 58, Workers: 2
[0.769s][debug][gc,phases      ] GC(1)   ObjectSynchronizer Weak        Min: 0.00, Avg: 0.00, Max: 0.00, Diff: 0.00, Sum: 0.00, Workers: 2
[0.769s][debug][gc,phases      ] GC(1)     Dead                           Min: 0, Avg:  0.0, Max: 0, Diff: 0, Sum: 0, Workers: 2
[0.769s][debug][gc,phases      ] GC(1)     Total                          Min: 0, Avg:  3.0, Max: 6, Diff: 6, Sum: 6, Workers: 2
[0.769s][debug][gc,phases      ] GC(1)   JVMTI Tag Weak OopStorage      Min: 0.00, Avg: 0.00, Max: 0.00, Diff: 0.00, Sum: 0.00, Workers: 2
[0.769s][debug][gc,phases      ] GC(1)     Dead                           Min: 0, Avg:  0.0, Max: 0, Diff: 0, Sum: 0, Workers: 2
[0.769s][debug][gc,phases      ] GC(1)     Total                          Min: 0, Avg:  0.0, Max: 0, Diff: 0, Sum: 0, Workers: 2
[0.769s][debug][gc,phases      ] GC(1)   StringTable Weak               Min: 0.00, Avg: 0.00, Max: 0.00, Diff: 0.00, Sum: 0.01, Workers: 2
[0.769s][debug][gc,phases      ] GC(1)     Dead                           Min: 0, Avg:  2.0, Max: 4, Diff: 4, Sum: 4, Workers: 2
[0.769s][debug][gc,phases      ] GC(1)     Total                          Min: 483, Avg: 529.5, Max: 576, Diff: 93, Sum: 1059, Workers: 2
[0.769s][debug][gc,phases      ] GC(1)   ResolvedMethodTable Weak       Min: 0.00, Avg: 0.00, Max: 0.00, Diff: 0.00, Sum: 0.00, Workers: 2
[0.769s][debug][gc,phases      ] GC(1)     Dead                           Min: 0, Avg:  1.0, Max: 2, Diff: 2, Sum: 2, Workers: 2
[0.769s][debug][gc,phases      ] GC(1)     Total                          Min: 196, Avg: 226.0, Max: 256, Diff: 60, Sum: 452, Workers: 2
[0.769s][debug][gc,phases      ] GC(1)   JNI Weak                       Min: 0.00, Avg: 0.00, Max: 0.00, Diff: 0.00, Sum: 0.00, Workers: 2
[0.769s][debug][gc,phases      ] GC(1)     Dead                           Min: 0, Avg:  0.0, Max: 0, Diff: 0, Sum: 0, Workers: 2
[0.769s][debug][gc,phases      ] GC(1)     Total                          Min: 0, Avg:  2.0, Max: 4, Diff: 4, Sum: 4, Workers: 2
[0.769s][debug][gc,phases      ] GC(1)   StringDedup Table Weak         Min: 0.00, Avg: 0.00, Max: 0.00, Diff: 0.00, Sum: 0.00, Workers: 2
[0.769s][debug][gc,phases      ] GC(1)     Dead                           Min: 0, Avg:  0.0, Max: 0, Diff: 0, Sum: 0, Workers: 2
[0.769s][debug][gc,phases      ] GC(1)     Total                          Min: 0, Avg:  0.0, Max: 0, Diff: 0, Sum: 0, Workers: 2
[0.769s][debug][gc,phases      ] GC(1)   StringDedup Requests0 Weak     Min: 0.00, Avg: 0.00, Max: 0.00, Diff: 0.00, Sum: 0.00, Workers: 2
[0.769s][debug][gc,phases      ] GC(1)     Dead                           Min: 0, Avg:  0.0, Max: 0, Diff: 0, Sum: 0, Workers: 2
[0.769s][debug][gc,phases      ] GC(1)     Total                          Min: 0, Avg:  0.0, Max: 0, Diff: 0, Sum: 0, Workers: 2
[0.769s][debug][gc,phases      ] GC(1)   StringDedup Requests1 Weak     Min: 0.00, Avg: 0.00, Max: 0.00, Diff: 0.00, Sum: 0.00, Workers: 2
[0.769s][debug][gc,phases      ] GC(1)     Dead                           Min: 0, Avg:  0.0, Max: 0, Diff: 0, Sum: 0, Workers: 2
[0.769s][debug][gc,phases      ] GC(1)     Total                          Min: 0, Avg:  0.0, Max: 0, Diff: 0, Sum: 0, Workers: 2
[0.769s][debug][gc,phases      ] GC(1)   Weak JFR Old Object Samples    Min: 0.00, Avg: 0.00, Max: 0.00, Diff: 0.00, Sum: 0.00, Workers: 2
[0.769s][debug][gc,phases      ] GC(1)     Dead                           Min: 0, Avg:  0.0, Max: 0, Diff: 0, Sum: 0, Workers: 2
[0.769s][debug][gc,phases      ] GC(1)     Total                          Min: 0, Avg:  0.0, Max: 0, Diff: 0, Sum: 0, Workers: 2
[0.769s][debug][gc,phases      ] GC(1) Phase 1: Weak Processing 0.275ms
[0.769s][debug][gc,phases,start] GC(1) Phase 1: Class Unloading and Cleanup
[0.769s][debug][gc,phases,start] GC(1) ClassLoaderData
[0.769s][debug][gc,phases      ] GC(1) ClassLoaderData 0.012ms
[0.769s][debug][gc,phases,start] GC(1) Trigger cleanups
[0.769s][debug][gc,phases      ] GC(1) Trigger cleanups 0.004ms
[0.769s][debug][gc,phases,start] GC(1) G1 Complete Cleaning
[0.770s][debug][gc,phases      ] GC(1) G1 Complete Cleaning 0.474ms
[0.770s][debug][gc,phases,start] GC(1) Purge Unlinked NMethods
[0.770s][debug][gc,phases      ] GC(1) Purge Unlinked NMethods 0.007ms
[0.770s][debug][gc,phases,start] GC(1) Unregister NMethods
[0.770s][debug][gc,phases      ] GC(1) Unregister NMethods 0.086ms
[0.770s][debug][gc,phases,start] GC(1) Free Code Blobs
[0.770s][debug][gc,phases      ] GC(1) Free Code Blobs 0.008ms
[0.770s][debug][gc,phases,start] GC(1) Purge Class Loader Data
[0.770s][debug][gc,phases      ] GC(1) Purge Class Loader Data 0.013ms
[0.770s][debug][gc,phases      ] GC(1) Phase 1: Class Unloading and Cleanup 0.679ms
[0.770s][debug][gc,phases,start] GC(1) Report Object Count
[0.770s][debug][gc,phases      ] GC(1) Report Object Count 0.006ms
[0.770s][info ][gc,phases      ] GC(1) Phase 1: Mark live objects 3.249ms
[0.770s][info ][gc,phases,start] GC(1) Phase 2: Prepare compaction
[0.770s][debug][gc,phases,start] GC(1) Phase 2: Determine work lists
[0.770s][debug][gc,phases      ] GC(1) Phase 2: Determine work lists 0.014ms
[0.770s][debug][gc,phases,start] GC(1) Phase 2: Prepare parallel compaction
[0.774s][debug][gc,phases      ] GC(1) Phase 2: Prepare parallel compaction 4.042ms
[0.774s][info ][gc,phases      ] GC(1) Phase 2: Prepare compaction 4.102ms
[0.774s][info ][gc,phases,start] GC(1) Phase 3: Adjust pointers
[0.775s][info ][gc,phases      ] GC(1) Phase 3: Adjust pointers 1.208ms
[0.775s][info ][gc,phases,start] GC(1) Phase 4: Compact heap
[0.776s][info ][gc,phases      ] GC(1) Phase 4: Compact heap 1.224ms
[0.776s][info ][gc,phases,start] GC(1) Phase 5: Reset Metadata
[0.777s][info ][gc,phases      ] GC(1) Phase 5: Reset Metadata 0.416ms
[0.777s][debug][gc,ergo        ] GC(1) Running G1 Clear Bitmap with 4 workers for 4 work units.
[0.778s][debug][gc,ergo,heap   ] GC(1) Attempt heap shrinking (capacity higher than max desired capacity). Capacity: 236978176B occupancy: 7340032B live: 3220888B maximum_desired_capacity: 24466773B (70 %)
[0.778s][debug][gc,heap,region ] GC(1) Deactivate regions [766, 768)
[0.778s][debug][gc,heap,region ] GC(1) Deactivate regions [210, 224)
[0.778s][debug][gc,heap,region ] GC(1) Deactivate regions [22, 208)
[0.778s][debug][gc,ergo,heap   ] GC(1) Shrink the heap. requested shrinking amount: 212511403B aligned shrinking amount: 211812352B actual amount shrunk: 211812352B
[0.778s][debug][gc,heap        ] GC(1) Uncommittable regions after shrink: 202
[0.778s][debug][gc,ihop        ] GC(1) Target occupancy update: old: 234881024B, new: 25165824B
[0.778s][debug][gc,task        ] GC(1) G1 Service Thread (G1 Uncommit Region Task) (register)
[0.778s][debug][gc,task,start  ] G1 Service Thread (G1 Uncommit Region Task) (run 0.043ms after schedule)
[0.779s][debug][gc,alloc,stats ] Old generation allocation in the last mutator period, old gen allocated: 0B, humongous allocated: 0B, old gen growth: 0B.
[0.779s][debug][gc,remset      ] GC(1) Coarsening (recent): Inline->AoC 0 (0) AoC->Howl 0 (0) Howl->Full 0 (0) Inline->AoC 0 (0) AoC->BitMap 0 (0) BitMap->Full 0 (0) 
[0.779s][debug][gc,remset      ] GC(1) Coarsening (all): Inline->AoC 0 (0) AoC->Howl 0 (0) Howl->Full 0 (0) Inline->AoC 0 (0) AoC->BitMap 0 (0) BitMap->Full 0 (0) 
[0.779s][info ][gc,heap        ] GC(1) Eden regions: 4->0(11)
[0.779s][info ][gc,heap        ] GC(1) Survivor regions: 2->0(2)
[0.779s][info ][gc,heap        ] GC(1) Old regions: 3->7
[0.779s][info ][gc,heap        ] GC(1) Humongous regions: 0->0
[0.779s][info ][gc,metaspace   ] GC(1) Metaspace: 4498K(4736K)->4498K(4736K) NonClass: 3962K(4096K)->3962K(4096K) Class: 536K(640K)->536K(640K)
[0.779s][debug][gc,heap        ] GC(1) Heap after GC invocations=2 (full 1):
[0.779s][debug][gc,heap        ] GC(1)  garbage-first heap   total reserved 786432K, committed 24576K, used 3145K [0x00000007d0000000, 0x0000000800000000)
[0.779s][debug][gc,heap        ] GC(1)   region size 1024K, 0 young (0K), 0 survivors (0K)
[0.779s][debug][gc,heap        ] GC(1)  Metaspace       used 4498K, committed 4736K, reserved 1114112K
[0.779s][debug][gc,heap        ] GC(1)   class space    used 536K, committed 640K, reserved 1048576K
[0.780s][info ][gc             ] GC(1) Pause Full (System.gc()) 6M->3M(24M) 13.396ms
[0.780s][info ][gc,cpu         ] GC(1) User=0.02s Sys=0.01s Real=0.01s
[0.781s][debug][gc,heap,region ] Uncommit regions [22, 150)
[0.781s][debug][gc,task        ] G1 Service Thread (G1 Uncommit Region Task) (run: 2.616ms) (cpu: 2.616ms)
[0.781s][debug][gc,task,start  ] G1 Service Thread (Card Set Free Memory Task) (run 2.042ms after schedule)
[0.781s][debug][gc,task        ] G1 Service Thread (Card Set Free Memory Task) (run: 0.010ms) (cpu: 0.010ms)
[0.795s][debug][gc,task,start  ] G1 Service Thread (G1 Uncommit Region Task) (run 3.840ms after schedule)
[0.795s][debug][gc,heap,region ] Uncommit regions [150, 208)
[0.796s][debug][gc,heap,region ] Uncommit regions [210, 224)
[0.796s][debug][gc,heap,region ] Uncommit regions [766, 768)
[0.796s][debug][gc,heap        ] Concurrent Uncommit Summary: 202M, 202 regions, 2.291ms
[0.796s][debug][gc,task        ] G1 Service Thread (G1 Uncommit Region Task) (run: 1.233ms) (cpu: 1.233ms)
Event: jdk.GarbageCollection {
  startTime = 00:42:42.774 (2024-04-29)
  duration = 12.7 ms
  gcId = 1
  name = "G1Full"
  cause = "System.gc()"
  sumOfPauses = 12.7 ms
  longestPause = 12.7 ms
  eventThread = "VM Thread" (osThreadId = 18435)
}


[0.930s][debug][gc,refine      ] Stopping 0
[0.931s][debug][gc,task        ] G1 Service Thread (stopping)
[0.931s][info ][gc,heap,exit   ] Heap
[0.931s][info ][gc,heap,exit   ]  garbage-first heap   total reserved 786432K, committed 24576K, used 9060K [0x00000007d0000000, 0x0000000800000000)
[0.931s][info ][gc,heap,exit   ]   region size 1024K, 6 young (6144K), 0 survivors (0K)
[0.931s][info ][gc,heap,exit   ]  Metaspace       used 5730K, committed 6016K, reserved 1114112K
[0.931s][info ][gc,heap,exit   ]   class space    used 669K, committed 768K, reserved 1048576K
----------System.err:(1/15)----------
STATUS:Passed.
----------rerun:(39/4081)*----------
cd /Users/runner/work/openjdk/openjdk/build/run-test-prebuilt/test-support/jtreg_test_jdk_tier1/scratch/0 && \\
HOME=/Users/runner \\
LANG=en_US.UTF-8 \\
LC_ALL=C \\
LC_CTYPE=en_US.UTF-8 \\
PATH=/bin:/usr/bin:/usr/sbin \\
TEST_IMAGE_DIR=/Users/runner/work/openjdk/openjdk/bundles/tests \\
CLASSPATH=/Users/runner/work/openjdk/openjdk/build/run-test-prebuilt/test-support/jtreg_test_jdk_tier1/classes/0/jdk/jfr/event/gc/collection/TestGCGarbageCollectionEvent.d:/Users/runner/work/openjdk/openjdk/test/jdk/jdk/jfr/event/gc/collection:/Users/runner/work/openjdk/openjdk/build/run-test-prebuilt/test-support/jtreg_test_jdk_tier1/classes/0/test/lib:/Users/runner/work/openjdk/openjdk/test/lib:/Users/runner/work/openjdk/openjdk/jtreg/installed/lib/javatest.jar:/Users/runner/work/openjdk/openjdk/jtreg/installed/lib/jtreg.jar \\
    /Users/runner/work/openjdk/openjdk/bundles/jdk/jdk-23.jdk/Contents/Home/bin/java \\
        -Dtest.vm.opts='-Xmx768m -XX:MaxRAMPercentage=12.5 -Dtest.boot.jdk=/Users/runner/work/openjdk/openjdk/bootjdk/jdk -Djava.io.tmpdir=/Users/runner/work/openjdk/openjdk/build/run-test-prebuilt/test-support/jtreg_test_jdk_tier1/tmp -ea -esa' \\
        -Dtest.tool.vm.opts='-J-Xmx768m -J-XX:MaxRAMPercentage=12.5 -J-Dtest.boot.jdk=/Users/runner/work/openjdk/openjdk/bootjdk/jdk -J-Djava.io.tmpdir=/Users/runner/work/openjdk/openjdk/build/run-test-prebuilt/test-support/jtreg_test_jdk_tier1/tmp -J-ea -J-esa' \\
        -Dtest.compiler.opts= \\
        -Dtest.java.opts=-XX:-CreateCoredumpOnCrash \\
        -Dtest.jdk=/Users/runner/work/openjdk/openjdk/bundles/jdk/jdk-23.jdk/Contents/Home \\
        -Dcompile.jdk=/Users/runner/work/openjdk/openjdk/bundles/jdk/jdk-23.jdk/Contents/Home \\
        -Dtest.timeout.factor=4.0 \\
        -Dtest.nativepath=/Users/runner/work/openjdk/openjdk/bundles/tests/jdk/jtreg/native \\
        -Dtest.root=/Users/runner/work/openjdk/openjdk/test/jdk \\
        -Dtest.name=jdk/jfr/event/gc/collection/TestGCGarbageCollectionEvent.java \\
        -Dtest.file=/Users/runner/work/openjdk/openjdk/test/jdk/jdk/jfr/event/gc/collection/TestGCGarbageCollectionEvent.java \\
        -Dtest.src=/Users/runner/work/openjdk/openjdk/test/jdk/jdk/jfr/event/gc/collection \\
        -Dtest.src.path=/Users/runner/work/openjdk/openjdk/test/jdk/jdk/jfr/event/gc/collection:/Users/runner/work/openjdk/openjdk/test/lib \\
        -Dtest.classes=/Users/runner/work/openjdk/openjdk/build/run-test-prebuilt/test-support/jtreg_test_jdk_tier1/classes/0/jdk/jfr/event/gc/collection/TestGCGarbageCollectionEvent.d \\
        -Dtest.class.path=/Users/runner/work/openjdk/openjdk/build/run-test-prebuilt/test-support/jtreg_test_jdk_tier1/classes/0/jdk/jfr/event/gc/collection/TestGCGarbageCollectionEvent.d:/Users/runner/work/openjdk/openjdk/build/run-test-prebuilt/test-support/jtreg_test_jdk_tier1/classes/0/test/lib \\
        -Dtest.class.path.prefix=/Users/runner/work/openjdk/openjdk/build/run-test-prebuilt/test-support/jtreg_test_jdk_tier1/classes/0/jdk/jfr/event/gc/collection/TestGCGarbageCollectionEvent.d:/Users/runner/work/openjdk/openjdk/test/jdk/jdk/jfr/event/gc/collection:/Users/runner/work/openjdk/openjdk/build/run-test-prebuilt/test-support/jtreg_test_jdk_tier1/classes/0/test/lib \\
        -Dtest.modules='jdk.jfr java.management' \\
        --add-modules jdk.jfr,java.management \\
        -Xmx768m \\
        -XX:MaxRAMPercentage=12.5 \\
        -Dtest.boot.jdk=/Users/runner/work/openjdk/openjdk/bootjdk/jdk \\
        -Djava.io.tmpdir=/Users/runner/work/openjdk/openjdk/build/run-test-prebuilt/test-support/jtreg_test_jdk_tier1/tmp \\
        -ea \\
        -esa \\
        -XX:-CreateCoredumpOnCrash \\
        -Djava.library.path=/Users/runner/work/openjdk/openjdk/bundles/tests/jdk/jtreg/native \\
        -Xlog:gc*=debug \\
        -XX:+UnlockExperimentalVMOptions \\
        -XX:-UseFastUnorderedTimeStamps \\
        com.sun.javatest.regtest.agent.MainWrapper /Users/runner/work/openjdk/openjdk/build/run-test-prebuilt/test-support/jtreg_test_jdk_tier1/jdk/jfr/event/gc/collection/TestGCGarbageCollectionEvent.d/main.0.jta
result: Passed. Execution successful


test result: Passed. Execution successful
